Archive member included to satisfy reference by file (symbol)

c:/stm32toolchain/gcc-arm/bin/../lib/gcc/arm-none-eabi/5.4.1/armv7-m\libgcc.a(unwind-arm.o)
                              ./system/src/newlib/_cxx.o (__aeabi_unwind_cpp_pr1)
c:/stm32toolchain/gcc-arm/bin/../lib/gcc/arm-none-eabi/5.4.1/armv7-m\libgcc.a(libunwind.o)
                              c:/stm32toolchain/gcc-arm/bin/../lib/gcc/arm-none-eabi/5.4.1/armv7-m\libgcc.a(unwind-arm.o) (restore_core_regs)
c:/stm32toolchain/gcc-arm/bin/../lib/gcc/arm-none-eabi/5.4.1/armv7-m\libgcc.a(pr-support.o)
                              c:/stm32toolchain/gcc-arm/bin/../lib/gcc/arm-none-eabi/5.4.1/armv7-m\libgcc.a(unwind-arm.o) (__gnu_unwind_execute)
c:/stm32toolchain/gcc-arm/bin/../lib/gcc/arm-none-eabi/5.4.1/../../../../arm-none-eabi/lib/armv7-m\libg_nano.a(lib_a-errno.o)
                              ./system/src/newlib/_sbrk.o (__errno)
c:/stm32toolchain/gcc-arm/bin/../lib/gcc/arm-none-eabi/5.4.1/../../../../arm-none-eabi/lib/armv7-m\libg_nano.a(lib_a-impure.o)
                              c:/stm32toolchain/gcc-arm/bin/../lib/gcc/arm-none-eabi/5.4.1/../../../../arm-none-eabi/lib/armv7-m\libg_nano.a(lib_a-errno.o) (_impure_ptr)
c:/stm32toolchain/gcc-arm/bin/../lib/gcc/arm-none-eabi/5.4.1/../../../../arm-none-eabi/lib/armv7-m\libg_nano.a(lib_a-init.o)
                              ./system/src/cmsis/startup_stm32l162xd.o (__libc_init_array)
c:/stm32toolchain/gcc-arm/bin/../lib/gcc/arm-none-eabi/5.4.1/../../../../arm-none-eabi/lib/armv7-m\libg_nano.a(lib_a-memcpy-stub.o)
                              ./src/PN532.o (memcpy)
c:/stm32toolchain/gcc-arm/bin/../lib/gcc/arm-none-eabi/5.4.1/../../../../arm-none-eabi/lib/armv7-m\libg_nano.a(lib_a-memset.o)
                              ./src/PN532.o (memset)
c:/stm32toolchain/gcc-arm/bin/../lib/gcc/arm-none-eabi/5.4.1/../../../../arm-none-eabi/lib/armv7-m\libg_nano.a(lib_a-strlen.o)
                              ./system/src/diag/Trace.o (strlen)
c:/stm32toolchain/gcc-arm/bin/../lib/gcc/arm-none-eabi/5.4.1/../../../../arm-none-eabi/lib/armv7-m\libg_nano.a(lib_a-strncmp.o)
                              ./src/PN532.o (strncmp)
c:/stm32toolchain/gcc-arm/bin/../lib/gcc/arm-none-eabi/5.4.1/../../../../arm-none-eabi/lib/armv7-m\libg_nano.a(lib_a-vsnprintf.o)
                              ./system/src/diag/Trace.o (vsnprintf)
c:/stm32toolchain/gcc-arm/bin/../lib/gcc/arm-none-eabi/5.4.1/../../../../arm-none-eabi/lib/armv7-m\libg_nano.a(lib_a-nano-svfprintf.o)
                              c:/stm32toolchain/gcc-arm/bin/../lib/gcc/arm-none-eabi/5.4.1/../../../../arm-none-eabi/lib/armv7-m\libg_nano.a(lib_a-vsnprintf.o) (_svfprintf_r)
c:/stm32toolchain/gcc-arm/bin/../lib/gcc/arm-none-eabi/5.4.1/../../../../arm-none-eabi/lib/armv7-m\libg_nano.a(lib_a-nano-vfprintf_i.o)
                              c:/stm32toolchain/gcc-arm/bin/../lib/gcc/arm-none-eabi/5.4.1/../../../../arm-none-eabi/lib/armv7-m\libg_nano.a(lib_a-nano-svfprintf.o) (_printf_i)
c:/stm32toolchain/gcc-arm/bin/../lib/gcc/arm-none-eabi/5.4.1/../../../../arm-none-eabi/lib/armv7-m\libg_nano.a(lib_a-memchr-stub.o)
                              c:/stm32toolchain/gcc-arm/bin/../lib/gcc/arm-none-eabi/5.4.1/../../../../arm-none-eabi/lib/armv7-m\libg_nano.a(lib_a-nano-svfprintf.o) (memchr)
c:/stm32toolchain/gcc-arm/bin/../lib/gcc/arm-none-eabi/5.4.1/../../../../arm-none-eabi/lib/armv7-m\libg_nano.a(lib_a-memmove.o)
                              c:/stm32toolchain/gcc-arm/bin/../lib/gcc/arm-none-eabi/5.4.1/../../../../arm-none-eabi/lib/armv7-m\libg_nano.a(lib_a-nano-svfprintf.o) (memmove)
c:/stm32toolchain/gcc-arm/bin/../lib/gcc/arm-none-eabi/5.4.1/../../../../arm-none-eabi/lib/armv7-m\libg_nano.a(lib_a-nano-freer.o)
                              c:/stm32toolchain/gcc-arm/bin/../lib/gcc/arm-none-eabi/5.4.1/../../../../arm-none-eabi/lib/armv7-m\libg_nano.a(lib_a-nano-svfprintf.o) (_free_r)
c:/stm32toolchain/gcc-arm/bin/../lib/gcc/arm-none-eabi/5.4.1/../../../../arm-none-eabi/lib/armv7-m\libg_nano.a(lib_a-nano-mallocr.o)
                              c:/stm32toolchain/gcc-arm/bin/../lib/gcc/arm-none-eabi/5.4.1/../../../../arm-none-eabi/lib/armv7-m\libg_nano.a(lib_a-nano-svfprintf.o) (_malloc_r)
c:/stm32toolchain/gcc-arm/bin/../lib/gcc/arm-none-eabi/5.4.1/../../../../arm-none-eabi/lib/armv7-m\libg_nano.a(lib_a-nano-reallocr.o)
                              c:/stm32toolchain/gcc-arm/bin/../lib/gcc/arm-none-eabi/5.4.1/../../../../arm-none-eabi/lib/armv7-m\libg_nano.a(lib_a-nano-svfprintf.o) (_realloc_r)
c:/stm32toolchain/gcc-arm/bin/../lib/gcc/arm-none-eabi/5.4.1/../../../../arm-none-eabi/lib/armv7-m\libg_nano.a(lib_a-sbrkr.o)
                              c:/stm32toolchain/gcc-arm/bin/../lib/gcc/arm-none-eabi/5.4.1/../../../../arm-none-eabi/lib/armv7-m\libg_nano.a(lib_a-nano-mallocr.o) (_sbrk_r)
c:/stm32toolchain/gcc-arm/bin/../lib/gcc/arm-none-eabi/5.4.1/../../../../arm-none-eabi/lib/armv7-m\libg_nano.a(lib_a-mlock.o)
[...]
Memory Configuration

Name             Origin             Length             Attributes
FLASH            0x08000000         0x00060000         xr
RAM              0x20000000         0x0000c000         xrw
CCMRAM           0x10000000         0x00000000         xrw
FLASHB1          0x00000000         0x00000000         xr
EXTMEMB0         0x00000000         0x00000000         xr
EXTMEMB1         0x00000000         0x00000000         xr
EXTMEMB2         0x00000000         0x00000000         xr
EXTMEMB3         0x00000000         0x00000000         xr
*default*        0x00000000         0xffffffff

Linker script and memory map

LOAD ./system/src/stm32l1xx/stm32l1xx_hal.o
LOAD ./system/src/stm32l1xx/stm32l1xx_hal_cortex.o
LOAD ./system/src/stm32l1xx/stm32l1xx_hal_dma.o
LOAD ./system/src/stm32l1xx/stm32l1xx_hal_flash.o
LOAD ./system/src/stm32l1xx/stm32l1xx_hal_flash_ex.o
LOAD ./system/src/stm32l1xx/stm32l1xx_hal_flash_ramfunc.o
LOAD ./system/src/stm32l1xx/stm32l1xx_hal_gpio.o
LOAD ./system/src/stm32l1xx/stm32l1xx_hal_i2c.o
LOAD ./system/src/stm32l1xx/stm32l1xx_hal_pwr.o
LOAD ./system/src/stm32l1xx/stm32l1xx_hal_pwr_ex.o
LOAD ./system/src/stm32l1xx/stm32l1xx_hal_rcc.o
LOAD ./system/src/stm32l1xx/stm32l1xx_hal_rcc_ex.o
LOAD ./system/src/stm32l1xx/stm32l1xx_hal_tim.o
LOAD ./system/src/stm32l1xx/stm32l1xx_hal_tim_ex.o
LOAD ./system/src/stm32l1xx/stm32l1xx_hal_uart.o
LOAD ./system/src/newlib/_cxx.o
LOAD ./system/src/newlib/_exit.o
LOAD ./system/src/newlib/_sbrk.o
LOAD ./system/src/newlib/_startup.o
LOAD ./system/src/newlib/_syscalls.o
LOAD ./system/src/newlib/assert.o
LOAD ./system/src/diag/Trace.o
LOAD ./system/src/diag/trace_impl.o
LOAD ./system/src/cortexm/_initialize_hardware.o
LOAD ./system/src/cortexm/_reset_hardware.o
LOAD ./system/src/cortexm/exception_handlers.o
LOAD ./system/src/cmsis/startup_stm32l162xd.o
LOAD ./system/src/cmsis/system_stm32l1xx.o
LOAD ./src/PN532.o
LOAD ./src/main.o
LOAD ./src/stm32l1xx_hal_msp.o
LOAD ./src/stm32l1xx_it.o
LOAD c:/stm32toolchain/gcc-arm/bin/../lib/gcc/arm-none-eabi/5.4.1/../../../../arm-none-eabi/lib/armv7-m\libstdc++_nano.a
LOAD c:/stm32toolchain/gcc-arm/bin/../lib/gcc/arm-none-eabi/5.4.1/../../../../arm-none-eabi/lib/armv7-m\libm.a
START GROUP
LOAD c:/stm32toolchain/gcc-arm/bin/../lib/gcc/arm-none-eabi/5.4.1/armv7-m\libgcc.a
LOAD c:/stm32toolchain/gcc-arm/bin/../lib/gcc/arm-none-eabi/5.4.1/../../../../arm-none-eabi/lib/armv7-m\libg_nano.a
LOAD c:/stm32toolchain/gcc-arm/bin/../lib/gcc/arm-none-eabi/5.4.1/../../../../arm-none-eabi/lib/armv7-m\libc_nano.a
END GROUP
START GROUP
LOAD c:/stm32toolchain/gcc-arm/bin/../lib/gcc/arm-none-eabi/5.4.1/armv7-m\libgcc.a
LOAD c:/stm32toolchain/gcc-arm/bin/../lib/gcc/arm-none-eabi/5.4.1/../../../../arm-none-eabi/lib/armv7-m\libc_nano.a
END GROUP
                0x2000c000                __stack = (ORIGIN (RAM) + LENGTH (RAM))
                0x2000c000                _estack = __stack
                0x00000400                __Main_Stack_Size = 0x400
                [!provide]                PROVIDE (_Main_Stack_Size, __Main_Stack_Size)
                0x2000bc00                __Main_Stack_Limit = (__stack - __Main_Stack_Size)
                [!provide]                PROVIDE (_Main_Stack_Limit, __Main_Stack_Limit)
                0x00000100                _Minimum_Stack_Size = 0x100
                0x20000290                PROVIDE (_Heap_Begin, _end_noinit)
                0x2000bc00                PROVIDE (_Heap_Limit, (__stack - __Main_Stack_Size))

.isr_vector     0x08000000      0x354
 FILL mask 0xff
                0x08000000                __vectors_start = ABSOLUTE (.)
                0x08000000                __vectors_start__ = ABSOLUTE (.)
 *(.isr_vector)
 .isr_vector    0x08000000      0x13c ./system/src/cmsis/startup_stm32l162xd.o
                0x08000000                g_pfnVectors
 *(.cfmconfig)
 *(.after_vectors .after_vectors.*)
 .after_vectors
                0x0800013c      0x114 ./system/src/newlib/_startup.o
                0x0800013c                _start
 .after_vectors
                0x08000250      0x104 ./system/src/cortexm/exception_handlers.o
                0x08000250                Reset_Handler
                0x08000270                HardFault_Handler_C
                0x080002bc                BusFault_Handler_C
                0x08000304                UsageFault_Handler_C

.inits          0x08000354       0x28
                0x08000354                __data_regions_array_start = .
                0x08000354        0x4 LONG 0x8003ad8 LOADADDR (.data)
                0x08000358        0x4 LONG 0x20000000 ADDR (.data)
                0x0800035c        0x4 LONG 0x2000007c (ADDR (.data) + SIZEOF (.data))
                0x08000360        0x4 LONG 0x8003ad8 LOADADDR (.data_CCMRAM)
                0x08000364        0x4 LONG 0x10000000 ADDR (.data_CCMRAM)
                0x08000368        0x4 LONG 0x10000000 (ADDR (.data_CCMRAM) + SIZEOF (.data_CCMRAM))
                0x0800036c                __data_regions_array_end = .
                0x0800036c                __bss_regions_array_start = .
                0x0800036c        0x4 LONG 0x2000007c ADDR (.bss)
                0x08000370        0x4 LONG 0x20000290 (ADDR (.bss) + SIZEOF (.bss))
                0x08000374        0x4 LONG 0x10000000 ADDR (.bss_CCMRAM)
                0x08000378        0x4 LONG 0x10000000 (ADDR (.bss_CCMRAM) + SIZEOF (.bss_CCMRAM))
                0x0800037c                __bss_regions_array_end = .
 *(.init)
 *(.fini)
                0x0800037c                . = ALIGN (0x4)
                0x0800037c                PROVIDE (__preinit_array_start, .)
 *(.preinit_array_sysinit .preinit_array_sysinit.*)
 *(.preinit_array_platform .preinit_array_platform.*)
 *(.preinit_array .preinit_array.*)
                0x0800037c                PROVIDE (__preinit_array_end, .)
                0x0800037c                . = ALIGN (0x4)
                0x0800037c                PROVIDE (__init_array_start, .)
 *(SORT(.init_array.*))
 *(.init_array)
                0x0800037c                PROVIDE (__init_array_end, .)
                0x0800037c                . = ALIGN (0x4)
                0x0800037c                PROVIDE (__fini_array_start, .)
 *(SORT(.fini_array.*))
 *(.fini_array)
                0x0800037c                PROVIDE (__fini_array_end, .)

.flashtext
 *(.flashtext .flashtext.*)

.text           0x0800037c     0x3759
 *(.text .text.*)
 .text.HAL_InitTick
                0x0800037c       0x2c ./system/src/stm32l1xx/stm32l1xx_hal.o
                0x0800037c                HAL_InitTick
 .text.HAL_Init
                0x080003a8       0x18 ./system/src/stm32l1xx/stm32l1xx_hal.o
                0x080003a8                HAL_Init
 .text.HAL_IncTick
                0x080003c0       0x10 ./system/src/stm32l1xx/stm32l1xx_hal.o
                0x080003c0                HAL_IncTick
 .text.HAL_GetTick
                0x080003d0        0xc ./system/src/stm32l1xx/stm32l1xx_hal.o
                0x080003d0                HAL_GetTick
 .text.HAL_Delay
                0x080003dc       0x1c ./system/src/stm32l1xx/stm32l1xx_hal.o
                0x080003dc                HAL_Delay
 .text.HAL_SuspendTick
                0x080003f8       0x10 ./system/src/stm32l1xx/stm32l1xx_hal.o
                0x080003f8                HAL_SuspendTick
 .text.HAL_ResumeTick
                0x08000408       0x10 ./system/src/stm32l1xx/stm32l1xx_hal.o
                0x08000408                HAL_ResumeTick
 .text.HAL_NVIC_SetPriorityGrouping
                0x08000418       0x24 ./system/src/stm32l1xx/stm32l1xx_hal_cortex.o
                0x08000418                HAL_NVIC_SetPriorityGrouping
 .text.HAL_NVIC_SetPriority
                0x0800043c       0x64 ./system/src/stm32l1xx/stm32l1xx_hal_cortex.o
                0x0800043c                HAL_NVIC_SetPriority
 .text.HAL_NVIC_EnableIRQ
                0x080004a0       0x18 ./system/src/stm32l1xx/stm32l1xx_hal_cortex.o
                0x080004a0                HAL_NVIC_EnableIRQ
 .text.HAL_NVIC_DisableIRQ
                0x080004b8       0x1c ./system/src/stm32l1xx/stm32l1xx_hal_cortex.o
                0x080004b8                HAL_NVIC_DisableIRQ
 .text.HAL_SYSTICK_Config
                0x080004d4       0x2c ./system/src/stm32l1xx/stm32l1xx_hal_cortex.o
                0x080004d4                HAL_SYSTICK_Config
 .text.HAL_SYSTICK_CLKSourceConfig
                0x08000500       0x20 ./system/src/stm32l1xx/stm32l1xx_hal_cortex.o
                0x08000500                HAL_SYSTICK_CLKSourceConfig
 .text.HAL_SYSTICK_Callback
                0x08000520        0x4 ./system/src/stm32l1xx/stm32l1xx_hal_cortex.o
                0x08000520                HAL_SYSTICK_Callback
 .text.HAL_SYSTICK_IRQHandler
                0x08000524        0x8 ./system/src/stm32l1xx/stm32l1xx_hal_cortex.o
                0x08000524                HAL_SYSTICK_IRQHandler
 .text.HAL_GPIO_Init
                0x0800052c      0x1ac ./system/src/stm32l1xx/stm32l1xx_hal_gpio.o
                0x0800052c                HAL_GPIO_Init
 .text.HAL_GPIO_DeInit
                0x080006d8      0x10c ./system/src/stm32l1xx/stm32l1xx_hal_gpio.o
                0x080006d8                HAL_GPIO_DeInit
 .text.HAL_GPIO_ReadPin
                0x080007e4       0x10 ./system/src/stm32l1xx/stm32l1xx_hal_gpio.o
                0x080007e4                HAL_GPIO_ReadPin
 .text.HAL_GPIO_WritePin
                0x080007f4        0xc ./system/src/stm32l1xx/stm32l1xx_hal_gpio.o
                0x080007f4                HAL_GPIO_WritePin
 .text.HAL_GPIO_TogglePin
                0x08000800        0x8 ./system/src/stm32l1xx/stm32l1xx_hal_gpio.o
                0x08000800                HAL_GPIO_TogglePin
 .text.HAL_GPIO_EXTI_IRQHandler
                0x08000808       0x18 ./system/src/stm32l1xx/stm32l1xx_hal_gpio.o
                0x08000808                HAL_GPIO_EXTI_IRQHandler
 .text.I2C_IsAcknowledgeFailed
                0x08000820       0x2c ./system/src/stm32l1xx/stm32l1xx_hal_i2c.o
 .text.I2C_WaitOnFlagUntilTimeout
                0x0800084c       0x68 ./system/src/stm32l1xx/stm32l1xx_hal_i2c.o
 .text.I2C_WaitOnMasterAddressFlagUntilTimeout
                0x080008b4       0x94 ./system/src/stm32l1xx/stm32l1xx_hal_i2c.o
 .text.I2C_MasterRequestWrite
                0x08000948       0xc0 ./system/src/stm32l1xx/stm32l1xx_hal_i2c.o
 .text.I2C_MasterRequestRead
                0x08000a08      0x124 ./system/src/stm32l1xx/stm32l1xx_hal_i2c.o
 .text.I2C_WaitOnTXEFlagUntilTimeout
                0x08000b2c       0x50 ./system/src/stm32l1xx/stm32l1xx_hal_i2c.o
 .text.I2C_WaitOnBTFFlagUntilTimeout
                0x08000b7c       0x50 ./system/src/stm32l1xx/stm32l1xx_hal_i2c.o
 .text.I2C_WaitOnRXNEFlagUntilTimeout
                0x08000bcc       0x60 ./system/src/stm32l1xx/stm32l1xx_hal_i2c.o
 .text.HAL_I2C_Init
                0x08000c2c      0x164 ./system/src/stm32l1xx/stm32l1xx_hal_i2c.o
                0x08000c2c                HAL_I2C_Init
 .text.HAL_I2C_Master_Transmit
                0x08000d90      0x17c ./system/src/stm32l1xx/stm32l1xx_hal_i2c.o
                0x08000d90                HAL_I2C_Master_Transmit
 .text.HAL_I2C_Master_Receive
                0x08000f0c      0x2fc ./system/src/stm32l1xx/stm32l1xx_hal_i2c.o
                0x08000f0c                HAL_I2C_Master_Receive
 .text.HAL_PWR_EnterSLEEPMode
                0x08001208       0x30 ./system/src/stm32l1xx/stm32l1xx_hal_pwr.o
                0x08001208                HAL_PWR_EnterSLEEPMode
 .text.HAL_PWREx_GetVoltageRange
                0x08001238       0x10 ./system/src/stm32l1xx/stm32l1xx_hal_pwr_ex.o
                0x08001238                HAL_PWREx_GetVoltageRange
 .text.RCC_SetFlashLatencyFromMSIRange
                0x08001248       0x90 ./system/src/stm32l1xx/stm32l1xx_hal_rcc.o
 .text.HAL_RCC_OscConfig
                0x080012d8      0x79c ./system/src/stm32l1xx/stm32l1xx_hal_rcc.o
                0x080012d8                HAL_RCC_OscConfig
 .text.HAL_RCC_GetSysClockFreq
                0x08001a74       0xa0 ./system/src/stm32l1xx/stm32l1xx_hal_rcc.o
                0x08001a74                HAL_RCC_GetSysClockFreq
 .text.HAL_RCC_ClockConfig
                0x08001b14      0x25c ./system/src/stm32l1xx/stm32l1xx_hal_rcc.o
                0x08001b14                HAL_RCC_ClockConfig
 .text.HAL_RCC_GetHCLKFreq
                0x08001d70        0xc ./system/src/stm32l1xx/stm32l1xx_hal_rcc.o
                0x08001d70                HAL_RCC_GetHCLKFreq
 .text.HAL_RCC_GetPCLK1Freq
                0x08001d7c       0x30 ./system/src/stm32l1xx/stm32l1xx_hal_rcc.o
                0x08001d7c                HAL_RCC_GetPCLK1Freq
 .text.HAL_RCC_GetPCLK2Freq
                0x08001dac       0x30 ./system/src/stm32l1xx/stm32l1xx_hal_rcc.o
                0x08001dac                HAL_RCC_GetPCLK2Freq
 .text.UART_SetConfig
                0x08001ddc      0x314 ./system/src/stm32l1xx/stm32l1xx_hal_uart.o
 .text.UART_WaitOnFlagUntilTimeout
                0x080020f0       0xd4 ./system/src/stm32l1xx/stm32l1xx_hal_uart.o
 .text.HAL_UART_Init
                0x080021c4       0x60 ./system/src/stm32l1xx/stm32l1xx_hal_uart.o
                0x080021c4                HAL_UART_Init
 .text.HAL_UART_DeInit
                0x08002224       0x3c ./system/src/stm32l1xx/stm32l1xx_hal_uart.o
                0x08002224                HAL_UART_DeInit
 .text.HAL_UART_Transmit
                0x08002260       0xec ./system/src/stm32l1xx/stm32l1xx_hal_uart.o
                0x08002260                HAL_UART_Transmit
 .text._exit    0x0800234c        0x4 ./system/src/newlib/_exit.o
                0x0800234c                _exit
 .text._sbrk    0x08002350       0x44 ./system/src/newlib/_sbrk.o
                0x08002350                _sbrk
 .text.__initialize_args
                0x08002394       0x10 ./system/src/newlib/_syscalls.o
                0x08002394                __initialize_args
 .text.trace_printf
                0x080023a4       0x30 ./system/src/diag/Trace.o
                0x080023a4                trace_printf
 .text.trace_write
                0x080023d4        0x8 ./system/src/diag/trace_impl.o
                0x080023d4                trace_write
 .text.__initialize_hardware_early
                0x080023dc       0x18 ./system/src/cortexm/_initialize_hardware.o
                0x080023dc                __initialize_hardware_early
 .text.__initialize_hardware
                0x080023f4        0x8 ./system/src/cortexm/_initialize_hardware.o
                0x080023f4                __initialize_hardware
 .text.dumpExceptionStack
                0x080023fc       0xf0 ./system/src/cortexm/exception_handlers.o
                0x080023fc                dumpExceptionStack
 .text.Default_Handler
                0x080024ec        0x2 ./system/src/cmsis/startup_stm32l162xd.o
                0x080024ec                RTC_Alarm_IRQHandler
                0x080024ec                EXTI2_IRQHandler
                0x080024ec                COMP_ACQ_IRQHandler
                0x080024ec                TIM10_IRQHandler
                0x080024ec                USB_HP_IRQHandler
                0x080024ec                TIM6_IRQHandler
                0x080024ec                PVD_IRQHandler
                0x080024ec                SDIO_IRQHandler
                0x080024ec                EXTI3_IRQHandler
                0x080024ec                EXTI0_IRQHandler
                0x080024ec                I2C2_EV_IRQHandler
                0x080024ec                SPI1_IRQHandler
                0x080024ec                USB_FS_WKUP_IRQHandler
                0x080024ec                DMA2_Channel2_IRQHandler
                0x080024ec                DMA1_Channel4_IRQHandler
                0x080024ec                ADC1_IRQHandler
                0x080024ec                USART3_IRQHandler
                0x080024ec                DMA1_Channel7_IRQHandler
                0x080024ec                LCD_IRQHandler
                0x080024ec                UART5_IRQHandler
                0x080024ec                TIM4_IRQHandler
                0x080024ec                DMA2_Channel1_IRQHandler
                0x080024ec                I2C1_EV_IRQHandler
                0x080024ec                DMA1_Channel6_IRQHandler
                0x080024ec                UART4_IRQHandler
                0x080024ec                DMA2_Channel4_IRQHandler
                0x080024ec                TIM3_IRQHandler
                0x080024ec                RCC_IRQHandler
                0x080024ec                DMA1_Channel1_IRQHandler
                0x080024ec                Default_Handler
                0x080024ec                TIM7_IRQHandler
                0x080024ec                TIM5_IRQHandler
                0x080024ec                EXTI9_5_IRQHandler
                0x080024ec                TIM9_IRQHandler
                0x080024ec                TAMPER_STAMP_IRQHandler
                0x080024ec                RTC_WKUP_IRQHandler
                0x080024ec                SPI2_IRQHandler
                0x080024ec                DMA2_Channel5_IRQHandler
                0x080024ec                DMA1_Channel5_IRQHandler
                0x080024ec                USB_LP_IRQHandler
                0x080024ec                EXTI4_IRQHandler
                0x080024ec                DMA1_Channel3_IRQHandler
                0x080024ec                COMP_IRQHandler
                0x080024ec                WWDG_IRQHandler
                0x080024ec                TIM2_IRQHandler
                0x080024ec                DAC_IRQHandler
                0x080024ec                EXTI1_IRQHandler
                0x080024ec                AES_IRQHandler
                0x080024ec                TIM11_IRQHandler
                0x080024ec                USART2_IRQHandler
                0x080024ec                I2C2_ER_IRQHandler
                0x080024ec                DMA1_Channel2_IRQHandler
                0x080024ec                FLASH_IRQHandler
                0x080024ec                USART1_IRQHandler
                0x080024ec                SPI3_IRQHandler
                0x080024ec                I2C1_ER_IRQHandler
                0x080024ec                DMA2_Channel3_IRQHandler
 *fill*         0x080024ee        0x2 
 .text.SystemInit
                0x080024f0       0x48 ./system/src/cmsis/system_stm32l1xx.o
                0x080024f0                SystemInit
 .text.SystemCoreClockUpdate
                0x08002538       0xc4 ./system/src/cmsis/system_stm32l1xx.o
                0x08002538                SystemCoreClockUpdate
 .text.setI2CInterface_PN532
                0x080025fc        0xc ./src/PN532.o
                0x080025fc                setI2CInterface_PN532
 .text.WRITE_REGISTER_PN532
                0x08002608       0x24 ./src/PN532.o
                0x08002608                WRITE_REGISTER_PN532
 .text.readdata
                0x0800262c       0x2c ./src/PN532.o
                0x0800262c                readdata
 .text.writecommand
                0x08002658       0x60 ./src/PN532.o
                0x08002658                writecommand
 .text.isready  0x080026b8       0x18 ./src/PN532.o
                0x080026b8                isready
 .text.waitready
                0x080026d0       0x28 ./src/PN532.o
                0x080026d0                waitready
 .text.readack  0x080026f8       0x38 ./src/PN532.o
                0x080026f8                readack
 .text.sendCommandCheckAck
                0x08002730       0x20 ./src/PN532.o
                0x08002730                sendCommandCheckAck
 .text.SAMConfig
                0x08002750       0x3c ./src/PN532.o
                0x08002750                SAMConfig
 .text.getFirmwareVersion
                0x0800278c       0x60 ./src/PN532.o
                0x0800278c                getFirmwareVersion
 .text.readPassiveTargetID
                0x080027ec       0x68 ./src/PN532.o
                0x080027ec                readPassiveTargetID
 .text.MX_GPIO_Init
                0x08002854       0xc0 ./src/main.o
 .text.D7SendMessage
                0x08002914      0x130 ./src/main.o
                0x08002914                D7SendMessage
 .text.Error_Handler
                0x08002a44        0x4 ./src/main.o
                0x08002a44                Error_Handler
 .text.MX_I2C1_Init
                0x08002a48       0x38 ./src/main.o
 .text.MX_USART1_UART_Init
                0x08002a80       0x34 ./src/main.o
 .text.MX_USART2_UART_Init
                0x08002ab4       0x34 ./src/main.o
 .text.SleepMode
                0x08002ae8       0x50 ./src/main.o
                0x08002ae8                SleepMode
 .text.SystemClock_Config
                0x08002b38       0x7c ./src/main.o
                0x08002b38                SystemClock_Config
 .text.main     0x08002bb4      0x244 ./src/main.o
                0x08002bb4                main
 .text.HAL_GPIO_EXTI_Callback
                0x08002df8       0x18 ./src/main.o
                0x08002df8                HAL_GPIO_EXTI_Callback
 .text.HAL_MspInit
                0x08002e10       0xa0 ./src/stm32l1xx_hal_msp.o
                0x08002e10                HAL_MspInit
 .text.HAL_I2C_MspInit
                0x08002eb0       0x54 ./src/stm32l1xx_hal_msp.o
                0x08002eb0                HAL_I2C_MspInit
 .text.HAL_UART_MspInit
                0x08002f04       0x8c ./src/stm32l1xx_hal_msp.o
                0x08002f04                HAL_UART_MspInit
 .text.HAL_UART_MspDeInit
                0x08002f90       0x4c ./src/stm32l1xx_hal_msp.o
                0x08002f90                HAL_UART_MspDeInit
 .text.NMI_Handler
                0x08002fdc        0x4 ./src/stm32l1xx_it.o
                0x08002fdc                NMI_Handler
 .text.HardFault_Handler
                0x08002fe0        0x4 ./src/stm32l1xx_it.o
                0x08002fe0                HardFault_Handler
 .text.MemManage_Handler
                0x08002fe4        0x4 ./src/stm32l1xx_it.o
                0x08002fe4                MemManage_Handler
 .text.BusFault_Handler
                0x08002fe8        0x4 ./src/stm32l1xx_it.o
                0x08002fe8                BusFault_Handler
 .text.UsageFault_Handler
                0x08002fec        0x4 ./src/stm32l1xx_it.o
                0x08002fec                UsageFault_Handler
 .text.SVC_Handler
                0x08002ff0        0x4 ./src/stm32l1xx_it.o
                0x08002ff0                SVC_Handler
 .text.DebugMon_Handler
                0x08002ff4        0x4 ./src/stm32l1xx_it.o
                0x08002ff4                DebugMon_Handler
 .text.PendSV_Handler
                0x08002ff8        0x4 ./src/stm32l1xx_it.o
                0x08002ff8                PendSV_Handler
 .text.SysTick_Handler
                0x08002ffc        0xc ./src/stm32l1xx_it.o
                0x08002ffc                SysTick_Handler
 .text.EXTI15_10_IRQHandler
                0x08003008        0xc ./src/stm32l1xx_it.o
                0x08003008                EXTI15_10_IRQHandler
 .text.__errno  0x08003014        0xc c:/stm32toolchain/gcc-arm/bin/../lib/gcc/arm-none-eabi/5.4.1/../../../../arm-none-eabi/lib/armv7-m\libg_nano.a(lib_a-errno.o)
                0x08003014                __errno
 .text.memcpy   0x08003020       0x16 c:/stm32toolchain/gcc-arm/bin/../lib/gcc/arm-none-eabi/5.4.1/../../../../arm-none-eabi/lib/armv7-m\libg_nano.a(lib_a-memcpy-stub.o)
                0x08003020                memcpy
 .text.memset   0x08003036       0x10 c:/stm32toolchain/gcc-arm/bin/../lib/gcc/arm-none-eabi/5.4.1/../../../../arm-none-eabi/lib/armv7-m\libg_nano.a(lib_a-memset.o)
                0x08003036                memset
 .text.strncmp  0x08003046       0x2a c:/stm32toolchain/gcc-arm/bin/../lib/gcc/arm-none-eabi/5.4.1/../../../../arm-none-eabi/lib/armv7-m\libg_nano.a(lib_a-strncmp.o)
                0x08003046                strncmp
 .text._vsnprintf_r
                0x08003070       0x56 c:/stm32toolchain/gcc-arm/bin/../lib/gcc/arm-none-eabi/5.4.1/../../../../arm-none-eabi/lib/armv7-m\libg_nano.a(lib_a-vsnprintf.o)
                0x08003070                _vsniprintf_r
                0x08003070                _vsnprintf_r
 *fill*         0x080030c6        0x2 
 .text.vsnprintf
                0x080030c8       0x1c c:/stm32toolchain/gcc-arm/bin/../lib/gcc/arm-none-eabi/5.4.1/../../../../arm-none-eabi/lib/armv7-m\libg_nano.a(lib_a-vsnprintf.o)
                0x080030c8                vsniprintf
                0x080030c8                vsnprintf
 .text.__ssputs_r
                0x080030e4       0xb2 c:/stm32toolchain/gcc-arm/bin/../lib/gcc/arm-none-eabi/5.4.1/../../../../arm-none-eabi/lib/armv7-m\libg_nano.a(lib_a-nano-svfprintf.o)
                0x080030e4                __ssputs_r
 *fill*         0x08003196        0x2 
 .text._svfprintf_r
                0x08003198      0x1e8 c:/stm32toolchain/gcc-arm/bin/../lib/gcc/arm-none-eabi/5.4.1/../../../../arm-none-eabi/lib/armv7-m\libg_nano.a(lib_a-nano-svfprintf.o)
                0x08003198                _svfiprintf_r
                0x08003198                _svfprintf_r
 .text._printf_common
                0x08003380       0xec c:/stm32toolchain/gcc-arm/bin/../lib/gcc/arm-none-eabi/5.4.1/../../../../arm-none-eabi/lib/armv7-m\libg_nano.a(lib_a-nano-vfprintf_i.o)
                0x08003380                _printf_common
 .text._printf_i
                0x0800346c      0x24c c:/stm32toolchain/gcc-arm/bin/../lib/gcc/arm-none-eabi/5.4.1/../../../../arm-none-eabi/lib/armv7-m\libg_nano.a(lib_a-nano-vfprintf_i.o)
                0x0800346c                _printf_i
 .text.memchr   0x080036b8       0x1c c:/stm32toolchain/gcc-arm/bin/../lib/gcc/arm-none-eabi/5.4.1/../../../../arm-none-eabi/lib/armv7-m\libg_nano.a(lib_a-memchr-stub.o)
                0x080036b8                memchr
 .text.memmove  0x080036d4       0x36 c:/stm32toolchain/gcc-arm/bin/../lib/gcc/arm-none-eabi/5.4.1/../../../../arm-none-eabi/lib/armv7-m\libg_nano.a(lib_a-memmove.o)
                0x080036d4                memmove
 *fill*         0x0800370a        0x2 
 .text._free_r  0x0800370c       0x98 c:/stm32toolchain/gcc-arm/bin/../lib/gcc/arm-none-eabi/5.4.1/../../../../arm-none-eabi/lib/armv7-m\libg_nano.a(lib_a-nano-freer.o)
                0x0800370c                _free_r
 .text._malloc_r
                0x080037a4       0xbc c:/stm32toolchain/gcc-arm/bin/../lib/gcc/arm-none-eabi/5.4.1/../../../../arm-none-eabi/lib/armv7-m\libg_nano.a(lib_a-nano-mallocr.o)
                0x080037a4                _malloc_r
 .text._realloc_r
                0x08003860       0x4c c:/stm32toolchain/gcc-arm/bin/../lib/gcc/arm-none-eabi/5.4.1/../../../../arm-none-eabi/lib/armv7-m\libg_nano.a(lib_a-nano-reallocr.o)
                0x08003860                _realloc_r
 .text._sbrk_r  0x080038ac       0x20 c:/stm32toolchain/gcc-arm/bin/../lib/gcc/arm-none-eabi/5.4.1/../../../../arm-none-eabi/lib/armv7-m\libg_nano.a(lib_a-sbrkr.o)
                0x080038ac                _sbrk_r
 .text.__malloc_lock
                0x080038cc        0x2 c:/stm32toolchain/gcc-arm/bin/../lib/gcc/arm-none-eabi/5.4.1/../../../../arm-none-eabi/lib/armv7-m\libg_nano.a(lib_a-mlock.o)
                0x080038cc                __malloc_lock
 .text.__malloc_unlock
                0x080038ce        0x2 c:/stm32toolchain/gcc-arm/bin/../lib/gcc/arm-none-eabi/5.4.1/../../../../arm-none-eabi/lib/armv7-m\libg_nano.a(lib_a-mlock.o)
                0x080038ce                __malloc_unlock
 .text._malloc_usable_size_r
                0x080038d0       0x14 c:/stm32toolchain/gcc-arm/bin/../lib/gcc/arm-none-eabi/5.4.1/../../../../arm-none-eabi/lib/armv7-m\libg_nano.a(lib_a-nano-msizer.o)
                0x080038d0                _malloc_usable_size_r
 *(.rodata .rodata.* .constdata .constdata.*)
 .rodata.str1.4
                0x080038e4      0x148 ./system/src/cortexm/exception_handlers.o
                                0x146 (size before relaxing)
 .rodata.AHBPrescTable
                0x08003a2c       0x10 ./system/src/cmsis/system_stm32l1xx.o
                0x08003a2c                AHBPrescTable
 .rodata.APBPrescTable
                0x08003a3c        0x8 ./system/src/cmsis/system_stm32l1xx.o
                0x08003a3c                APBPrescTable
 .rodata.PLLMulTable
                0x08003a44        0x9 ./system/src/cmsis/system_stm32l1xx.o
                0x08003a44                PLLMulTable
 *fill*         0x08003a4d        0x3 
 .rodata        0x08003a50       0x50 ./src/PN532.o
 .rodata        0x08003aa0        0x2 ./src/main.o
 .rodata.str1.1
                0x08003aa2       0x11 c:/stm32toolchain/gcc-arm/bin/../lib/gcc/arm-none-eabi/5.4.1/../../../../arm-none-eabi/lib/armv7-m\libg_nano.a(lib_a-nano-svfprintf.o)
 .rodata.str1.1
                0x08003ab3       0x22 c:/stm32toolchain/gcc-arm/bin/../lib/gcc/arm-none-eabi/5.4.1/../../../../arm-none-eabi/lib/armv7-m\libg_nano.a(lib_a-nano-vfprintf_i.o)
 *(vtable)
 *(.eh_frame*)
 *(.glue_7)
 .glue_7        0x08003ad5        0x0 linker stubs
 *(.glue_7t)
 .glue_7t       0x08003ad5        0x0 linker stubs

.vfp11_veneer   0x08003ad8        0x0
 .vfp11_veneer  0x08003ad8        0x0 linker stubs

.v4_bx          0x08003ad8        0x0
 .v4_bx         0x08003ad8        0x0 linker stubs

.iplt           0x08003ad8        0x0
 .iplt          0x08003ad8        0x0 ./system/src/stm32l1xx/stm32l1xx_hal.o

.rel.dyn        0x08003ad8        0x0
 .rel.iplt      0x08003ad8        0x0 ./system/src/stm32l1xx/stm32l1xx_hal.o

.ARM.extab
 *(.ARM.extab* .gnu.linkonce.armextab.*)
                0x08003ad8                . = ALIGN (0x4)
                0x08003ad8                __exidx_start = .

.ARM.exidx
 *(.ARM.exidx* .gnu.linkonce.armexidx.*)
                0x08003ad8                __exidx_end = .
                0x08003ad8                . = ALIGN (0x4)
                0x08003ad8                _etext = .
                0x08003ad8                __etext = .

.data_CCMRAM    0x10000000        0x0 load address 0x08003ad8
 FILL mask 0xff
 *(.data.CCMRAM .data.CCMRAM.*)
                0x10000000                . = ALIGN (0x4)
                0x08003ad8                _sidata = LOADADDR (.data)

.data           0x20000000       0x7c load address 0x08003ad8
 FILL mask 0xff
                0x20000000                _sdata = .
                0x20000000                __data_start__ = .
 *(.data_begin .data_begin.*)
 .data_begin    0x20000000        0x4 ./system/src/newlib/_startup.o
 *(.data .data.*)
 .data.argv.4290
                0x20000004        0x8 ./system/src/newlib/_syscalls.o
 .data.SystemCoreClock
                0x2000000c        0x4 ./system/src/cmsis/system_stm32l1xx.o
                0x2000000c                SystemCoreClock
 .data.flags    0x20000010        0x1 ./src/main.o
                0x20000010                flags
 *fill*         0x20000011        0x3 ff
 .data.impure_data
                0x20000014       0x60 c:/stm32toolchain/gcc-arm/bin/../lib/gcc/arm-none-eabi/5.4.1/../../../../arm-none-eabi/lib/armv7-m\libg_nano.a(lib_a-impure.o)
 .data._impure_ptr
                0x20000074        0x4 c:/stm32toolchain/gcc-arm/bin/../lib/gcc/arm-none-eabi/5.4.1/../../../../arm-none-eabi/lib/armv7-m\libg_nano.a(lib_a-impure.o)
                0x20000074                _impure_ptr
 *(.data_end .data_end.*)
 .data_end      0x20000078        0x4 ./system/src/newlib/_startup.o
                0x2000007c                . = ALIGN (0x4)
                0x2000007c                _edata = .
                0x2000007c                __data_end__ = .

.igot.plt       0x2000007c        0x0 load address 0x08003b54
 .igot.plt      0x2000007c        0x0 ./system/src/stm32l1xx/stm32l1xx_hal.o

.bss_CCMRAM     0x10000000        0x0
 *(.bss.CCMRAM .bss.CCMRAM.*)

.bss            0x2000007c      0x214
                0x2000007c                __bss_start__ = .
                0x2000007c                _sbss = .
 *(.bss_begin .bss_begin.*)
 .bss_begin     0x2000007c        0x4 ./system/src/newlib/_startup.o
 *(.bss .bss.*)
 .bss.current_heap_end.3974
                0x20000080        0x4 ./system/src/newlib/_sbrk.o
 .bss.name.4289
                0x20000084        0x1 ./system/src/newlib/_syscalls.o
 *fill*         0x20000085        0x3 
 .bss.buf.5179  0x20000088       0x80 ./system/src/diag/Trace.o
 .bss.__malloc_sbrk_start
                0x20000108        0x4 c:/stm32toolchain/gcc-arm/bin/../lib/gcc/arm-none-eabi/5.4.1/../../../../arm-none-eabi/lib/armv7-m\libg_nano.a(lib_a-nano-mallocr.o)
                0x20000108                __malloc_sbrk_start
 .bss.__malloc_free_list
                0x2000010c        0x4 c:/stm32toolchain/gcc-arm/bin/../lib/gcc/arm-none-eabi/5.4.1/../../../../arm-none-eabi/lib/armv7-m\libg_nano.a(lib_a-nano-mallocr.o)
                0x2000010c                __malloc_free_list
 *(COMMON)
 COMMON         0x20000110        0x4 ./system/src/stm32l1xx/stm32l1xx_hal.o
                0x20000110                uwTick
 COMMON         0x20000114        0x4 ./system/src/newlib/_syscalls.o
                0x20000114                errno
 COMMON         0x20000118       0xa0 ./src/PN532.o
                0x20000118                _key
                0x20000120                writeBuffer
                0x20000160                _irq
                0x20000161                _inListedTag
                0x20000164                huartP
                0x20000168                _uid
                0x2000016f                _uidLen
                0x20000170                hi2cLib
                0x20000174                _reset
                0x20000178                pn532_packetbuffer
 COMMON         0x200001b8       0xd4 ./src/main.o
                0x200001b8                hi2c1
                0x2000020c                huart1
                0x2000024c                huart2
 *(.bss_end .bss_end.*)
 .bss_end       0x2000028c        0x4 ./system/src/newlib/_startup.o
                0x20000290                . = ALIGN (0x4)
                0x20000290                __bss_end__ = .
                0x20000290                _ebss = .

.noinit_CCMRAM
 *(.noinit.CCMRAM .noinit.CCMRAM.*)

.noinit         0x20000290        0x0
                0x20000290                _noinit = .
 *(.noinit .noinit.*)
                0x20000290                . = ALIGN (0x4)
                0x20000290                _end_noinit = .
                [!provide]                PROVIDE (end, _end_noinit)
                [!provide]                PROVIDE (_end, _end_noinit)
                [!provide]                PROVIDE (__end, _end_noinit)
                [!provide]                PROVIDE (__end__, _end_noinit)

._check_stack   0x20000290      0x100
                0x20000390                . = (. + _Minimum_Stack_Size)
 *fill*         0x20000290      0x100 

.b1text
 *(.b1text)
 *(.b1rodata)
 *(.b1rodata.*)

.eb0text
 *(.eb0text)
 *(.eb0rodata)
 *(.eb0rodata.*)

.eb1text
 *(.eb1text)
 *(.eb1rodata)
 *(.eb1rodata.*)

.eb2text
 *(.eb2text)
 *(.eb2rodata)
 *(.eb2rodata.*)

.eb3text
 *(.eb3text)
 *(.eb3rodata)
 *(.eb3rodata.*)

.stab
 *(.stab)

.stabstr
 *(.stabstr)

.stab.excl
 *(.stab.excl)

.stab.exclstr
 *(.stab.exclstr)

.stab.index
 *(.stab.index)

.stab.indexstr
 *(.stab.indexstr)

.comment        0x00000000       0x6e
 *(.comment)
 .comment       0x00000000       0x6e ./system/src/stm32l1xx/stm32l1xx_hal.o
                                 0x6f (size before relaxing)
 .comment       0x0000006e       0x6f ./system/src/stm32l1xx/stm32l1xx_hal_cortex.o
 .comment       0x0000006e       0x6f ./system/src/stm32l1xx/stm32l1xx_hal_gpio.o
 .comment       0x0000006e       0x6f ./system/src/stm32l1xx/stm32l1xx_hal_i2c.o
 .comment       0x0000006e       0x6f ./system/src/stm32l1xx/stm32l1xx_hal_pwr.o
 .comment       0x0000006e       0x6f ./system/src/stm32l1xx/stm32l1xx_hal_pwr_ex.o
 .comment       0x0000006e       0x6f ./system/src/stm32l1xx/stm32l1xx_hal_rcc.o
 .comment       0x0000006e       0x6f ./system/src/stm32l1xx/stm32l1xx_hal_uart.o
 .comment       0x0000006e       0x6f ./system/src/newlib/_exit.o
 .comment       0x0000006e       0x6f ./system/src/newlib/_sbrk.o
 .comment       0x0000006e       0x6f ./system/src/newlib/_startup.o
 .comment       0x0000006e       0x6f ./system/src/newlib/_syscalls.o
 .comment       0x0000006e       0x6f ./system/src/diag/Trace.o
 .comment       0x0000006e       0x6f ./system/src/diag/trace_impl.o
 .comment       0x0000006e       0x6f ./system/src/cortexm/_initialize_hardware.o
 .comment       0x0000006e       0x6f ./system/src/cortexm/exception_handlers.o
 .comment       0x0000006e       0x6f ./system/src/cmsis/system_stm32l1xx.o
 .comment       0x0000006e       0x6f ./src/PN532.o
 .comment       0x0000006e       0x6f ./src/main.o
 .comment       0x0000006e       0x6f ./src/stm32l1xx_hal_msp.o
 .comment       0x0000006e       0x6f ./src/stm32l1xx_it.o

.ARM.attributes
                0x00000000       0x31
 .ARM.attributes
                0x00000000       0x33 ./system/src/stm32l1xx/stm32l1xx_hal.o
 .ARM.attributes
                0x00000033       0x33 ./system/src/stm32l1xx/stm32l1xx_hal_cortex.o
 .ARM.attributes
                0x00000066       0x33 ./system/src/stm32l1xx/stm32l1xx_hal_gpio.o
 .ARM.attributes
                0x00000099       0x33 ./system/src/stm32l1xx/stm32l1xx_hal_i2c.o
 .ARM.attributes
                0x000000cc       0x33 ./system/src/stm32l1xx/stm32l1xx_hal_pwr.o
 .ARM.attributes
                0x000000ff       0x33 ./system/src/stm32l1xx/stm32l1xx_hal_pwr_ex.o
 .ARM.attributes
                0x00000132       0x33 ./system/src/stm32l1xx/stm32l1xx_hal_rcc.o
 .ARM.attributes
                0x00000165       0x33 ./system/src/stm32l1xx/stm32l1xx_hal_uart.o
 .ARM.attributes
                0x00000198       0x33 ./system/src/newlib/_exit.o
 .ARM.attributes
                0x000001cb       0x33 ./system/src/newlib/_sbrk.o
 .ARM.attributes
                0x000001fe       0x33 ./system/src/newlib/_startup.o
 .ARM.attributes
                0x00000231       0x33 ./system/src/newlib/_syscalls.o
 .ARM.attributes
                0x00000264       0x33 ./system/src/diag/Trace.o
 .ARM.attributes
                0x00000297       0x33 ./system/src/diag/trace_impl.o
 .ARM.attributes
                0x000002ca       0x33 ./system/src/cortexm/_initialize_hardware.o
 .ARM.attributes
                0x000002fd       0x33 ./system/src/cortexm/exception_handlers.o
 .ARM.attributes
                0x00000330       0x21 ./system/src/cmsis/startup_stm32l162xd.o
 .ARM.attributes
                0x00000351       0x33 ./system/src/cmsis/system_stm32l1xx.o
 .ARM.attributes
                0x00000384       0x33 ./src/PN532.o
 .ARM.attributes
                0x000003b7       0x33 ./src/main.o
 .ARM.attributes
                0x000003ea       0x33 ./src/stm32l1xx_hal_msp.o
 .ARM.attributes
                0x0000041d       0x33 ./src/stm32l1xx_it.o
 .ARM.attributes
                0x00000450       0x2d c:/stm32toolchain/gcc-arm/bin/../lib/gcc/arm-none-eabi/5.4.1/../../../../arm-none-eabi/lib/armv7-m\libg_nano.a(lib_a-errno.o)
 .ARM.attributes
                0x0000047d       0x2d c:/stm32toolchain/gcc-arm/bin/../lib/gcc/arm-none-eabi/5.4.1/../../../../arm-none-eabi/lib/armv7-m\libg_nano.a(lib_a-impure.o)
 .ARM.attributes
                0x000004aa       0x2d c:/stm32toolchain/gcc-arm/bin/../lib/gcc/arm-none-eabi/5.4.1/../../../../arm-none-eabi/lib/armv7-m\libg_nano.a(lib_a-memcpy-stub.o)
 .ARM.attributes
                0x000004d7       0x2d c:/stm32toolchain/gcc-arm/bin/../lib/gcc/arm-none-eabi/5.4.1/../../../../arm-none-eabi/lib/armv7-m\libg_nano.a(lib_a-memset.o)
 .ARM.attributes
                0x00000504       0x2d c:/stm32toolchain/gcc-arm/bin/../lib/gcc/arm-none-eabi/5.4.1/../../../../arm-none-eabi/lib/armv7-m\libg_nano.a(lib_a-strncmp.o)
 .ARM.attributes
                0x00000531       0x2d c:/stm32toolchain/gcc-arm/bin/../lib/gcc/arm-none-eabi/5.4.1/../../../../arm-none-eabi/lib/armv7-m\libg_nano.a(lib_a-vsnprintf.o)
 .ARM.attributes
                0x0000055e       0x2d c:/stm32toolchain/gcc-arm/bin/../lib/gcc/arm-none-eabi/5.4.1/../../../../arm-none-eabi/lib/armv7-m\libg_nano.a(lib_a-nano-svfprintf.o)
 .ARM.attributes
                0x0000058b       0x2d c:/stm32toolchain/gcc-arm/bin/../lib/gcc/arm-none-eabi/5.4.1/../../../../arm-none-eabi/lib/armv7-m\libg_nano.a(lib_a-nano-vfprintf_i.o)
 .ARM.attributes
                0x000005b8       0x2d c:/stm32toolchain/gcc-arm/bin/../lib/gcc/arm-none-eabi/5.4.1/../../../../arm-none-eabi/lib/armv7-m\libg_nano.a(lib_a-memchr-stub.o)
 .ARM.attributes
                0x000005e5       0x2d c:/stm32toolchain/gcc-arm/bin/../lib/gcc/arm-none-eabi/5.4.1/../../../../arm-none-eabi/lib/armv7-m\libg_nano.a(lib_a-memmove.o)
 .ARM.attributes
                0x00000612       0x2d c:/stm32toolchain/gcc-arm/bin/../lib/gcc/arm-none-eabi/5.4.1/../../../../arm-none-eabi/lib/armv7-m\libg_nano.a(lib_a-nano-freer.o)
 .ARM.attributes
                0x0000063f       0x2d c:/stm32toolchain/gcc-arm/bin/../lib/gcc/arm-none-eabi/5.4.1/../../../../arm-none-eabi/lib/armv7-m\libg_nano.a(lib_a-nano-mallocr.o)
 .ARM.attributes
                0x0000066c       0x2d c:/stm32toolchain/gcc-arm/bin/../lib/gcc/arm-none-eabi/5.4.1/../../../../arm-none-eabi/lib/armv7-m\libg_nano.a(lib_a-nano-reallocr.o)
 .ARM.attributes
                0x00000699       0x2d c:/stm32toolchain/gcc-arm/bin/../lib/gcc/arm-none-eabi/5.4.1/../../../../arm-none-eabi/lib/armv7-m\libg_nano.a(lib_a-sbrkr.o)
 .ARM.attributes
                0x000006c6       0x2d c:/stm32toolchain/gcc-arm/bin/../lib/gcc/arm-none-eabi/5.4.1/../../../../arm-none-eabi/lib/armv7-m\libg_nano.a(lib_a-mlock.o)
 .ARM.attributes
                0x000006f3       0x2d c:/stm32toolchain/gcc-arm/bin/../lib/gcc/arm-none-eabi/5.4.1/../../../../arm-none-eabi/lib/armv7-m\libg_nano.a(lib_a-nano-msizer.o)

.debug
 *(.debug)

.line
 *(.line)

.debug_srcinfo
 *(.debug_srcinfo)

.debug_sfnames
 *(.debug_sfnames)

.debug_aranges  0x00000000      0xb00
 *(.debug_aranges)
 .debug_aranges
                0x00000000       0xb0 ./system/src/stm32l1xx/stm32l1xx_hal.o
 .debug_aranges
                0x000000b0       0x98 ./system/src/stm32l1xx/stm32l1xx_hal_cortex.o
 .debug_aranges
                0x00000148       0x58 ./system/src/stm32l1xx/stm32l1xx_hal_gpio.o
 .debug_aranges
                0x000001a0      0x268 ./system/src/stm32l1xx/stm32l1xx_hal_i2c.o
 .debug_aranges
                0x00000408       0xa0 ./system/src/stm32l1xx/stm32l1xx_hal_pwr.o
 .debug_aranges
                0x000004a8       0x50 ./system/src/stm32l1xx/stm32l1xx_hal_pwr_ex.o
 .debug_aranges
                0x000004f8       0x90 ./system/src/stm32l1xx/stm32l1xx_hal_rcc.o
 .debug_aranges
                0x00000588      0x150 ./system/src/stm32l1xx/stm32l1xx_hal_uart.o
 .debug_aranges
                0x000006d8       0x28 ./system/src/newlib/_exit.o
 .debug_aranges
                0x00000700       0x20 ./system/src/newlib/_sbrk.o
 .debug_aranges
                0x00000720       0x40 ./system/src/newlib/_startup.o
 .debug_aranges
                0x00000760       0x30 ./system/src/newlib/_syscalls.o
 .debug_aranges
                0x00000790       0x38 ./system/src/diag/Trace.o
 .debug_aranges
                0x000007c8       0x28 ./system/src/diag/trace_impl.o
 .debug_aranges
                0x000007f0       0x28 ./system/src/cortexm/_initialize_hardware.o
 .debug_aranges
                0x00000818       0x88 ./system/src/cortexm/exception_handlers.o
 .debug_aranges
                0x000008a0       0x28 ./system/src/cmsis/startup_stm32l162xd.o
 .debug_aranges
                0x000008c8       0x28 ./system/src/cmsis/system_stm32l1xx.o
 .debug_aranges
                0x000008f0      0x100 ./src/PN532.o
 .debug_aranges
                0x000009f0       0x68 ./src/main.o
 .debug_aranges
                0x00000a58       0x40 ./src/stm32l1xx_hal_msp.o
 .debug_aranges
                0x00000a98       0x68 ./src/stm32l1xx_it.o

.debug_pubnames
 *(.debug_pubnames)

.debug_info     0x00000000     0xd91a
 *(.debug_info .gnu.linkonce.wi.*)
 .debug_info    0x00000000      0x63b ./system/src/stm32l1xx/stm32l1xx_hal.o
 .debug_info    0x0000063b      0xde7 ./system/src/stm32l1xx/stm32l1xx_hal_cortex.o
 .debug_info    0x00001422      0x5e7 ./system/src/stm32l1xx/stm32l1xx_hal_gpio.o
 .debug_info    0x00001a09     0x2d01 ./system/src/stm32l1xx/stm32l1xx_hal_i2c.o
 .debug_info    0x0000470a      0x7c3 ./system/src/stm32l1xx/stm32l1xx_hal_pwr.o
 .debug_info    0x00004ecd      0x338 ./system/src/stm32l1xx/stm32l1xx_hal_pwr_ex.o
 .debug_info    0x00005205     0x16af ./system/src/stm32l1xx/stm32l1xx_hal_rcc.o
 .debug_info    0x000068b4     0x1176 ./system/src/stm32l1xx/stm32l1xx_hal_uart.o
 .debug_info    0x00007a2a       0xef ./system/src/newlib/_exit.o
 .debug_info    0x00007b19      0x11f ./system/src/newlib/_sbrk.o
 .debug_info    0x00007c38      0x454 ./system/src/newlib/_startup.o
 .debug_info    0x0000808c      0x1c7 ./system/src/newlib/_syscalls.o
 .debug_info    0x00008253      0x2e7 ./system/src/diag/Trace.o
 .debug_info    0x0000853a      0x114 ./system/src/diag/trace_impl.o
 .debug_info    0x0000864e      0x2b1 ./system/src/cortexm/_initialize_hardware.o
 .debug_info    0x000088ff      0x79d ./system/src/cortexm/exception_handlers.o
 .debug_info    0x0000909c       0x79 ./system/src/cmsis/startup_stm32l162xd.o
 .debug_info    0x00009115      0x417 ./system/src/cmsis/system_stm32l1xx.o
 .debug_info    0x0000952c     0x1ae4 ./src/PN532.o
 .debug_info    0x0000b010     0x19a7 ./src/main.o
 .debug_info    0x0000c9b7      0xdbc ./src/stm32l1xx_hal_msp.o
 .debug_info    0x0000d773      0x1a7 ./src/stm32l1xx_it.o

.debug_abbrev   0x00000000     0x2242
 *(.debug_abbrev)
 .debug_abbrev  0x00000000      0x1c1 ./system/src/stm32l1xx/stm32l1xx_hal.o
 .debug_abbrev  0x000001c1      0x2e2 ./system/src/stm32l1xx/stm32l1xx_hal_cortex.o
 .debug_abbrev  0x000004a3      0x1cd ./system/src/stm32l1xx/stm32l1xx_hal_gpio.o
 .debug_abbrev  0x00000670      0x226 ./system/src/stm32l1xx/stm32l1xx_hal_i2c.o
 .debug_abbrev  0x00000896      0x1f8 ./system/src/stm32l1xx/stm32l1xx_hal_pwr.o
 .debug_abbrev  0x00000a8e      0x149 ./system/src/stm32l1xx/stm32l1xx_hal_pwr_ex.o
 .debug_abbrev  0x00000bd7      0x2a1 ./system/src/stm32l1xx/stm32l1xx_hal_rcc.o
 .debug_abbrev  0x00000e78      0x228 ./system/src/stm32l1xx/stm32l1xx_hal_uart.o
 .debug_abbrev  0x000010a0       0x8e ./system/src/newlib/_exit.o
 .debug_abbrev  0x0000112e       0xb9 ./system/src/newlib/_sbrk.o
 .debug_abbrev  0x000011e7      0x1ac ./system/src/newlib/_startup.o
 .debug_abbrev  0x00001393       0xec ./system/src/newlib/_syscalls.o
 .debug_abbrev  0x0000147f      0x156 ./system/src/diag/Trace.o
 .debug_abbrev  0x000015d5       0xb4 ./system/src/diag/trace_impl.o
 .debug_abbrev  0x00001689       0xea ./system/src/cortexm/_initialize_hardware.o
 .debug_abbrev  0x00001773      0x1d4 ./system/src/cortexm/exception_handlers.o
 .debug_abbrev  0x00001947       0x12 ./system/src/cmsis/startup_stm32l162xd.o
 .debug_abbrev  0x00001959      0x104 ./system/src/cmsis/system_stm32l1xx.o
 .debug_abbrev  0x00001a5d      0x2fb ./src/PN532.o
 .debug_abbrev  0x00001d58      0x289 ./src/main.o
 .debug_abbrev  0x00001fe1      0x18f ./src/stm32l1xx_hal_msp.o
 .debug_abbrev  0x00002170       0xd2 ./src/stm32l1xx_it.o

.debug_line     0x00000000     0x82a2
 *(.debug_line)
 .debug_line    0x00000000      0x685 ./system/src/stm32l1xx/stm32l1xx_hal.o
 .debug_line    0x00000685      0x6fb ./system/src/stm32l1xx/stm32l1xx_hal_cortex.o
 .debug_line    0x00000d80      0x68d ./system/src/stm32l1xx/stm32l1xx_hal_gpio.o
 .debug_line    0x0000140d     0x1567 ./system/src/stm32l1xx/stm32l1xx_hal_i2c.o
 .debug_line    0x00002974      0x6cc ./system/src/stm32l1xx/stm32l1xx_hal_pwr.o
 .debug_line    0x00003040      0x608 ./system/src/stm32l1xx/stm32l1xx_hal_pwr_ex.o
 .debug_line    0x00003648      0xb37 ./system/src/stm32l1xx/stm32l1xx_hal_rcc.o
 .debug_line    0x0000417f      0xb91 ./system/src/stm32l1xx/stm32l1xx_hal_uart.o
 .debug_line    0x00004d10      0x2c0 ./system/src/newlib/_exit.o
 .debug_line    0x00004fd0      0x272 ./system/src/newlib/_sbrk.o
 .debug_line    0x00005242      0x328 ./system/src/newlib/_startup.o
 .debug_line    0x0000556a      0x36e ./system/src/newlib/_syscalls.o
 .debug_line    0x000058d8      0x32c ./system/src/diag/Trace.o
 .debug_line    0x00005c04      0x370 ./system/src/diag/trace_impl.o
 .debug_line    0x00005f74      0x188 ./system/src/cortexm/_initialize_hardware.o
 .debug_line    0x000060fc      0x45c ./system/src/cortexm/exception_handlers.o
 .debug_line    0x00006558       0x86 ./system/src/cmsis/startup_stm32l162xd.o
 .debug_line    0x000065de      0x18c ./system/src/cmsis/system_stm32l1xx.o
 .debug_line    0x0000676a      0x915 ./src/PN532.o
 .debug_line    0x0000707f      0x6b0 ./src/main.o
 .debug_line    0x0000772f      0x5a2 ./src/stm32l1xx_hal_msp.o
 .debug_line    0x00007cd1      0x5d1 ./src/stm32l1xx_it.o

.debug_frame    0x00000000     0x1e74
 *(.debug_frame)
 .debug_frame   0x00000000      0x168 ./system/src/stm32l1xx/stm32l1xx_hal.o
 .debug_frame   0x00000168      0x134 ./system/src/stm32l1xx/stm32l1xx_hal_cortex.o
 .debug_frame   0x0000029c       0xc4 ./system/src/stm32l1xx/stm32l1xx_hal_gpio.o
 .debug_frame   0x00000360      0x808 ./system/src/stm32l1xx/stm32l1xx_hal_i2c.o
 .debug_frame   0x00000b68      0x128 ./system/src/stm32l1xx/stm32l1xx_hal_pwr.o
 .debug_frame   0x00000c90       0x80 ./system/src/stm32l1xx/stm32l1xx_hal_pwr_ex.o
 .debug_frame   0x00000d10      0x168 ./system/src/stm32l1xx/stm32l1xx_hal_rcc.o
 .debug_frame   0x00000e78      0x378 ./system/src/stm32l1xx/stm32l1xx_hal_uart.o
 .debug_frame   0x000011f0       0x38 ./system/src/newlib/_exit.o
 .debug_frame   0x00001228       0x28 ./system/src/newlib/_sbrk.o
 .debug_frame   0x00001250       0x7c ./system/src/newlib/_startup.o
 .debug_frame   0x000012cc       0x50 ./system/src/newlib/_syscalls.o
 .debug_frame   0x0000131c       0x94 ./system/src/diag/Trace.o
 .debug_frame   0x000013b0       0x30 ./system/src/diag/trace_impl.o
 .debug_frame   0x000013e0       0x40 ./system/src/cortexm/_initialize_hardware.o
 .debug_frame   0x00001420      0x144 ./system/src/cortexm/exception_handlers.o
 .debug_frame   0x00001564       0x30 ./system/src/cmsis/system_stm32l1xx.o
 .debug_frame   0x00001594      0x340 ./src/PN532.o
 .debug_frame   0x000018d4      0x110 ./src/main.o
 .debug_frame   0x000019e4       0x98 ./src/stm32l1xx_hal_msp.o
 .debug_frame   0x00001a7c       0xc0 ./src/stm32l1xx_it.o
 .debug_frame   0x00001b3c       0x20 c:/stm32toolchain/gcc-arm/bin/../lib/gcc/arm-none-eabi/5.4.1/../../../../arm-none-eabi/lib/armv7-m\libg_nano.a(lib_a-errno.o)
 .debug_frame   0x00001b5c       0x28 c:/stm32toolchain/gcc-arm/bin/../lib/gcc/arm-none-eabi/5.4.1/../../../../arm-none-eabi/lib/armv7-m\libg_nano.a(lib_a-memcpy-stub.o)
 .debug_frame   0x00001b84       0x20 c:/stm32toolchain/gcc-arm/bin/../lib/gcc/arm-none-eabi/5.4.1/../../../../arm-none-eabi/lib/armv7-m\libg_nano.a(lib_a-memset.o)
 .debug_frame   0x00001ba4       0x2c c:/stm32toolchain/gcc-arm/bin/../lib/gcc/arm-none-eabi/5.4.1/../../../../arm-none-eabi/lib/armv7-m\libg_nano.a(lib_a-strncmp.o)
 .debug_frame   0x00001bd0       0x48 c:/stm32toolchain/gcc-arm/bin/../lib/gcc/arm-none-eabi/5.4.1/../../../../arm-none-eabi/lib/armv7-m\libg_nano.a(lib_a-vsnprintf.o)
 .debug_frame   0x00001c18       0x90 c:/stm32toolchain/gcc-arm/bin/../lib/gcc/arm-none-eabi/5.4.1/../../../../arm-none-eabi/lib/armv7-m\libg_nano.a(lib_a-nano-svfprintf.o)
 .debug_frame   0x00001ca8       0x60 c:/stm32toolchain/gcc-arm/bin/../lib/gcc/arm-none-eabi/5.4.1/../../../../arm-none-eabi/lib/armv7-m\libg_nano.a(lib_a-nano-vfprintf_i.o)
 .debug_frame   0x00001d08       0x28 c:/stm32toolchain/gcc-arm/bin/../lib/gcc/arm-none-eabi/5.4.1/../../../../arm-none-eabi/lib/armv7-m\libg_nano.a(lib_a-memchr-stub.o)
 .debug_frame   0x00001d30       0x28 c:/stm32toolchain/gcc-arm/bin/../lib/gcc/arm-none-eabi/5.4.1/../../../../arm-none-eabi/lib/armv7-m\libg_nano.a(lib_a-memmove.o)
 .debug_frame   0x00001d58       0x38 c:/stm32toolchain/gcc-arm/bin/../lib/gcc/arm-none-eabi/5.4.1/../../../../arm-none-eabi/lib/armv7-m\libg_nano.a(lib_a-nano-freer.o)
 .debug_frame   0x00001d90       0x2c c:/stm32toolchain/gcc-arm/bin/../lib/gcc/arm-none-eabi/5.4.1/../../../../arm-none-eabi/lib/armv7-m\libg_nano.a(lib_a-nano-mallocr.o)
 .debug_frame   0x00001dbc       0x3c c:/stm32toolchain/gcc-arm/bin/../lib/gcc/arm-none-eabi/5.4.1/../../../../arm-none-eabi/lib/armv7-m\libg_nano.a(lib_a-nano-reallocr.o)
 .debug_frame   0x00001df8       0x2c c:/stm32toolchain/gcc-arm/bin/../lib/gcc/arm-none-eabi/5.4.1/../../../../arm-none-eabi/lib/armv7-m\libg_nano.a(lib_a-sbrkr.o)
 .debug_frame   0x00001e24       0x30 c:/stm32toolchain/gcc-arm/bin/../lib/gcc/arm-none-eabi/5.4.1/../../../../arm-none-eabi/lib/armv7-m\libg_nano.a(lib_a-mlock.o)
 .debug_frame   0x00001e54       0x20 c:/stm32toolchain/gcc-arm/bin/../lib/gcc/arm-none-eabi/5.4.1/../../../../arm-none-eabi/lib/armv7-m\libg_nano.a(lib_a-nano-msizer.o)

.debug_str      0x00000000    0x90a94
 *(.debug_str)
 .debug_str     0x00000000    0x8ab4f ./system/src/stm32l1xx/stm32l1xx_hal.o
                              0x8aef1 (size before relaxing)
 .debug_str     0x0008ab4f      0x3a5 ./system/src/stm32l1xx/stm32l1xx_hal_cortex.o
                              0x8aff4 (size before relaxing)
 .debug_str     0x0008aef4      0x2ce ./system/src/stm32l1xx/stm32l1xx_hal_gpio.o
                              0x8aad0 (size before relaxing)
 .debug_str     0x0008b1c2      0xea7 ./system/src/stm32l1xx/stm32l1xx_hal_i2c.o
                              0x8b6f8 (size before relaxing)
 .debug_str     0x0008c069      0x2aa ./system/src/stm32l1xx/stm32l1xx_hal_pwr.o
                              0x8ab05 (size before relaxing)
 .debug_str     0x0008c313       0xfe ./system/src/stm32l1xx/stm32l1xx_hal_pwr_ex.o
                              0x8a8a6 (size before relaxing)
 .debug_str     0x0008c411      0x536 ./system/src/stm32l1xx/stm32l1xx_hal_rcc.o
                              0x8ae5f (size before relaxing)
 .debug_str     0x0008c947      0x50c ./system/src/stm32l1xx/stm32l1xx_hal_uart.o
                              0x8af31 (size before relaxing)
 .debug_str     0x0008ce53     0x10b6 ./system/src/newlib/_exit.o
                               0x6e3d (size before relaxing)
 .debug_str     0x0008df09      0x4de ./system/src/newlib/_sbrk.o
                               0x6228 (size before relaxing)
 .debug_str     0x0008e3e7      0x260 ./system/src/newlib/_startup.o
                               0x5ddd (size before relaxing)
 .debug_str     0x0008e647      0xe18 ./system/src/newlib/_syscalls.o
                               0x7088 (size before relaxing)
 .debug_str     0x0008f45f      0x176 ./system/src/diag/Trace.o
                               0x762d (size before relaxing)
 .debug_str     0x0008f5d5       0x4b ./system/src/diag/trace_impl.o
                              0x5549c (size before relaxing)
 .debug_str     0x0008f620       0x5e ./system/src/cortexm/_initialize_hardware.o
                              0x5197e (size before relaxing)
 .debug_str     0x0008f67e      0x1e5 ./system/src/cortexm/exception_handlers.o
                              0x562fd (size before relaxing)
 .debug_str     0x0008f863       0x98 ./system/src/cmsis/system_stm32l1xx.o
                              0x51a39 (size before relaxing)
 .debug_str     0x0008f8fb      0xf42 ./src/PN532.o
                              0x8bd53 (size before relaxing)
 .debug_str     0x0009083d      0x1ff ./src/main.o
                              0x8c28d (size before relaxing)
 .debug_str     0x00090a3c       0x1b ./src/stm32l1xx_hal_msp.o
                              0x8b232 (size before relaxing)
 .debug_str     0x00090a57       0x3d ./src/stm32l1xx_it.o
                              0x8a84a (size before relaxing)

.debug_loc      0x00000000     0x6529
 *(.debug_loc)
 .debug_loc     0x00000000       0x6a ./system/src/stm32l1xx/stm32l1xx_hal.o
 .debug_loc     0x0000006a      0x527 ./system/src/stm32l1xx/stm32l1xx_hal_cortex.o
 .debug_loc     0x00000591      0x315 ./system/src/stm32l1xx/stm32l1xx_hal_gpio.o
 .debug_loc     0x000008a6     0x2917 ./system/src/stm32l1xx/stm32l1xx_hal_i2c.o
 .debug_loc     0x000031bd       0xfe ./system/src/stm32l1xx/stm32l1xx_hal_pwr.o
 .debug_loc     0x000032bb       0xac ./system/src/stm32l1xx/stm32l1xx_hal_pwr_ex.o
 .debug_loc     0x00003367      0xc24 ./system/src/stm32l1xx/stm32l1xx_hal_rcc.o
 .debug_loc     0x00003f8b     0x1009 ./system/src/stm32l1xx/stm32l1xx_hal_uart.o
 .debug_loc     0x00004f94       0x82 ./system/src/newlib/_sbrk.o
 .debug_loc     0x00005016      0x265 ./system/src/newlib/_startup.o
 .debug_loc     0x0000527b       0x63 ./system/src/newlib/_syscalls.o
 .debug_loc     0x000052de      0x102 ./system/src/diag/Trace.o
 .debug_loc     0x000053e0       0x21 ./system/src/diag/trace_impl.o
 .debug_loc     0x00005401      0x184 ./system/src/cortexm/exception_handlers.o
 .debug_loc     0x00005585      0x16b ./system/src/cmsis/system_stm32l1xx.o
 .debug_loc     0x000056f0      0xc5c ./src/PN532.o
 .debug_loc     0x0000634c      0x11c ./src/main.o
 .debug_loc     0x00006468       0xc1 ./src/stm32l1xx_hal_msp.o

.debug_macinfo
 *(.debug_macinfo)

.debug_weaknames
 *(.debug_weaknames)

.debug_funcnames
 *(.debug_funcnames)

.debug_typenames
 *(.debug_typenames)

.debug_varnames
 *(.debug_varnames)
OUTPUT(NFCNEWSTM.elf elf32-littlearm)

.debug_ranges   0x00000000      0x9d8
 .debug_ranges  0x00000000       0xa0 ./system/src/stm32l1xx/stm32l1xx_hal.o
 .debug_ranges  0x000000a0       0x88 ./system/src/stm32l1xx/stm32l1xx_hal_cortex.o
 .debug_ranges  0x00000128       0x48 ./system/src/stm32l1xx/stm32l1xx_hal_gpio.o
 .debug_ranges  0x00000170      0x258 ./system/src/stm32l1xx/stm32l1xx_hal_i2c.o
 .debug_ranges  0x000003c8       0x90 ./system/src/stm32l1xx/stm32l1xx_hal_pwr.o
 .debug_ranges  0x00000458       0x40 ./system/src/stm32l1xx/stm32l1xx_hal_pwr_ex.o
 .debug_ranges  0x00000498       0x98 ./system/src/stm32l1xx/stm32l1xx_hal_rcc.o
 .debug_ranges  0x00000530      0x140 ./system/src/stm32l1xx/stm32l1xx_hal_uart.o
 .debug_ranges  0x00000670       0x18 ./system/src/newlib/_exit.o
 .debug_ranges  0x00000688       0x10 ./system/src/newlib/_sbrk.o
 .debug_ranges  0x00000698       0x48 ./system/src/newlib/_startup.o
 .debug_ranges  0x000006e0       0x20 ./system/src/newlib/_syscalls.o
 .debug_ranges  0x00000700       0x28 ./system/src/diag/Trace.o
 .debug_ranges  0x00000728       0x18 ./system/src/diag/trace_impl.o
 .debug_ranges  0x00000740       0x18 ./system/src/cortexm/_initialize_hardware.o
 .debug_ranges  0x00000758       0x78 ./system/src/cortexm/exception_handlers.o
 .debug_ranges  0x000007d0       0x20 ./system/src/cmsis/startup_stm32l162xd.o
 .debug_ranges  0x000007f0       0x18 ./system/src/cmsis/system_stm32l1xx.o
 .debug_ranges  0x00000808       0xf0 ./src/PN532.o
 .debug_ranges  0x000008f8       0x58 ./src/main.o
 .debug_ranges  0x00000950       0x30 ./src/stm32l1xx_hal_msp.o
 .debug_ranges  0x00000980       0x58 ./src/stm32l1xx_it.o

.debug_macro    0x00000000    0x19357
 .debug_macro   0x00000000      0x2e0 ./system/src/stm32l1xx/stm32l1xx_hal.o
 .debug_macro   0x000002e0      0x874 ./system/src/stm32l1xx/stm32l1xx_hal.o
 .debug_macro   0x00000b54       0x9a ./system/src/stm32l1xx/stm32l1xx_hal.o
 .debug_macro   0x00000bee       0x88 ./system/src/stm32l1xx/stm32l1xx_hal.o
 .debug_macro   0x00000c76       0x2e ./system/src/stm32l1xx/stm32l1xx_hal.o
 .debug_macro   0x00000ca4       0x22 ./system/src/stm32l1xx/stm32l1xx_hal.o
 .debug_macro   0x00000cc6      0x34e ./system/src/stm32l1xx/stm32l1xx_hal.o
 .debug_macro   0x00001014       0x34 ./system/src/stm32l1xx/stm32l1xx_hal.o
 .debug_macro   0x00001048       0x34 ./system/src/stm32l1xx/stm32l1xx_hal.o
 .debug_macro   0x0000107c      0xcb4 ./system/src/stm32l1xx/stm32l1xx_hal.o
 .debug_macro   0x00001d30     0xcf09 ./system/src/stm32l1xx/stm32l1xx_hal.o
 .debug_macro   0x0000ec39       0x43 ./system/src/stm32l1xx/stm32l1xx_hal.o
 .debug_macro   0x0000ec7c     0x339f ./system/src/stm32l1xx/stm32l1xx_hal.o
 .debug_macro   0x0001201b       0x22 ./system/src/stm32l1xx/stm32l1xx_hal.o
 .debug_macro   0x0001203d       0x4c ./system/src/stm32l1xx/stm32l1xx_hal.o
 .debug_macro   0x00012089       0x8d ./system/src/stm32l1xx/stm32l1xx_hal.o
 .debug_macro   0x00012116       0x35 ./system/src/stm32l1xx/stm32l1xx_hal.o
 .debug_macro   0x0001214b       0x9c ./system/src/stm32l1xx/stm32l1xx_hal.o
 .debug_macro   0x000121e7       0x16 ./system/src/stm32l1xx/stm32l1xx_hal.o
 .debug_macro   0x000121fd       0x4a ./system/src/stm32l1xx/stm32l1xx_hal.o
 .debug_macro   0x00012247       0x97 ./system/src/stm32l1xx/stm32l1xx_hal.o
 .debug_macro   0x000122de      0x30d ./system/src/stm32l1xx/stm32l1xx_hal.o
 .debug_macro   0x000125eb       0xfd ./system/src/stm32l1xx/stm32l1xx_hal.o
 .debug_macro   0x000126e8       0x10 ./system/src/stm32l1xx/stm32l1xx_hal.o
 .debug_macro   0x000126f8       0x52 ./system/src/stm32l1xx/stm32l1xx_hal.o
 .debug_macro   0x0001274a       0x1f ./system/src/stm32l1xx/stm32l1xx_hal.o
 .debug_macro   0x00012769       0x43 ./system/src/stm32l1xx/stm32l1xx_hal.o
 .debug_macro   0x000127ac       0x20 ./system/src/stm32l1xx/stm32l1xx_hal.o
 .debug_macro   0x000127cc      0x187 ./system/src/stm32l1xx/stm32l1xx_hal.o
 .debug_macro   0x00012953       0x10 ./system/src/stm32l1xx/stm32l1xx_hal.o
 .debug_macro   0x00012963       0x5e ./system/src/stm32l1xx/stm32l1xx_hal.o
 .debug_macro   0x000129c1       0x1c ./system/src/stm32l1xx/stm32l1xx_hal.o
 .debug_macro   0x000129dd       0x52 ./system/src/stm32l1xx/stm32l1xx_hal.o
 .debug_macro   0x00012a2f       0x40 ./system/src/stm32l1xx/stm32l1xx_hal.o
 .debug_macro   0x00012a6f       0x10 ./system/src/stm32l1xx/stm32l1xx_hal.o
 .debug_macro   0x00012a7f       0x40 ./system/src/stm32l1xx/stm32l1xx_hal.o
 .debug_macro   0x00012abf       0xd7 ./system/src/stm32l1xx/stm32l1xx_hal.o
 .debug_macro   0x00012b96       0x16 ./system/src/stm32l1xx/stm32l1xx_hal.o
 .debug_macro   0x00012bac      0x18b ./system/src/stm32l1xx/stm32l1xx_hal.o
 .debug_macro   0x00012d37       0x57 ./system/src/stm32l1xx/stm32l1xx_hal.o
 .debug_macro   0x00012d8e      0xe3f ./system/src/stm32l1xx/stm32l1xx_hal.o
 .debug_macro   0x00013bcd      0x435 ./system/src/stm32l1xx/stm32l1xx_hal.o
 .debug_macro   0x00014002      0x141 ./system/src/stm32l1xx/stm32l1xx_hal.o
 .debug_macro   0x00014143       0xd4 ./system/src/stm32l1xx/stm32l1xx_hal.o
 .debug_macro   0x00014217      0x25d ./system/src/stm32l1xx/stm32l1xx_hal.o
 .debug_macro   0x00014474      0x23c ./system/src/stm32l1xx/stm32l1xx_hal.o
 .debug_macro   0x000146b0      0x115 ./system/src/stm32l1xx/stm32l1xx_hal.o
 .debug_macro   0x000147c5      0x486 ./system/src/stm32l1xx/stm32l1xx_hal.o
 .debug_macro   0x00014c4b      0x225 ./system/src/stm32l1xx/stm32l1xx_hal.o
 .debug_macro   0x00014e70      0x1ef ./system/src/stm32l1xx/stm32l1xx_hal.o
 .debug_macro   0x0001505f       0x22 ./system/src/stm32l1xx/stm32l1xx_hal.o
 .debug_macro   0x00015081      0x287 ./system/src/stm32l1xx/stm32l1xx_hal.o
 .debug_macro   0x00015308      0x47f ./system/src/stm32l1xx/stm32l1xx_hal.o
 .debug_macro   0x00015787      0x2bc ./system/src/stm32l1xx/stm32l1xx_hal_cortex.o
 .debug_macro   0x00015a43      0x2f5 ./system/src/stm32l1xx/stm32l1xx_hal_gpio.o
 .debug_macro   0x00015d38      0x30a ./system/src/stm32l1xx/stm32l1xx_hal_i2c.o
 .debug_macro   0x00016042      0x2d4 ./system/src/stm32l1xx/stm32l1xx_hal_pwr.o
 .debug_macro   0x00016316      0x2bc ./system/src/stm32l1xx/stm32l1xx_hal_pwr_ex.o
 .debug_macro   0x000165d2      0x2f8 ./system/src/stm32l1xx/stm32l1xx_hal_rcc.o
 .debug_macro   0x000168ca      0x2bd ./system/src/stm32l1xx/stm32l1xx_hal_uart.o
 .debug_macro   0x00016b87      0x19c ./system/src/newlib/_exit.o
 .debug_macro   0x00016d23      0x10e ./system/src/newlib/_exit.o
 .debug_macro   0x00016e31       0x8d ./system/src/newlib/_exit.o
 .debug_macro   0x00016ebe       0x35 ./system/src/newlib/_exit.o
 .debug_macro   0x00016ef3      0x151 ./system/src/newlib/_sbrk.o
 .debug_macro   0x00017044      0x174 ./system/src/newlib/_sbrk.o
 .debug_macro   0x000171b8       0x10 ./system/src/newlib/_sbrk.o
 .debug_macro   0x000171c8      0x23b ./system/src/newlib/_sbrk.o
 .debug_macro   0x00017403      0x15b ./system/src/newlib/_startup.o
 .debug_macro   0x0001755e      0x1ff ./system/src/newlib/_syscalls.o
 .debug_macro   0x0001775d       0x1c ./system/src/newlib/_syscalls.o
 .debug_macro   0x00017779       0x10 ./system/src/newlib/_syscalls.o
 .debug_macro   0x00017789       0x10 ./system/src/newlib/_syscalls.o
 .debug_macro   0x00017799       0x10 ./system/src/newlib/_syscalls.o
 .debug_macro   0x000177a9       0x35 ./system/src/newlib/_syscalls.o
 .debug_macro   0x000177de      0x122 ./system/src/newlib/_syscalls.o
 .debug_macro   0x00017900       0x88 ./system/src/newlib/_syscalls.o
 .debug_macro   0x00017988       0x2b ./system/src/newlib/_syscalls.o
 .debug_macro   0x000179b3      0x118 ./system/src/newlib/_syscalls.o
 .debug_macro   0x00017acb      0x159 ./system/src/newlib/_syscalls.o
 .debug_macro   0x00017c24       0x16 ./system/src/newlib/_syscalls.o
 .debug_macro   0x00017c3a      0x1d9 ./system/src/diag/Trace.o
 .debug_macro   0x00017e13       0x4c ./system/src/diag/Trace.o
 .debug_macro   0x00017e5f       0x16 ./system/src/diag/Trace.o
 .debug_macro   0x00017e75      0x1d0 ./system/src/diag/trace_impl.o
 .debug_macro   0x00018045       0x10 ./system/src/diag/trace_impl.o
 .debug_macro   0x00018055       0xcf ./system/src/diag/trace_impl.o
 .debug_macro   0x00018124       0xbe ./system/src/diag/trace_impl.o
 .debug_macro   0x000181e2       0x8a ./system/src/cortexm/_initialize_hardware.o
 .debug_macro   0x0001826c      0x221 ./system/src/cortexm/exception_handlers.o
 .debug_macro   0x0001848d       0x3a ./system/src/cortexm/exception_handlers.o
 .debug_macro   0x000184c7       0x22 ./system/src/cortexm/exception_handlers.o
 .debug_macro   0x000184e9       0x10 ./system/src/cortexm/exception_handlers.o
 .debug_macro   0x000184f9       0x92 ./system/src/cmsis/system_stm32l1xx.o
 .debug_macro   0x0001858b      0x2e6 ./src/PN532.o
 .debug_macro   0x00018871      0x23e ./src/PN532.o
 .debug_macro   0x00018aaf      0x326 ./src/main.o
 .debug_macro   0x00018dd5      0x2bc ./src/stm32l1xx_hal_msp.o
 .debug_macro   0x00019091      0x2c6 ./src/stm32l1xx_it.o
