Archive member included to satisfy reference by file (symbol)

c:/stm32toolchain/gcc-arm/bin/../lib/gcc/arm-none-eabi/5.4.1/armv7-m\libgcc.a(_arm_addsubdf3.o)
                              ./src/MPL3115A2.o (__aeabi_dadd)
c:/stm32toolchain/gcc-arm/bin/../lib/gcc/arm-none-eabi/5.4.1/armv7-m\libgcc.a(_arm_muldivdf3.o)
                              ./src/BNO055.o (__aeabi_dmul)
c:/stm32toolchain/gcc-arm/bin/../lib/gcc/arm-none-eabi/5.4.1/armv7-m\libgcc.a(_arm_fixdfsi.o)
                              ./src/MPL3115A2.o (__aeabi_d2iz)
c:/stm32toolchain/gcc-arm/bin/../lib/gcc/arm-none-eabi/5.4.1/armv7-m\libgcc.a(unwind-arm.o)
                              ./system/src/newlib/_cxx.o (__aeabi_unwind_cpp_pr1)
c:/stm32toolchain/gcc-arm/bin/../lib/gcc/arm-none-eabi/5.4.1/armv7-m\libgcc.a(libunwind.o)
                              c:/stm32toolchain/gcc-arm/bin/../lib/gcc/arm-none-eabi/5.4.1/armv7-m\libgcc.a(unwind-arm.o) (restore_core_regs)
c:/stm32toolchain/gcc-arm/bin/../lib/gcc/arm-none-eabi/5.4.1/armv7-m\libgcc.a(pr-support.o)
                              c:/stm32toolchain/gcc-arm/bin/../lib/gcc/arm-none-eabi/5.4.1/armv7-m\libgcc.a(unwind-arm.o) (__gnu_unwind_execute)
c:/stm32toolchain/gcc-arm/bin/../lib/gcc/arm-none-eabi/5.4.1/../../../../arm-none-eabi/lib/armv7-m\libg_nano.a(lib_a-errno.o)
                              ./system/src/newlib/_sbrk.o (__errno)
c:/stm32toolchain/gcc-arm/bin/../lib/gcc/arm-none-eabi/5.4.1/../../../../arm-none-eabi/lib/armv7-m\libg_nano.a(lib_a-impure.o)
                              c:/stm32toolchain/gcc-arm/bin/../lib/gcc/arm-none-eabi/5.4.1/../../../../arm-none-eabi/lib/armv7-m\libg_nano.a(lib_a-errno.o) (_impure_ptr)
c:/stm32toolchain/gcc-arm/bin/../lib/gcc/arm-none-eabi/5.4.1/../../../../arm-none-eabi/lib/armv7-m\libg_nano.a(lib_a-init.o)
                              ./system/src/cmsis/startup_stm32l162xd.o (__libc_init_array)
c:/stm32toolchain/gcc-arm/bin/../lib/gcc/arm-none-eabi/5.4.1/../../../../arm-none-eabi/lib/armv7-m\libg_nano.a(lib_a-memcpy-stub.o)
                              c:/stm32toolchain/gcc-arm/bin/../lib/gcc/arm-none-eabi/5.4.1/armv7-m\libgcc.a(unwind-arm.o) (memcpy)
c:/stm32toolchain/gcc-arm/bin/../lib/gcc/arm-none-eabi/5.4.1/../../../../arm-none-eabi/lib/armv7-m\libg_nano.a(lib_a-memset.o)
                              ./src/main.o (memset)
c:/stm32toolchain/gcc-arm/bin/../lib/gcc/arm-none-eabi/5.4.1/../../../../arm-none-eabi/lib/armv7-m\libg_nano.a(lib_a-strlen.o)
                              ./system/src/diag/Trace.o (strlen)
c:/stm32toolchain/gcc-arm/bin/../lib/gcc/arm-none-eabi/5.4.1/../../../../arm-none-eabi/lib/armv7-m\libg_nano.a(lib_a-vsnprintf.o)
                              ./system/src/diag/Trace.o (vsnprintf)
c:/stm32toolchain/gcc-arm/bin/../lib/gcc/arm-none-eabi/5.4.1/../../../../arm-none-eabi/lib/armv7-m\libg_nano.a(lib_a-nano-svfprintf.o)
                              c:/stm32toolchain/gcc-arm/bin/../lib/gcc/arm-none-eabi/5.4.1/../../../../arm-none-eabi/lib/armv7-m\libg_nano.a(lib_a-vsnprintf.o) (_svfprintf_r)
c:/stm32toolchain/gcc-arm/bin/../lib/gcc/arm-none-eabi/5.4.1/../../../../arm-none-eabi/lib/armv7-m\libg_nano.a(lib_a-nano-vfprintf_i.o)
                              c:/stm32toolchain/gcc-arm/bin/../lib/gcc/arm-none-eabi/5.4.1/../../../../arm-none-eabi/lib/armv7-m\libg_nano.a(lib_a-nano-svfprintf.o) (_printf_i)
c:/stm32toolchain/gcc-arm/bin/../lib/gcc/arm-none-eabi/5.4.1/../../../../arm-none-eabi/lib/armv7-m\libg_nano.a(lib_a-memchr-stub.o)
                              c:/stm32toolchain/gcc-arm/bin/../lib/gcc/arm-none-eabi/5.4.1/../../../../arm-none-eabi/lib/armv7-m\libg_nano.a(lib_a-nano-svfprintf.o) (memchr)
c:/stm32toolchain/gcc-arm/bin/../lib/gcc/arm-none-eabi/5.4.1/../../../../arm-none-eabi/lib/armv7-m\libg_nano.a(lib_a-memmove.o)
                              c:/stm32toolchain/gcc-arm/bin/../lib/gcc/arm-none-eabi/5.4.1/../../../../arm-none-eabi/lib/armv7-m\libg_nano.a(lib_a-nano-svfprintf.o) (memmove)
c:/stm32toolchain/gcc-arm/bin/../lib/gcc/arm-none-eabi/5.4.1/../../../../arm-none-eabi/lib/armv7-m\libg_nano.a(lib_a-nano-freer.o)
                              c:/stm32toolchain/gcc-arm/bin/../lib/gcc/arm-none-eabi/5.4.1/../../../../arm-none-eabi/lib/armv7-m\libg_nano.a(lib_a-nano-svfprintf.o) (_free_r)
c:/stm32toolchain/gcc-arm/bin/../lib/gcc/arm-none-eabi/5.4.1/../../../../arm-none-eabi/lib/armv7-m\libg_nano.a(lib_a-nano-mallocr.o)
                              c:/stm32toolchain/gcc-arm/bin/../lib/gcc/arm-none-eabi/5.4.1/../../../../arm-none-eabi/lib/armv7-m\libg_nano.a(lib_a-nano-svfprintf.o) (_malloc_r)
c:/stm32toolchain/gcc-arm/bin/../lib/gcc/arm-none-eabi/5.4.1/../../../../arm-none-eabi/lib/armv7-m\libg_nano.a(lib_a-nano-reallocr.o)
                              c:/stm32toolchain/gcc-arm/bin/../lib/gcc/arm-none-eabi/5.4.1/../../../../arm-none-eabi/lib/armv7-m\libg_nano.a(lib_a-nano-svfprintf.o) (_realloc_r)
[...]
Memory Configuration

Name             Origin             Length             Attributes
FLASH            0x08000000         0x00060000         xr
RAM              0x20000000         0x0000c000         xrw
CCMRAM           0x10000000         0x00000000         xrw
FLASHB1          0x00000000         0x00000000         xr
EXTMEMB0         0x00000000         0x00000000         xr
EXTMEMB1         0x00000000         0x00000000         xr
EXTMEMB2         0x00000000         0x00000000         xr
EXTMEMB3         0x00000000         0x00000000         xr
*default*        0x00000000         0xffffffff

Linker script and memory map

LOAD ./system/src/stm32l1xx/stm32l1xx_hal.o
LOAD ./system/src/stm32l1xx/stm32l1xx_hal_cortex.o
LOAD ./system/src/stm32l1xx/stm32l1xx_hal_dma.o
LOAD ./system/src/stm32l1xx/stm32l1xx_hal_flash.o
LOAD ./system/src/stm32l1xx/stm32l1xx_hal_flash_ex.o
LOAD ./system/src/stm32l1xx/stm32l1xx_hal_flash_ramfunc.o
LOAD ./system/src/stm32l1xx/stm32l1xx_hal_gpio.o
LOAD ./system/src/stm32l1xx/stm32l1xx_hal_i2c.o
LOAD ./system/src/stm32l1xx/stm32l1xx_hal_pwr.o
LOAD ./system/src/stm32l1xx/stm32l1xx_hal_pwr_ex.o
LOAD ./system/src/stm32l1xx/stm32l1xx_hal_rcc.o
LOAD ./system/src/stm32l1xx/stm32l1xx_hal_rcc_ex.o
LOAD ./system/src/stm32l1xx/stm32l1xx_hal_tim.o
LOAD ./system/src/stm32l1xx/stm32l1xx_hal_tim_ex.o
LOAD ./system/src/stm32l1xx/stm32l1xx_hal_uart.o
LOAD ./system/src/newlib/_cxx.o
LOAD ./system/src/newlib/_exit.o
LOAD ./system/src/newlib/_sbrk.o
LOAD ./system/src/newlib/_startup.o
LOAD ./system/src/newlib/_syscalls.o
LOAD ./system/src/newlib/assert.o
LOAD ./system/src/diag/Trace.o
LOAD ./system/src/diag/trace_impl.o
LOAD ./system/src/cortexm/_initialize_hardware.o
LOAD ./system/src/cortexm/_reset_hardware.o
LOAD ./system/src/cortexm/exception_handlers.o
LOAD ./system/src/cmsis/startup_stm32l162xd.o
LOAD ./system/src/cmsis/system_stm32l1xx.o
LOAD ./src/BNO055.o
LOAD ./src/MPL3115A2.o
LOAD ./src/main.o
LOAD ./src/stm32l1xx_hal_msp.o
LOAD ./src/stm32l1xx_it.o
LOAD c:/stm32toolchain/gcc-arm/bin/../lib/gcc/arm-none-eabi/5.4.1/../../../../arm-none-eabi/lib/armv7-m\libstdc++_nano.a
LOAD c:/stm32toolchain/gcc-arm/bin/../lib/gcc/arm-none-eabi/5.4.1/../../../../arm-none-eabi/lib/armv7-m\libm.a
START GROUP
LOAD c:/stm32toolchain/gcc-arm/bin/../lib/gcc/arm-none-eabi/5.4.1/armv7-m\libgcc.a
LOAD c:/stm32toolchain/gcc-arm/bin/../lib/gcc/arm-none-eabi/5.4.1/../../../../arm-none-eabi/lib/armv7-m\libg_nano.a
LOAD c:/stm32toolchain/gcc-arm/bin/../lib/gcc/arm-none-eabi/5.4.1/../../../../arm-none-eabi/lib/armv7-m\libc_nano.a
END GROUP
START GROUP
LOAD c:/stm32toolchain/gcc-arm/bin/../lib/gcc/arm-none-eabi/5.4.1/armv7-m\libgcc.a
LOAD c:/stm32toolchain/gcc-arm/bin/../lib/gcc/arm-none-eabi/5.4.1/../../../../arm-none-eabi/lib/armv7-m\libc_nano.a
END GROUP
                0x2000c000                __stack = (ORIGIN (RAM) + LENGTH (RAM))
                0x2000c000                _estack = __stack
                0x00000400                __Main_Stack_Size = 0x400
                [!provide]                PROVIDE (_Main_Stack_Size, __Main_Stack_Size)
                0x2000bc00                __Main_Stack_Limit = (__stack - __Main_Stack_Size)
                [!provide]                PROVIDE (_Main_Stack_Limit, __Main_Stack_Limit)
                0x00000100                _Minimum_Stack_Size = 0x100
                0x2000025c                PROVIDE (_Heap_Begin, _end_noinit)
                0x2000bc00                PROVIDE (_Heap_Limit, (__stack - __Main_Stack_Size))

.isr_vector     0x08000000      0x354
 FILL mask 0xff
                0x08000000                __vectors_start = ABSOLUTE (.)
                0x08000000                __vectors_start__ = ABSOLUTE (.)
 *(.isr_vector)
 .isr_vector    0x08000000      0x13c ./system/src/cmsis/startup_stm32l162xd.o
                0x08000000                g_pfnVectors
 *(.cfmconfig)
 *(.after_vectors .after_vectors.*)
 .after_vectors
                0x0800013c      0x114 ./system/src/newlib/_startup.o
                0x0800013c                _start
 .after_vectors
                0x08000250      0x104 ./system/src/cortexm/exception_handlers.o
                0x08000250                Reset_Handler
                0x08000270                HardFault_Handler_C
                0x080002bc                BusFault_Handler_C
                0x08000304                UsageFault_Handler_C

.inits          0x08000354       0x28
                0x08000354                __data_regions_array_start = .
                0x08000354        0x4 LONG 0x8003da8 LOADADDR (.data)
                0x08000358        0x4 LONG 0x20000000 ADDR (.data)
                0x0800035c        0x4 LONG 0x20000078 (ADDR (.data) + SIZEOF (.data))
                0x08000360        0x4 LONG 0x8003da8 LOADADDR (.data_CCMRAM)
                0x08000364        0x4 LONG 0x10000000 ADDR (.data_CCMRAM)
                0x08000368        0x4 LONG 0x10000000 (ADDR (.data_CCMRAM) + SIZEOF (.data_CCMRAM))
                0x0800036c                __data_regions_array_end = .
                0x0800036c                __bss_regions_array_start = .
                0x0800036c        0x4 LONG 0x20000078 ADDR (.bss)
                0x08000370        0x4 LONG 0x2000025c (ADDR (.bss) + SIZEOF (.bss))
                0x08000374        0x4 LONG 0x10000000 ADDR (.bss_CCMRAM)
                0x08000378        0x4 LONG 0x10000000 (ADDR (.bss_CCMRAM) + SIZEOF (.bss_CCMRAM))
                0x0800037c                __bss_regions_array_end = .
 *(.init)
 *(.fini)
                0x0800037c                . = ALIGN (0x4)
                0x0800037c                PROVIDE (__preinit_array_start, .)
 *(.preinit_array_sysinit .preinit_array_sysinit.*)
 *(.preinit_array_platform .preinit_array_platform.*)
 *(.preinit_array .preinit_array.*)
                0x0800037c                PROVIDE (__preinit_array_end, .)
                0x0800037c                . = ALIGN (0x4)
                0x0800037c                PROVIDE (__init_array_start, .)
 *(SORT(.init_array.*))
 *(.init_array)
                0x0800037c                PROVIDE (__init_array_end, .)
                0x0800037c                . = ALIGN (0x4)
                0x0800037c                PROVIDE (__fini_array_start, .)
 *(SORT(.fini_array.*))
 *(.fini_array)
                0x0800037c                PROVIDE (__fini_array_end, .)

.flashtext
 *(.flashtext .flashtext.*)

.text           0x0800037c     0x3a29
 *(.text .text.*)
 .text.HAL_InitTick
                0x0800037c       0x2c ./system/src/stm32l1xx/stm32l1xx_hal.o
                0x0800037c                HAL_InitTick
 .text.HAL_Init
                0x080003a8       0x18 ./system/src/stm32l1xx/stm32l1xx_hal.o
                0x080003a8                HAL_Init
 .text.HAL_IncTick
                0x080003c0       0x10 ./system/src/stm32l1xx/stm32l1xx_hal.o
                0x080003c0                HAL_IncTick
 .text.HAL_GetTick
                0x080003d0        0xc ./system/src/stm32l1xx/stm32l1xx_hal.o
                0x080003d0                HAL_GetTick
 .text.HAL_Delay
                0x080003dc       0x1c ./system/src/stm32l1xx/stm32l1xx_hal.o
                0x080003dc                HAL_Delay
 .text.HAL_SuspendTick
                0x080003f8       0x10 ./system/src/stm32l1xx/stm32l1xx_hal.o
                0x080003f8                HAL_SuspendTick
 .text.HAL_ResumeTick
                0x08000408       0x10 ./system/src/stm32l1xx/stm32l1xx_hal.o
                0x08000408                HAL_ResumeTick
 .text.HAL_NVIC_SetPriorityGrouping
                0x08000418       0x24 ./system/src/stm32l1xx/stm32l1xx_hal_cortex.o
                0x08000418                HAL_NVIC_SetPriorityGrouping
 .text.HAL_NVIC_SetPriority
                0x0800043c       0x64 ./system/src/stm32l1xx/stm32l1xx_hal_cortex.o
                0x0800043c                HAL_NVIC_SetPriority
 .text.HAL_NVIC_EnableIRQ
                0x080004a0       0x18 ./system/src/stm32l1xx/stm32l1xx_hal_cortex.o
                0x080004a0                HAL_NVIC_EnableIRQ
 .text.HAL_NVIC_DisableIRQ
                0x080004b8       0x1c ./system/src/stm32l1xx/stm32l1xx_hal_cortex.o
                0x080004b8                HAL_NVIC_DisableIRQ
 .text.HAL_SYSTICK_Config
                0x080004d4       0x2c ./system/src/stm32l1xx/stm32l1xx_hal_cortex.o
                0x080004d4                HAL_SYSTICK_Config
 .text.HAL_SYSTICK_CLKSourceConfig
                0x08000500       0x20 ./system/src/stm32l1xx/stm32l1xx_hal_cortex.o
                0x08000500                HAL_SYSTICK_CLKSourceConfig
 .text.HAL_SYSTICK_Callback
                0x08000520        0x4 ./system/src/stm32l1xx/stm32l1xx_hal_cortex.o
                0x08000520                HAL_SYSTICK_Callback
 .text.HAL_SYSTICK_IRQHandler
                0x08000524        0x8 ./system/src/stm32l1xx/stm32l1xx_hal_cortex.o
                0x08000524                HAL_SYSTICK_IRQHandler
 .text.HAL_GPIO_Init
                0x0800052c      0x1ac ./system/src/stm32l1xx/stm32l1xx_hal_gpio.o
                0x0800052c                HAL_GPIO_Init
 .text.HAL_GPIO_DeInit
                0x080006d8      0x10c ./system/src/stm32l1xx/stm32l1xx_hal_gpio.o
                0x080006d8                HAL_GPIO_DeInit
 .text.HAL_GPIO_WritePin
                0x080007e4        0xc ./system/src/stm32l1xx/stm32l1xx_hal_gpio.o
                0x080007e4                HAL_GPIO_WritePin
 .text.HAL_GPIO_TogglePin
                0x080007f0        0x8 ./system/src/stm32l1xx/stm32l1xx_hal_gpio.o
                0x080007f0                HAL_GPIO_TogglePin
 .text.I2C_IsAcknowledgeFailed
                0x080007f8       0x2c ./system/src/stm32l1xx/stm32l1xx_hal_i2c.o
 .text.I2C_WaitOnFlagUntilTimeout
                0x08000824       0x68 ./system/src/stm32l1xx/stm32l1xx_hal_i2c.o
 .text.I2C_WaitOnMasterAddressFlagUntilTimeout
                0x0800088c       0x94 ./system/src/stm32l1xx/stm32l1xx_hal_i2c.o
 .text.I2C_MasterRequestWrite
                0x08000920       0xc0 ./system/src/stm32l1xx/stm32l1xx_hal_i2c.o
 .text.I2C_WaitOnTXEFlagUntilTimeout
                0x080009e0       0x50 ./system/src/stm32l1xx/stm32l1xx_hal_i2c.o
 .text.I2C_RequestMemoryRead
                0x08000a30      0x148 ./system/src/stm32l1xx/stm32l1xx_hal_i2c.o
 .text.I2C_WaitOnBTFFlagUntilTimeout
                0x08000b78       0x50 ./system/src/stm32l1xx/stm32l1xx_hal_i2c.o
 .text.I2C_WaitOnRXNEFlagUntilTimeout
                0x08000bc8       0x60 ./system/src/stm32l1xx/stm32l1xx_hal_i2c.o
 .text.HAL_I2C_Init
                0x08000c28      0x164 ./system/src/stm32l1xx/stm32l1xx_hal_i2c.o
                0x08000c28                HAL_I2C_Init
 .text.HAL_I2C_Master_Transmit
                0x08000d8c      0x17c ./system/src/stm32l1xx/stm32l1xx_hal_i2c.o
                0x08000d8c                HAL_I2C_Master_Transmit
 .text.HAL_I2C_Mem_Read
                0x08000f08      0x2fc ./system/src/stm32l1xx/stm32l1xx_hal_i2c.o
                0x08000f08                HAL_I2C_Mem_Read
 .text.HAL_PWR_EnableWakeUpPin
                0x08001204       0x18 ./system/src/stm32l1xx/stm32l1xx_hal_pwr.o
                0x08001204                HAL_PWR_EnableWakeUpPin
 .text.HAL_PWR_EnterSLEEPMode
                0x0800121c       0x30 ./system/src/stm32l1xx/stm32l1xx_hal_pwr.o
                0x0800121c                HAL_PWR_EnterSLEEPMode
 .text.HAL_PWREx_GetVoltageRange
                0x0800124c       0x10 ./system/src/stm32l1xx/stm32l1xx_hal_pwr_ex.o
                0x0800124c                HAL_PWREx_GetVoltageRange
 .text.RCC_SetFlashLatencyFromMSIRange
                0x0800125c       0x90 ./system/src/stm32l1xx/stm32l1xx_hal_rcc.o
 .text.HAL_RCC_OscConfig
                0x080012ec      0x79c ./system/src/stm32l1xx/stm32l1xx_hal_rcc.o
                0x080012ec                HAL_RCC_OscConfig
 .text.HAL_RCC_GetSysClockFreq
                0x08001a88       0xa0 ./system/src/stm32l1xx/stm32l1xx_hal_rcc.o
                0x08001a88                HAL_RCC_GetSysClockFreq
 .text.HAL_RCC_ClockConfig
                0x08001b28      0x25c ./system/src/stm32l1xx/stm32l1xx_hal_rcc.o
                0x08001b28                HAL_RCC_ClockConfig
 .text.HAL_RCC_GetHCLKFreq
                0x08001d84        0xc ./system/src/stm32l1xx/stm32l1xx_hal_rcc.o
                0x08001d84                HAL_RCC_GetHCLKFreq
 .text.HAL_RCC_GetPCLK1Freq
                0x08001d90       0x30 ./system/src/stm32l1xx/stm32l1xx_hal_rcc.o
                0x08001d90                HAL_RCC_GetPCLK1Freq
 .text.HAL_RCC_GetPCLK2Freq
                0x08001dc0       0x30 ./system/src/stm32l1xx/stm32l1xx_hal_rcc.o
                0x08001dc0                HAL_RCC_GetPCLK2Freq
 .text.TIM_Base_SetConfig
                0x08001df0       0x80 ./system/src/stm32l1xx/stm32l1xx_hal_tim.o
 .text.TIM_TI1_ConfigInputStage
                0x08001e70       0x24 ./system/src/stm32l1xx/stm32l1xx_hal_tim.o
 .text.TIM_TI2_ConfigInputStage
                0x08001e94       0x28 ./system/src/stm32l1xx/stm32l1xx_hal_tim.o
 .text.TIM_ITRx_SetConfig
                0x08001ebc       0x10 ./system/src/stm32l1xx/stm32l1xx_hal_tim.o
 .text.TIM_ETR_SetConfig
                0x08001ecc       0x18 ./system/src/stm32l1xx/stm32l1xx_hal_tim.o
 .text.HAL_TIM_Base_Init
                0x08001ee4       0x38 ./system/src/stm32l1xx/stm32l1xx_hal_tim.o
                0x08001ee4                HAL_TIM_Base_Init
 .text.HAL_TIM_Base_Start_IT
                0x08001f1c       0x18 ./system/src/stm32l1xx/stm32l1xx_hal_tim.o
                0x08001f1c                HAL_TIM_Base_Start_IT
 .text.HAL_TIM_ConfigClockSource
                0x08001f34      0x114 ./system/src/stm32l1xx/stm32l1xx_hal_tim.o
                0x08001f34                HAL_TIM_ConfigClockSource
 .text.HAL_TIM_OC_DelayElapsedCallback
                0x08002048        0x4 ./system/src/stm32l1xx/stm32l1xx_hal_tim.o
                0x08002048                HAL_TIM_OC_DelayElapsedCallback
 .text.HAL_TIM_IC_CaptureCallback
                0x0800204c        0x4 ./system/src/stm32l1xx/stm32l1xx_hal_tim.o
                0x0800204c                HAL_TIM_IC_CaptureCallback
 .text.HAL_TIM_PWM_PulseFinishedCallback
                0x08002050        0x4 ./system/src/stm32l1xx/stm32l1xx_hal_tim.o
                0x08002050                HAL_TIM_PWM_PulseFinishedCallback
 .text.HAL_TIM_TriggerCallback
                0x08002054        0x4 ./system/src/stm32l1xx/stm32l1xx_hal_tim.o
                0x08002054                HAL_TIM_TriggerCallback
 .text.HAL_TIM_IRQHandler
                0x08002058      0x138 ./system/src/stm32l1xx/stm32l1xx_hal_tim.o
                0x08002058                HAL_TIM_IRQHandler
 .text.HAL_TIMEx_MasterConfigSynchronization
                0x08002190       0x54 ./system/src/stm32l1xx/stm32l1xx_hal_tim_ex.o
                0x08002190                HAL_TIMEx_MasterConfigSynchronization
 .text.UART_SetConfig
                0x080021e4      0x314 ./system/src/stm32l1xx/stm32l1xx_hal_uart.o
 .text.UART_WaitOnFlagUntilTimeout
                0x080024f8       0xd4 ./system/src/stm32l1xx/stm32l1xx_hal_uart.o
 .text.HAL_UART_Init
                0x080025cc       0x60 ./system/src/stm32l1xx/stm32l1xx_hal_uart.o
                0x080025cc                HAL_UART_Init
 .text.HAL_UART_DeInit
                0x0800262c       0x3c ./system/src/stm32l1xx/stm32l1xx_hal_uart.o
                0x0800262c                HAL_UART_DeInit
 .text.HAL_UART_Transmit
                0x08002668       0xec ./system/src/stm32l1xx/stm32l1xx_hal_uart.o
                0x08002668                HAL_UART_Transmit
 .text._exit    0x08002754        0x4 ./system/src/newlib/_exit.o
                0x08002754                _exit
 .text._sbrk    0x08002758       0x44 ./system/src/newlib/_sbrk.o
                0x08002758                _sbrk
 .text.__initialize_args
                0x0800279c       0x10 ./system/src/newlib/_syscalls.o
                0x0800279c                __initialize_args
 .text.trace_printf
                0x080027ac       0x30 ./system/src/diag/Trace.o
                0x080027ac                trace_printf
 .text.trace_write
                0x080027dc        0x8 ./system/src/diag/trace_impl.o
                0x080027dc                trace_write
 .text.__initialize_hardware_early
                0x080027e4       0x18 ./system/src/cortexm/_initialize_hardware.o
                0x080027e4                __initialize_hardware_early
 .text.__initialize_hardware
                0x080027fc        0x8 ./system/src/cortexm/_initialize_hardware.o
                0x080027fc                __initialize_hardware
 .text.dumpExceptionStack
                0x08002804       0xf0 ./system/src/cortexm/exception_handlers.o
                0x08002804                dumpExceptionStack
 .text.Default_Handler
                0x080028f4        0x2 ./system/src/cmsis/startup_stm32l162xd.o
                0x080028f4                RTC_Alarm_IRQHandler
                0x080028f4                EXTI2_IRQHandler
                0x080028f4                COMP_ACQ_IRQHandler
                0x080028f4                TIM10_IRQHandler
                0x080028f4                USB_HP_IRQHandler
                0x080028f4                TIM6_IRQHandler
                0x080028f4                PVD_IRQHandler
                0x080028f4                SDIO_IRQHandler
                0x080028f4                EXTI3_IRQHandler
                0x080028f4                EXTI0_IRQHandler
                0x080028f4                I2C2_EV_IRQHandler
                0x080028f4                SPI1_IRQHandler
                0x080028f4                USB_FS_WKUP_IRQHandler
                0x080028f4                DMA2_Channel2_IRQHandler
                0x080028f4                DMA1_Channel4_IRQHandler
                0x080028f4                ADC1_IRQHandler
                0x080028f4                USART3_IRQHandler
                0x080028f4                DMA1_Channel7_IRQHandler
                0x080028f4                LCD_IRQHandler
                0x080028f4                UART5_IRQHandler
                0x080028f4                TIM4_IRQHandler
                0x080028f4                DMA2_Channel1_IRQHandler
                0x080028f4                I2C1_EV_IRQHandler
                0x080028f4                DMA1_Channel6_IRQHandler
                0x080028f4                UART4_IRQHandler
                0x080028f4                DMA2_Channel4_IRQHandler
                0x080028f4                TIM3_IRQHandler
                0x080028f4                RCC_IRQHandler
                0x080028f4                DMA1_Channel1_IRQHandler
                0x080028f4                Default_Handler
                0x080028f4                EXTI15_10_IRQHandler
                0x080028f4                TIM7_IRQHandler
                0x080028f4                TIM5_IRQHandler
                0x080028f4                EXTI9_5_IRQHandler
                0x080028f4                TIM9_IRQHandler
                0x080028f4                TAMPER_STAMP_IRQHandler
                0x080028f4                RTC_WKUP_IRQHandler
                0x080028f4                SPI2_IRQHandler
                0x080028f4                DMA2_Channel5_IRQHandler
                0x080028f4                DMA1_Channel5_IRQHandler
                0x080028f4                USB_LP_IRQHandler
                0x080028f4                EXTI4_IRQHandler
                0x080028f4                DMA1_Channel3_IRQHandler
                0x080028f4                COMP_IRQHandler
                0x080028f4                WWDG_IRQHandler
                0x080028f4                DAC_IRQHandler
                0x080028f4                EXTI1_IRQHandler
                0x080028f4                AES_IRQHandler
                0x080028f4                TIM11_IRQHandler
                0x080028f4                USART2_IRQHandler
                0x080028f4                I2C2_ER_IRQHandler
                0x080028f4                DMA1_Channel2_IRQHandler
                0x080028f4                FLASH_IRQHandler
                0x080028f4                USART1_IRQHandler
                0x080028f4                SPI3_IRQHandler
                0x080028f4                I2C1_ER_IRQHandler
                0x080028f4                DMA2_Channel3_IRQHandler
 *fill*         0x080028f6        0x2 
 .text.SystemInit
                0x080028f8       0x48 ./system/src/cmsis/system_stm32l1xx.o
                0x080028f8                SystemInit
 .text.SystemCoreClockUpdate
                0x08002940       0xc4 ./system/src/cmsis/system_stm32l1xx.o
                0x08002940                SystemCoreClockUpdate
 .text.setI2CInterface_MPL3115A2
                0x08002a04        0xc ./src/MPL3115A2.o
                0x08002a04                setI2CInterface_MPL3115A2
 .text.WRITE_REGISTER_MPL3115A2
                0x08002a10       0x24 ./src/MPL3115A2.o
                0x08002a10                WRITE_REGISTER_MPL3115A2
 .text.READ_REGISTER_MPL3115A2
                0x08002a34       0x28 ./src/MPL3115A2.o
                0x08002a34                READ_REGISTER_MPL3115A2
 .text.ReadBar_MPL3115A2_v2
                0x08002a5c       0x2c ./src/MPL3115A2.o
                0x08002a5c                ReadBar_MPL3115A2_v2
 .text.Init_Bar_int_MPL3115A2
                0x08002a88       0x6c ./src/MPL3115A2.o
                0x08002a88                Init_Bar_int_MPL3115A2
 .text.Active_MPL3115A2
                0x08002af4       0x34 ./src/MPL3115A2.o
                0x08002af4                Active_MPL3115A2
 .text.Read_Temp_MPL3115A
                0x08002b28       0x2c ./src/MPL3115A2.o
                0x08002b28                Read_Temp_MPL3115A
 .text.MX_GPIO_Init
                0x08002b54       0xd4 ./src/main.o
 .text.D7SendMessage
                0x08002c28      0x130 ./src/main.o
                0x08002c28                D7SendMessage
 .text.shutDownDASH7
                0x08002d58       0x28 ./src/main.o
                0x08002d58                shutDownDASH7
 .text.toggleBlue
                0x08002d80       0x30 ./src/main.o
                0x08002d80                toggleBlue
 .text.toggleWhite
                0x08002db0       0x60 ./src/main.o
                0x08002db0                toggleWhite
 .text.SleepMode
                0x08002e10       0x48 ./src/main.o
                0x08002e10                SleepMode
 .text.HAL_TIM_PeriodElapsedCallback
                0x08002e58       0x28 ./src/main.o
                0x08002e58                HAL_TIM_PeriodElapsedCallback
 .text.Error_Handler
                0x08002e80        0x4 ./src/main.o
                0x08002e80                Error_Handler
 .text.MX_I2C1_Init
                0x08002e84       0x38 ./src/main.o
 .text.MX_USART1_UART_Init
                0x08002ebc       0x34 ./src/main.o
 .text.bootDASH7
                0x08002ef0       0x20 ./src/main.o
                0x08002ef0                bootDASH7
 .text.MX_USART2_UART_Init
                0x08002f10       0x34 ./src/main.o
 .text.MX_TIM2_Init
                0x08002f44       0x5c ./src/main.o
 .text.SystemClock_Config
                0x08002fa0       0x7c ./src/main.o
                0x08002fa0                SystemClock_Config
 .text.main     0x0800301c       0xf0 ./src/main.o
                0x0800301c                main
 .text.HAL_MspInit
                0x0800310c       0xa0 ./src/stm32l1xx_hal_msp.o
                0x0800310c                HAL_MspInit
 .text.HAL_I2C_MspInit
                0x080031ac       0x54 ./src/stm32l1xx_hal_msp.o
                0x080031ac                HAL_I2C_MspInit
 .text.HAL_TIM_Base_MspInit
                0x08003200       0x3c ./src/stm32l1xx_hal_msp.o
                0x08003200                HAL_TIM_Base_MspInit
 .text.HAL_UART_MspInit
                0x0800323c       0x8c ./src/stm32l1xx_hal_msp.o
                0x0800323c                HAL_UART_MspInit
 .text.HAL_UART_MspDeInit
                0x080032c8       0x4c ./src/stm32l1xx_hal_msp.o
                0x080032c8                HAL_UART_MspDeInit
 .text.NMI_Handler
                0x08003314        0x4 ./src/stm32l1xx_it.o
                0x08003314                NMI_Handler
 .text.HardFault_Handler
                0x08003318        0x4 ./src/stm32l1xx_it.o
                0x08003318                HardFault_Handler
 .text.MemManage_Handler
                0x0800331c        0x4 ./src/stm32l1xx_it.o
                0x0800331c                MemManage_Handler
 .text.BusFault_Handler
                0x08003320        0x4 ./src/stm32l1xx_it.o
                0x08003320                BusFault_Handler
 .text.UsageFault_Handler
                0x08003324        0x4 ./src/stm32l1xx_it.o
                0x08003324                UsageFault_Handler
 .text.SVC_Handler
                0x08003328        0x4 ./src/stm32l1xx_it.o
                0x08003328                SVC_Handler
 .text.DebugMon_Handler
                0x0800332c        0x4 ./src/stm32l1xx_it.o
                0x0800332c                DebugMon_Handler
 .text.PendSV_Handler
                0x08003330        0x4 ./src/stm32l1xx_it.o
                0x08003330                PendSV_Handler
 .text.SysTick_Handler
                0x08003334        0xc ./src/stm32l1xx_it.o
                0x08003334                SysTick_Handler
 .text.TIM2_IRQHandler
                0x08003340       0x10 ./src/stm32l1xx_it.o
                0x08003340                TIM2_IRQHandler
 .text.__errno  0x08003350        0xc c:/stm32toolchain/gcc-arm/bin/../lib/gcc/arm-none-eabi/5.4.1/../../../../arm-none-eabi/lib/armv7-m\libg_nano.a(lib_a-errno.o)
                0x08003350                __errno
 .text.memcpy   0x0800335c       0x16 c:/stm32toolchain/gcc-arm/bin/../lib/gcc/arm-none-eabi/5.4.1/../../../../arm-none-eabi/lib/armv7-m\libg_nano.a(lib_a-memcpy-stub.o)
                0x0800335c                memcpy
 .text.memset   0x08003372       0x10 c:/stm32toolchain/gcc-arm/bin/../lib/gcc/arm-none-eabi/5.4.1/../../../../arm-none-eabi/lib/armv7-m\libg_nano.a(lib_a-memset.o)
                0x08003372                memset
 .text._vsnprintf_r
                0x08003382       0x56 c:/stm32toolchain/gcc-arm/bin/../lib/gcc/arm-none-eabi/5.4.1/../../../../arm-none-eabi/lib/armv7-m\libg_nano.a(lib_a-vsnprintf.o)
                0x08003382                _vsniprintf_r
                0x08003382                _vsnprintf_r
 .text.vsnprintf
                0x080033d8       0x1c c:/stm32toolchain/gcc-arm/bin/../lib/gcc/arm-none-eabi/5.4.1/../../../../arm-none-eabi/lib/armv7-m\libg_nano.a(lib_a-vsnprintf.o)
                0x080033d8                vsniprintf
                0x080033d8                vsnprintf
 .text.__ssputs_r
                0x080033f4       0xb2 c:/stm32toolchain/gcc-arm/bin/../lib/gcc/arm-none-eabi/5.4.1/../../../../arm-none-eabi/lib/armv7-m\libg_nano.a(lib_a-nano-svfprintf.o)
                0x080033f4                __ssputs_r
 *fill*         0x080034a6        0x2 
 .text._svfprintf_r
                0x080034a8      0x1e8 c:/stm32toolchain/gcc-arm/bin/../lib/gcc/arm-none-eabi/5.4.1/../../../../arm-none-eabi/lib/armv7-m\libg_nano.a(lib_a-nano-svfprintf.o)
                0x080034a8                _svfiprintf_r
                0x080034a8                _svfprintf_r
 .text._printf_common
                0x08003690       0xec c:/stm32toolchain/gcc-arm/bin/../lib/gcc/arm-none-eabi/5.4.1/../../../../arm-none-eabi/lib/armv7-m\libg_nano.a(lib_a-nano-vfprintf_i.o)
                0x08003690                _printf_common
 .text._printf_i
                0x0800377c      0x24c c:/stm32toolchain/gcc-arm/bin/../lib/gcc/arm-none-eabi/5.4.1/../../../../arm-none-eabi/lib/armv7-m\libg_nano.a(lib_a-nano-vfprintf_i.o)
                0x0800377c                _printf_i
 .text.memchr   0x080039c8       0x1c c:/stm32toolchain/gcc-arm/bin/../lib/gcc/arm-none-eabi/5.4.1/../../../../arm-none-eabi/lib/armv7-m\libg_nano.a(lib_a-memchr-stub.o)
                0x080039c8                memchr
 .text.memmove  0x080039e4       0x36 c:/stm32toolchain/gcc-arm/bin/../lib/gcc/arm-none-eabi/5.4.1/../../../../arm-none-eabi/lib/armv7-m\libg_nano.a(lib_a-memmove.o)
                0x080039e4                memmove
 *fill*         0x08003a1a        0x2 
 .text._free_r  0x08003a1c       0x98 c:/stm32toolchain/gcc-arm/bin/../lib/gcc/arm-none-eabi/5.4.1/../../../../arm-none-eabi/lib/armv7-m\libg_nano.a(lib_a-nano-freer.o)
                0x08003a1c                _free_r
 .text._malloc_r
                0x08003ab4       0xbc c:/stm32toolchain/gcc-arm/bin/../lib/gcc/arm-none-eabi/5.4.1/../../../../arm-none-eabi/lib/armv7-m\libg_nano.a(lib_a-nano-mallocr.o)
                0x08003ab4                _malloc_r
 .text._realloc_r
                0x08003b70       0x4c c:/stm32toolchain/gcc-arm/bin/../lib/gcc/arm-none-eabi/5.4.1/../../../../arm-none-eabi/lib/armv7-m\libg_nano.a(lib_a-nano-reallocr.o)
                0x08003b70                _realloc_r
 .text._sbrk_r  0x08003bbc       0x20 c:/stm32toolchain/gcc-arm/bin/../lib/gcc/arm-none-eabi/5.4.1/../../../../arm-none-eabi/lib/armv7-m\libg_nano.a(lib_a-sbrkr.o)
                0x08003bbc                _sbrk_r
 .text.__malloc_lock
                0x08003bdc        0x2 c:/stm32toolchain/gcc-arm/bin/../lib/gcc/arm-none-eabi/5.4.1/../../../../arm-none-eabi/lib/armv7-m\libg_nano.a(lib_a-mlock.o)
                0x08003bdc                __malloc_lock
 .text.__malloc_unlock
                0x08003bde        0x2 c:/stm32toolchain/gcc-arm/bin/../lib/gcc/arm-none-eabi/5.4.1/../../../../arm-none-eabi/lib/armv7-m\libg_nano.a(lib_a-mlock.o)
                0x08003bde                __malloc_unlock
 .text._malloc_usable_size_r
                0x08003be0       0x14 c:/stm32toolchain/gcc-arm/bin/../lib/gcc/arm-none-eabi/5.4.1/../../../../arm-none-eabi/lib/armv7-m\libg_nano.a(lib_a-nano-msizer.o)
                0x08003be0                _malloc_usable_size_r
 *(.rodata .rodata.* .constdata .constdata.*)
 .rodata.str1.4
                0x08003bf4      0x148 ./system/src/cortexm/exception_handlers.o
                                0x146 (size before relaxing)
 .rodata.AHBPrescTable
                0x08003d3c       0x10 ./system/src/cmsis/system_stm32l1xx.o
                0x08003d3c                AHBPrescTable
 .rodata.APBPrescTable
                0x08003d4c        0x8 ./system/src/cmsis/system_stm32l1xx.o
                0x08003d4c                APBPrescTable
 .rodata.PLLMulTable
                0x08003d54        0x9 ./system/src/cmsis/system_stm32l1xx.o
                0x08003d54                PLLMulTable
 *fill*         0x08003d5d        0x3 
 .rodata        0x08003d60       0x12 ./src/MPL3115A2.o
 .rodata.str1.1
                0x08003d72       0x11 c:/stm32toolchain/gcc-arm/bin/../lib/gcc/arm-none-eabi/5.4.1/../../../../arm-none-eabi/lib/armv7-m\libg_nano.a(lib_a-nano-svfprintf.o)
 .rodata.str1.1
                0x08003d83       0x22 c:/stm32toolchain/gcc-arm/bin/../lib/gcc/arm-none-eabi/5.4.1/../../../../arm-none-eabi/lib/armv7-m\libg_nano.a(lib_a-nano-vfprintf_i.o)
 *(vtable)
 *(.eh_frame*)
 *(.glue_7)
 .glue_7        0x08003da5        0x0 linker stubs
 *(.glue_7t)
 .glue_7t       0x08003da5        0x0 linker stubs

.vfp11_veneer   0x08003da8        0x0
 .vfp11_veneer  0x08003da8        0x0 linker stubs

.v4_bx          0x08003da8        0x0
 .v4_bx         0x08003da8        0x0 linker stubs

.iplt           0x08003da8        0x0
 .iplt          0x08003da8        0x0 ./system/src/stm32l1xx/stm32l1xx_hal.o

.rel.dyn        0x08003da8        0x0
 .rel.iplt      0x08003da8        0x0 ./system/src/stm32l1xx/stm32l1xx_hal.o

.ARM.extab
 *(.ARM.extab* .gnu.linkonce.armextab.*)
                0x08003da8                . = ALIGN (0x4)
                0x08003da8                __exidx_start = .

.ARM.exidx
 *(.ARM.exidx* .gnu.linkonce.armexidx.*)
                0x08003da8                __exidx_end = .
                0x08003da8                . = ALIGN (0x4)
                0x08003da8                _etext = .
                0x08003da8                __etext = .

.data_CCMRAM    0x10000000        0x0 load address 0x08003da8
 FILL mask 0xff
 *(.data.CCMRAM .data.CCMRAM.*)
                0x10000000                . = ALIGN (0x4)
                0x08003da8                _sidata = LOADADDR (.data)

.data           0x20000000       0x78 load address 0x08003da8
 FILL mask 0xff
                0x20000000                _sdata = .
                0x20000000                __data_start__ = .
 *(.data_begin .data_begin.*)
 .data_begin    0x20000000        0x4 ./system/src/newlib/_startup.o
 *(.data .data.*)
 .data.argv.4290
                0x20000004        0x8 ./system/src/newlib/_syscalls.o
 .data.SystemCoreClock
                0x2000000c        0x4 ./system/src/cmsis/system_stm32l1xx.o
                0x2000000c                SystemCoreClock
 .data.impure_data
                0x20000010       0x60 c:/stm32toolchain/gcc-arm/bin/../lib/gcc/arm-none-eabi/5.4.1/../../../../arm-none-eabi/lib/armv7-m\libg_nano.a(lib_a-impure.o)
 .data._impure_ptr
                0x20000070        0x4 c:/stm32toolchain/gcc-arm/bin/../lib/gcc/arm-none-eabi/5.4.1/../../../../arm-none-eabi/lib/armv7-m\libg_nano.a(lib_a-impure.o)
                0x20000070                _impure_ptr
 *(.data_end .data_end.*)
 .data_end      0x20000074        0x4 ./system/src/newlib/_startup.o
                0x20000078                . = ALIGN (0x4)
                0x20000078                _edata = .
                0x20000078                __data_end__ = .

.igot.plt       0x20000078        0x0 load address 0x08003e20
 .igot.plt      0x20000078        0x0 ./system/src/stm32l1xx/stm32l1xx_hal.o

.bss_CCMRAM     0x10000000        0x0
 *(.bss.CCMRAM .bss.CCMRAM.*)

.bss            0x20000078      0x1e4
                0x20000078                __bss_start__ = .
                0x20000078                _sbss = .
 *(.bss_begin .bss_begin.*)
 .bss_begin     0x20000078        0x4 ./system/src/newlib/_startup.o
 *(.bss .bss.*)
 .bss.current_heap_end.3974
                0x2000007c        0x4 ./system/src/newlib/_sbrk.o
 .bss.name.4289
                0x20000080        0x1 ./system/src/newlib/_syscalls.o
 *fill*         0x20000081        0x3 
 .bss.buf.5179  0x20000084       0x80 ./system/src/diag/Trace.o
 .bss.hi2cLib   0x20000104        0x4 ./src/MPL3115A2.o
 .bss.timerexpired
                0x20000108        0x1 ./src/main.o
                0x20000108                timerexpired
 *fill*         0x20000109        0x3 
 .bss.__malloc_sbrk_start
                0x2000010c        0x4 c:/stm32toolchain/gcc-arm/bin/../lib/gcc/arm-none-eabi/5.4.1/../../../../arm-none-eabi/lib/armv7-m\libg_nano.a(lib_a-nano-mallocr.o)
                0x2000010c                __malloc_sbrk_start
 .bss.__malloc_free_list
                0x20000110        0x4 c:/stm32toolchain/gcc-arm/bin/../lib/gcc/arm-none-eabi/5.4.1/../../../../arm-none-eabi/lib/armv7-m\libg_nano.a(lib_a-nano-mallocr.o)
                0x20000110                __malloc_free_list
 *(COMMON)
 COMMON         0x20000114        0x4 ./system/src/stm32l1xx/stm32l1xx_hal.o
                0x20000114                uwTick
 COMMON         0x20000118        0x4 ./system/src/newlib/_syscalls.o
                0x20000118                errno
 *fill*         0x2000011c        0x4 
 COMMON         0x20000120      0x136 ./src/main.o
                0x20000120                hi2c1
                0x20000178                euler_angles
                0x20000198                huart1
                0x200001d8                htim2
                0x20000210                huart2
                0x20000250                mag
 *(.bss_end .bss_end.*)
 *fill*         0x20000256        0x2 
 .bss_end       0x20000258        0x4 ./system/src/newlib/_startup.o
                0x2000025c                . = ALIGN (0x4)
                0x2000025c                __bss_end__ = .
                0x2000025c                _ebss = .

.noinit_CCMRAM
 *(.noinit.CCMRAM .noinit.CCMRAM.*)

.noinit         0x2000025c        0x0
                0x2000025c                _noinit = .
 *(.noinit .noinit.*)
                0x2000025c                . = ALIGN (0x4)
                0x2000025c                _end_noinit = .
                [!provide]                PROVIDE (end, _end_noinit)
                [!provide]                PROVIDE (_end, _end_noinit)
                [!provide]                PROVIDE (__end, _end_noinit)
                [!provide]                PROVIDE (__end__, _end_noinit)

._check_stack   0x2000025c      0x100
                0x2000035c                . = (. + _Minimum_Stack_Size)
 *fill*         0x2000025c      0x100 

.b1text
 *(.b1text)
 *(.b1rodata)
 *(.b1rodata.*)

.eb0text
 *(.eb0text)
 *(.eb0rodata)
 *(.eb0rodata.*)

.eb1text
 *(.eb1text)
 *(.eb1rodata)
 *(.eb1rodata.*)

.eb2text
 *(.eb2text)
 *(.eb2rodata)
 *(.eb2rodata.*)

.eb3text
 *(.eb3text)
 *(.eb3rodata)
 *(.eb3rodata.*)

.stab
 *(.stab)

.stabstr
 *(.stabstr)

.stab.excl
 *(.stab.excl)

.stab.exclstr
 *(.stab.exclstr)

.stab.index
 *(.stab.index)

.stab.indexstr
 *(.stab.indexstr)

.comment        0x00000000       0x6e
 *(.comment)
 .comment       0x00000000       0x6e ./system/src/stm32l1xx/stm32l1xx_hal.o
                                 0x6f (size before relaxing)
 .comment       0x0000006e       0x6f ./system/src/stm32l1xx/stm32l1xx_hal_cortex.o
 .comment       0x0000006e       0x6f ./system/src/stm32l1xx/stm32l1xx_hal_gpio.o
 .comment       0x0000006e       0x6f ./system/src/stm32l1xx/stm32l1xx_hal_i2c.o
 .comment       0x0000006e       0x6f ./system/src/stm32l1xx/stm32l1xx_hal_pwr.o
 .comment       0x0000006e       0x6f ./system/src/stm32l1xx/stm32l1xx_hal_pwr_ex.o
 .comment       0x0000006e       0x6f ./system/src/stm32l1xx/stm32l1xx_hal_rcc.o
 .comment       0x0000006e       0x6f ./system/src/stm32l1xx/stm32l1xx_hal_tim.o
 .comment       0x0000006e       0x6f ./system/src/stm32l1xx/stm32l1xx_hal_tim_ex.o
 .comment       0x0000006e       0x6f ./system/src/stm32l1xx/stm32l1xx_hal_uart.o
 .comment       0x0000006e       0x6f ./system/src/newlib/_exit.o
 .comment       0x0000006e       0x6f ./system/src/newlib/_sbrk.o
 .comment       0x0000006e       0x6f ./system/src/newlib/_startup.o
 .comment       0x0000006e       0x6f ./system/src/newlib/_syscalls.o
 .comment       0x0000006e       0x6f ./system/src/diag/Trace.o
 .comment       0x0000006e       0x6f ./system/src/diag/trace_impl.o
 .comment       0x0000006e       0x6f ./system/src/cortexm/_initialize_hardware.o
 .comment       0x0000006e       0x6f ./system/src/cortexm/exception_handlers.o
 .comment       0x0000006e       0x6f ./system/src/cmsis/system_stm32l1xx.o
 .comment       0x0000006e       0x6f ./src/MPL3115A2.o
 .comment       0x0000006e       0x6f ./src/main.o
 .comment       0x0000006e       0x6f ./src/stm32l1xx_hal_msp.o
 .comment       0x0000006e       0x6f ./src/stm32l1xx_it.o

.ARM.attributes
                0x00000000       0x31
 .ARM.attributes
                0x00000000       0x33 ./system/src/stm32l1xx/stm32l1xx_hal.o
 .ARM.attributes
                0x00000033       0x33 ./system/src/stm32l1xx/stm32l1xx_hal_cortex.o
 .ARM.attributes
                0x00000066       0x33 ./system/src/stm32l1xx/stm32l1xx_hal_gpio.o
 .ARM.attributes
                0x00000099       0x33 ./system/src/stm32l1xx/stm32l1xx_hal_i2c.o
 .ARM.attributes
                0x000000cc       0x33 ./system/src/stm32l1xx/stm32l1xx_hal_pwr.o
 .ARM.attributes
                0x000000ff       0x33 ./system/src/stm32l1xx/stm32l1xx_hal_pwr_ex.o
 .ARM.attributes
                0x00000132       0x33 ./system/src/stm32l1xx/stm32l1xx_hal_rcc.o
 .ARM.attributes
                0x00000165       0x33 ./system/src/stm32l1xx/stm32l1xx_hal_tim.o
 .ARM.attributes
                0x00000198       0x33 ./system/src/stm32l1xx/stm32l1xx_hal_tim_ex.o
 .ARM.attributes
                0x000001cb       0x33 ./system/src/stm32l1xx/stm32l1xx_hal_uart.o
 .ARM.attributes
                0x000001fe       0x33 ./system/src/newlib/_exit.o
 .ARM.attributes
                0x00000231       0x33 ./system/src/newlib/_sbrk.o
 .ARM.attributes
                0x00000264       0x33 ./system/src/newlib/_startup.o
 .ARM.attributes
                0x00000297       0x33 ./system/src/newlib/_syscalls.o
 .ARM.attributes
                0x000002ca       0x33 ./system/src/diag/Trace.o
 .ARM.attributes
                0x000002fd       0x33 ./system/src/diag/trace_impl.o
 .ARM.attributes
                0x00000330       0x33 ./system/src/cortexm/_initialize_hardware.o
 .ARM.attributes
                0x00000363       0x33 ./system/src/cortexm/exception_handlers.o
 .ARM.attributes
                0x00000396       0x21 ./system/src/cmsis/startup_stm32l162xd.o
 .ARM.attributes
                0x000003b7       0x33 ./system/src/cmsis/system_stm32l1xx.o
 .ARM.attributes
                0x000003ea       0x33 ./src/MPL3115A2.o
 .ARM.attributes
                0x0000041d       0x33 ./src/main.o
 .ARM.attributes
                0x00000450       0x33 ./src/stm32l1xx_hal_msp.o
 .ARM.attributes
                0x00000483       0x33 ./src/stm32l1xx_it.o
 .ARM.attributes
                0x000004b6       0x2d c:/stm32toolchain/gcc-arm/bin/../lib/gcc/arm-none-eabi/5.4.1/../../../../arm-none-eabi/lib/armv7-m\libg_nano.a(lib_a-errno.o)
 .ARM.attributes
                0x000004e3       0x2d c:/stm32toolchain/gcc-arm/bin/../lib/gcc/arm-none-eabi/5.4.1/../../../../arm-none-eabi/lib/armv7-m\libg_nano.a(lib_a-impure.o)
 .ARM.attributes
                0x00000510       0x2d c:/stm32toolchain/gcc-arm/bin/../lib/gcc/arm-none-eabi/5.4.1/../../../../arm-none-eabi/lib/armv7-m\libg_nano.a(lib_a-memcpy-stub.o)
 .ARM.attributes
                0x0000053d       0x2d c:/stm32toolchain/gcc-arm/bin/../lib/gcc/arm-none-eabi/5.4.1/../../../../arm-none-eabi/lib/armv7-m\libg_nano.a(lib_a-memset.o)
 .ARM.attributes
                0x0000056a       0x2d c:/stm32toolchain/gcc-arm/bin/../lib/gcc/arm-none-eabi/5.4.1/../../../../arm-none-eabi/lib/armv7-m\libg_nano.a(lib_a-vsnprintf.o)
 .ARM.attributes
                0x00000597       0x2d c:/stm32toolchain/gcc-arm/bin/../lib/gcc/arm-none-eabi/5.4.1/../../../../arm-none-eabi/lib/armv7-m\libg_nano.a(lib_a-nano-svfprintf.o)
 .ARM.attributes
                0x000005c4       0x2d c:/stm32toolchain/gcc-arm/bin/../lib/gcc/arm-none-eabi/5.4.1/../../../../arm-none-eabi/lib/armv7-m\libg_nano.a(lib_a-nano-vfprintf_i.o)
 .ARM.attributes
                0x000005f1       0x2d c:/stm32toolchain/gcc-arm/bin/../lib/gcc/arm-none-eabi/5.4.1/../../../../arm-none-eabi/lib/armv7-m\libg_nano.a(lib_a-memchr-stub.o)
 .ARM.attributes
                0x0000061e       0x2d c:/stm32toolchain/gcc-arm/bin/../lib/gcc/arm-none-eabi/5.4.1/../../../../arm-none-eabi/lib/armv7-m\libg_nano.a(lib_a-memmove.o)
 .ARM.attributes
                0x0000064b       0x2d c:/stm32toolchain/gcc-arm/bin/../lib/gcc/arm-none-eabi/5.4.1/../../../../arm-none-eabi/lib/armv7-m\libg_nano.a(lib_a-nano-freer.o)
 .ARM.attributes
                0x00000678       0x2d c:/stm32toolchain/gcc-arm/bin/../lib/gcc/arm-none-eabi/5.4.1/../../../../arm-none-eabi/lib/armv7-m\libg_nano.a(lib_a-nano-mallocr.o)
 .ARM.attributes
                0x000006a5       0x2d c:/stm32toolchain/gcc-arm/bin/../lib/gcc/arm-none-eabi/5.4.1/../../../../arm-none-eabi/lib/armv7-m\libg_nano.a(lib_a-nano-reallocr.o)
 .ARM.attributes
                0x000006d2       0x2d c:/stm32toolchain/gcc-arm/bin/../lib/gcc/arm-none-eabi/5.4.1/../../../../arm-none-eabi/lib/armv7-m\libg_nano.a(lib_a-sbrkr.o)
 .ARM.attributes
                0x000006ff       0x2d c:/stm32toolchain/gcc-arm/bin/../lib/gcc/arm-none-eabi/5.4.1/../../../../arm-none-eabi/lib/armv7-m\libg_nano.a(lib_a-mlock.o)
 .ARM.attributes
                0x0000072c       0x2d c:/stm32toolchain/gcc-arm/bin/../lib/gcc/arm-none-eabi/5.4.1/../../../../arm-none-eabi/lib/armv7-m\libg_nano.a(lib_a-nano-msizer.o)

.debug
 *(.debug)

.line
 *(.line)

.debug_srcinfo
 *(.debug_srcinfo)

.debug_sfnames
 *(.debug_sfnames)

.debug_aranges  0x00000000      0xe68
 *(.debug_aranges)
 .debug_aranges
                0x00000000       0xb0 ./system/src/stm32l1xx/stm32l1xx_hal.o
 .debug_aranges
                0x000000b0       0x98 ./system/src/stm32l1xx/stm32l1xx_hal_cortex.o
 .debug_aranges
                0x00000148       0x58 ./system/src/stm32l1xx/stm32l1xx_hal_gpio.o
 .debug_aranges
                0x000001a0      0x268 ./system/src/stm32l1xx/stm32l1xx_hal_i2c.o
 .debug_aranges
                0x00000408       0xa0 ./system/src/stm32l1xx/stm32l1xx_hal_pwr.o
 .debug_aranges
                0x000004a8       0x50 ./system/src/stm32l1xx/stm32l1xx_hal_pwr_ex.o
 .debug_aranges
                0x000004f8       0x90 ./system/src/stm32l1xx/stm32l1xx_hal_rcc.o
 .debug_aranges
                0x00000588      0x368 ./system/src/stm32l1xx/stm32l1xx_hal_tim.o
 .debug_aranges
                0x000008f0       0x28 ./system/src/stm32l1xx/stm32l1xx_hal_tim_ex.o
 .debug_aranges
                0x00000918      0x150 ./system/src/stm32l1xx/stm32l1xx_hal_uart.o
 .debug_aranges
                0x00000a68       0x28 ./system/src/newlib/_exit.o
 .debug_aranges
                0x00000a90       0x20 ./system/src/newlib/_sbrk.o
 .debug_aranges
                0x00000ab0       0x40 ./system/src/newlib/_startup.o
 .debug_aranges
                0x00000af0       0x30 ./system/src/newlib/_syscalls.o
 .debug_aranges
                0x00000b20       0x38 ./system/src/diag/Trace.o
 .debug_aranges
                0x00000b58       0x28 ./system/src/diag/trace_impl.o
 .debug_aranges
                0x00000b80       0x28 ./system/src/cortexm/_initialize_hardware.o
 .debug_aranges
                0x00000ba8       0x88 ./system/src/cortexm/exception_handlers.o
 .debug_aranges
                0x00000c30       0x28 ./system/src/cmsis/startup_stm32l162xd.o
 .debug_aranges
                0x00000c58       0x28 ./system/src/cmsis/system_stm32l1xx.o
 .debug_aranges
                0x00000c80       0x78 ./src/MPL3115A2.o
 .debug_aranges
                0x00000cf8       0xb8 ./src/main.o
 .debug_aranges
                0x00000db0       0x50 ./src/stm32l1xx_hal_msp.o
 .debug_aranges
                0x00000e00       0x68 ./src/stm32l1xx_it.o

.debug_pubnames
 *(.debug_pubnames)

.debug_info     0x00000000    0x10882
 *(.debug_info .gnu.linkonce.wi.*)
 .debug_info    0x00000000      0x63b ./system/src/stm32l1xx/stm32l1xx_hal.o
 .debug_info    0x0000063b      0xde7 ./system/src/stm32l1xx/stm32l1xx_hal_cortex.o
 .debug_info    0x00001422      0x5e7 ./system/src/stm32l1xx/stm32l1xx_hal_gpio.o
 .debug_info    0x00001a09     0x2d01 ./system/src/stm32l1xx/stm32l1xx_hal_i2c.o
 .debug_info    0x0000470a      0x7c3 ./system/src/stm32l1xx/stm32l1xx_hal_pwr.o
 .debug_info    0x00004ecd      0x338 ./system/src/stm32l1xx/stm32l1xx_hal_pwr_ex.o
 .debug_info    0x00005205     0x16af ./system/src/stm32l1xx/stm32l1xx_hal_rcc.o
 .debug_info    0x000068b4     0x2cec ./system/src/stm32l1xx/stm32l1xx_hal_tim.o
 .debug_info    0x000095a0      0x5e7 ./system/src/stm32l1xx/stm32l1xx_hal_tim_ex.o
 .debug_info    0x00009b87     0x1176 ./system/src/stm32l1xx/stm32l1xx_hal_uart.o
 .debug_info    0x0000acfd       0xef ./system/src/newlib/_exit.o
 .debug_info    0x0000adec      0x11f ./system/src/newlib/_sbrk.o
 .debug_info    0x0000af0b      0x454 ./system/src/newlib/_startup.o
 .debug_info    0x0000b35f      0x1c7 ./system/src/newlib/_syscalls.o
 .debug_info    0x0000b526      0x2e7 ./system/src/diag/Trace.o
 .debug_info    0x0000b80d      0x114 ./system/src/diag/trace_impl.o
 .debug_info    0x0000b921      0x2b1 ./system/src/cortexm/_initialize_hardware.o
 .debug_info    0x0000bbd2      0x79d ./system/src/cortexm/exception_handlers.o
 .debug_info    0x0000c36f       0x7d ./system/src/cmsis/startup_stm32l162xd.o
 .debug_info    0x0000c3ec      0x417 ./system/src/cmsis/system_stm32l1xx.o
 .debug_info    0x0000c803      0xb6c ./src/MPL3115A2.o
 .debug_info    0x0000d36f     0x1e33 ./src/main.o
 .debug_info    0x0000f1a2     0x10cf ./src/stm32l1xx_hal_msp.o
 .debug_info    0x00010271      0x611 ./src/stm32l1xx_it.o

.debug_abbrev   0x00000000     0x25c7
 *(.debug_abbrev)
 .debug_abbrev  0x00000000      0x1c1 ./system/src/stm32l1xx/stm32l1xx_hal.o
 .debug_abbrev  0x000001c1      0x2e2 ./system/src/stm32l1xx/stm32l1xx_hal_cortex.o
 .debug_abbrev  0x000004a3      0x1cd ./system/src/stm32l1xx/stm32l1xx_hal_gpio.o
 .debug_abbrev  0x00000670      0x226 ./system/src/stm32l1xx/stm32l1xx_hal_i2c.o
 .debug_abbrev  0x00000896      0x1f8 ./system/src/stm32l1xx/stm32l1xx_hal_pwr.o
 .debug_abbrev  0x00000a8e      0x149 ./system/src/stm32l1xx/stm32l1xx_hal_pwr_ex.o
 .debug_abbrev  0x00000bd7      0x2a1 ./system/src/stm32l1xx/stm32l1xx_hal_rcc.o
 .debug_abbrev  0x00000e78      0x20c ./system/src/stm32l1xx/stm32l1xx_hal_tim.o
 .debug_abbrev  0x00001084      0x139 ./system/src/stm32l1xx/stm32l1xx_hal_tim_ex.o
 .debug_abbrev  0x000011bd      0x228 ./system/src/stm32l1xx/stm32l1xx_hal_uart.o
 .debug_abbrev  0x000013e5       0x8e ./system/src/newlib/_exit.o
 .debug_abbrev  0x00001473       0xb9 ./system/src/newlib/_sbrk.o
 .debug_abbrev  0x0000152c      0x1ac ./system/src/newlib/_startup.o
 .debug_abbrev  0x000016d8       0xec ./system/src/newlib/_syscalls.o
 .debug_abbrev  0x000017c4      0x156 ./system/src/diag/Trace.o
 .debug_abbrev  0x0000191a       0xb4 ./system/src/diag/trace_impl.o
 .debug_abbrev  0x000019ce       0xea ./system/src/cortexm/_initialize_hardware.o
 .debug_abbrev  0x00001ab8      0x1d4 ./system/src/cortexm/exception_handlers.o
 .debug_abbrev  0x00001c8c       0x12 ./system/src/cmsis/startup_stm32l162xd.o
 .debug_abbrev  0x00001c9e      0x104 ./system/src/cmsis/system_stm32l1xx.o
 .debug_abbrev  0x00001da2      0x246 ./src/MPL3115A2.o
 .debug_abbrev  0x00001fe8      0x2d7 ./src/main.o
 .debug_abbrev  0x000022bf      0x18f ./src/stm32l1xx_hal_msp.o
 .debug_abbrev  0x0000244e      0x179 ./src/stm32l1xx_it.o

.debug_line     0x00000000     0x9bb4
 *(.debug_line)
 .debug_line    0x00000000      0x6b6 ./system/src/stm32l1xx/stm32l1xx_hal.o
 .debug_line    0x000006b6      0x72c ./system/src/stm32l1xx/stm32l1xx_hal_cortex.o
 .debug_line    0x00000de2      0x6be ./system/src/stm32l1xx/stm32l1xx_hal_gpio.o
 .debug_line    0x000014a0     0x1598 ./system/src/stm32l1xx/stm32l1xx_hal_i2c.o
 .debug_line    0x00002a38      0x6fd ./system/src/stm32l1xx/stm32l1xx_hal_pwr.o
 .debug_line    0x00003135      0x639 ./system/src/stm32l1xx/stm32l1xx_hal_pwr_ex.o
 .debug_line    0x0000376e      0xb68 ./system/src/stm32l1xx/stm32l1xx_hal_rcc.o
 .debug_line    0x000042d6     0x1302 ./system/src/stm32l1xx/stm32l1xx_hal_tim.o
 .debug_line    0x000055d8      0x5dc ./system/src/stm32l1xx/stm32l1xx_hal_tim_ex.o
 .debug_line    0x00005bb4      0xbc2 ./system/src/stm32l1xx/stm32l1xx_hal_uart.o
 .debug_line    0x00006776      0x2c0 ./system/src/newlib/_exit.o
 .debug_line    0x00006a36      0x272 ./system/src/newlib/_sbrk.o
 .debug_line    0x00006ca8      0x328 ./system/src/newlib/_startup.o
 .debug_line    0x00006fd0      0x36e ./system/src/newlib/_syscalls.o
 .debug_line    0x0000733e      0x32c ./system/src/diag/Trace.o
 .debug_line    0x0000766a      0x370 ./system/src/diag/trace_impl.o
 .debug_line    0x000079da      0x188 ./system/src/cortexm/_initialize_hardware.o
 .debug_line    0x00007b62      0x45c ./system/src/cortexm/exception_handlers.o
 .debug_line    0x00007fbe       0x86 ./system/src/cmsis/startup_stm32l162xd.o
 .debug_line    0x00008044      0x18c ./system/src/cmsis/system_stm32l1xx.o
 .debug_line    0x000081d0      0x656 ./src/MPL3115A2.o
 .debug_line    0x00008826      0x790 ./src/main.o
 .debug_line    0x00008fb6      0x5fc ./src/stm32l1xx_hal_msp.o
 .debug_line    0x000095b2      0x602 ./src/stm32l1xx_it.o

.debug_frame    0x00000000     0x27b4
 *(.debug_frame)
 .debug_frame   0x00000000      0x168 ./system/src/stm32l1xx/stm32l1xx_hal.o
 .debug_frame   0x00000168      0x134 ./system/src/stm32l1xx/stm32l1xx_hal_cortex.o
 .debug_frame   0x0000029c       0xc4 ./system/src/stm32l1xx/stm32l1xx_hal_gpio.o
 .debug_frame   0x00000360      0x808 ./system/src/stm32l1xx/stm32l1xx_hal_i2c.o
 .debug_frame   0x00000b68      0x128 ./system/src/stm32l1xx/stm32l1xx_hal_pwr.o
 .debug_frame   0x00000c90       0x80 ./system/src/stm32l1xx/stm32l1xx_hal_pwr_ex.o
 .debug_frame   0x00000d10      0x168 ./system/src/stm32l1xx/stm32l1xx_hal_rcc.o
 .debug_frame   0x00000e78      0x9c4 ./system/src/stm32l1xx/stm32l1xx_hal_tim.o
 .debug_frame   0x0000183c       0x48 ./system/src/stm32l1xx/stm32l1xx_hal_tim_ex.o
 .debug_frame   0x00001884      0x378 ./system/src/stm32l1xx/stm32l1xx_hal_uart.o
 .debug_frame   0x00001bfc       0x38 ./system/src/newlib/_exit.o
 .debug_frame   0x00001c34       0x28 ./system/src/newlib/_sbrk.o
 .debug_frame   0x00001c5c       0x7c ./system/src/newlib/_startup.o
 .debug_frame   0x00001cd8       0x50 ./system/src/newlib/_syscalls.o
 .debug_frame   0x00001d28       0x94 ./system/src/diag/Trace.o
 .debug_frame   0x00001dbc       0x30 ./system/src/diag/trace_impl.o
 .debug_frame   0x00001dec       0x40 ./system/src/cortexm/_initialize_hardware.o
 .debug_frame   0x00001e2c      0x144 ./system/src/cortexm/exception_handlers.o
 .debug_frame   0x00001f70       0x30 ./system/src/cmsis/system_stm32l1xx.o
 .debug_frame   0x00001fa0      0x160 ./src/MPL3115A2.o
 .debug_frame   0x00002100      0x218 ./src/main.o
 .debug_frame   0x00002318       0xd0 ./src/stm32l1xx_hal_msp.o
 .debug_frame   0x000023e8       0xc0 ./src/stm32l1xx_it.o
 .debug_frame   0x000024a8       0x20 c:/stm32toolchain/gcc-arm/bin/../lib/gcc/arm-none-eabi/5.4.1/../../../../arm-none-eabi/lib/armv7-m\libg_nano.a(lib_a-errno.o)
 .debug_frame   0x000024c8       0x28 c:/stm32toolchain/gcc-arm/bin/../lib/gcc/arm-none-eabi/5.4.1/../../../../arm-none-eabi/lib/armv7-m\libg_nano.a(lib_a-memcpy-stub.o)
 .debug_frame   0x000024f0       0x20 c:/stm32toolchain/gcc-arm/bin/../lib/gcc/arm-none-eabi/5.4.1/../../../../arm-none-eabi/lib/armv7-m\libg_nano.a(lib_a-memset.o)
 .debug_frame   0x00002510       0x48 c:/stm32toolchain/gcc-arm/bin/../lib/gcc/arm-none-eabi/5.4.1/../../../../arm-none-eabi/lib/armv7-m\libg_nano.a(lib_a-vsnprintf.o)
 .debug_frame   0x00002558       0x90 c:/stm32toolchain/gcc-arm/bin/../lib/gcc/arm-none-eabi/5.4.1/../../../../arm-none-eabi/lib/armv7-m\libg_nano.a(lib_a-nano-svfprintf.o)
 .debug_frame   0x000025e8       0x60 c:/stm32toolchain/gcc-arm/bin/../lib/gcc/arm-none-eabi/5.4.1/../../../../arm-none-eabi/lib/armv7-m\libg_nano.a(lib_a-nano-vfprintf_i.o)
 .debug_frame   0x00002648       0x28 c:/stm32toolchain/gcc-arm/bin/../lib/gcc/arm-none-eabi/5.4.1/../../../../arm-none-eabi/lib/armv7-m\libg_nano.a(lib_a-memchr-stub.o)
 .debug_frame   0x00002670       0x28 c:/stm32toolchain/gcc-arm/bin/../lib/gcc/arm-none-eabi/5.4.1/../../../../arm-none-eabi/lib/armv7-m\libg_nano.a(lib_a-memmove.o)
 .debug_frame   0x00002698       0x38 c:/stm32toolchain/gcc-arm/bin/../lib/gcc/arm-none-eabi/5.4.1/../../../../arm-none-eabi/lib/armv7-m\libg_nano.a(lib_a-nano-freer.o)
 .debug_frame   0x000026d0       0x2c c:/stm32toolchain/gcc-arm/bin/../lib/gcc/arm-none-eabi/5.4.1/../../../../arm-none-eabi/lib/armv7-m\libg_nano.a(lib_a-nano-mallocr.o)
 .debug_frame   0x000026fc       0x3c c:/stm32toolchain/gcc-arm/bin/../lib/gcc/arm-none-eabi/5.4.1/../../../../arm-none-eabi/lib/armv7-m\libg_nano.a(lib_a-nano-reallocr.o)
 .debug_frame   0x00002738       0x2c c:/stm32toolchain/gcc-arm/bin/../lib/gcc/arm-none-eabi/5.4.1/../../../../arm-none-eabi/lib/armv7-m\libg_nano.a(lib_a-sbrkr.o)
 .debug_frame   0x00002764       0x30 c:/stm32toolchain/gcc-arm/bin/../lib/gcc/arm-none-eabi/5.4.1/../../../../arm-none-eabi/lib/armv7-m\libg_nano.a(lib_a-mlock.o)
 .debug_frame   0x00002794       0x20 c:/stm32toolchain/gcc-arm/bin/../lib/gcc/arm-none-eabi/5.4.1/../../../../arm-none-eabi/lib/armv7-m\libg_nano.a(lib_a-nano-msizer.o)

.debug_str      0x00000000    0x9726a
 *(.debug_str)
 .debug_str     0x00000000    0x8ffae ./system/src/stm32l1xx/stm32l1xx_hal.o
                              0x90350 (size before relaxing)
 .debug_str     0x0008ffae      0x3ac ./system/src/stm32l1xx/stm32l1xx_hal_cortex.o
                              0x90453 (size before relaxing)
 .debug_str     0x0009035a      0x2ce ./system/src/stm32l1xx/stm32l1xx_hal_gpio.o
                              0x8ff2f (size before relaxing)
 .debug_str     0x00090628      0xea7 ./system/src/stm32l1xx/stm32l1xx_hal_i2c.o
                              0x90b57 (size before relaxing)
 .debug_str     0x000914cf      0x2aa ./system/src/stm32l1xx/stm32l1xx_hal_pwr.o
                              0x8ff64 (size before relaxing)
 .debug_str     0x00091779       0xfe ./system/src/stm32l1xx/stm32l1xx_hal_pwr_ex.o
                              0x8fd05 (size before relaxing)
 .debug_str     0x00091877      0x536 ./system/src/stm32l1xx/stm32l1xx_hal_rcc.o
                              0x902be (size before relaxing)
 .debug_str     0x00091dad      0xe43 ./system/src/stm32l1xx/stm32l1xx_hal_tim.o
                              0x90cdd (size before relaxing)
 .debug_str     0x00092bf0       0xbb ./system/src/stm32l1xx/stm32l1xx_hal_tim_ex.o
                              0x90037 (size before relaxing)
 .debug_str     0x00092cab      0x4fe ./system/src/stm32l1xx/stm32l1xx_hal_uart.o
                              0x90390 (size before relaxing)
 .debug_str     0x000931a9     0x10b6 ./system/src/newlib/_exit.o
                               0x6e41 (size before relaxing)
 .debug_str     0x0009425f      0x4de ./system/src/newlib/_sbrk.o
                               0x622c (size before relaxing)
 .debug_str     0x0009473d      0x260 ./system/src/newlib/_startup.o
                               0x5de1 (size before relaxing)
 .debug_str     0x0009499d      0xe18 ./system/src/newlib/_syscalls.o
                               0x708c (size before relaxing)
 .debug_str     0x000957b5      0x176 ./system/src/diag/Trace.o
                               0x7631 (size before relaxing)
 .debug_str     0x0009592b       0x4b ./system/src/diag/trace_impl.o
                              0x554a0 (size before relaxing)
 .debug_str     0x00095976       0x5e ./system/src/cortexm/_initialize_hardware.o
                              0x51982 (size before relaxing)
 .debug_str     0x000959d4      0x1e5 ./system/src/cortexm/exception_handlers.o
                              0x56301 (size before relaxing)
 .debug_str     0x00095bb9       0x98 ./system/src/cmsis/system_stm32l1xx.o
                              0x51a3d (size before relaxing)
 .debug_str     0x00095c51      0x430 ./src/MPL3115A2.o
                              0x90454 (size before relaxing)
 .debug_str     0x00096081     0x118c ./src/main.o
                              0x920cb (size before relaxing)
 .debug_str     0x0009720d       0x25 ./src/stm32l1xx_hal_msp.o
                              0x908b6 (size before relaxing)
 .debug_str     0x00097232       0x38 ./src/stm32l1xx_it.o
                              0x90043 (size before relaxing)

.debug_loc      0x00000000     0x8d0c
 *(.debug_loc)
 .debug_loc     0x00000000       0x6a ./system/src/stm32l1xx/stm32l1xx_hal.o
 .debug_loc     0x0000006a      0x527 ./system/src/stm32l1xx/stm32l1xx_hal_cortex.o
 .debug_loc     0x00000591      0x315 ./system/src/stm32l1xx/stm32l1xx_hal_gpio.o
 .debug_loc     0x000008a6     0x2917 ./system/src/stm32l1xx/stm32l1xx_hal_i2c.o
 .debug_loc     0x000031bd       0xfe ./system/src/stm32l1xx/stm32l1xx_hal_pwr.o
 .debug_loc     0x000032bb       0xac ./system/src/stm32l1xx/stm32l1xx_hal_pwr_ex.o
 .debug_loc     0x00003367      0xc24 ./system/src/stm32l1xx/stm32l1xx_hal_rcc.o
 .debug_loc     0x00003f8b     0x305c ./system/src/stm32l1xx/stm32l1xx_hal_tim.o
 .debug_loc     0x00006fe7       0x74 ./system/src/stm32l1xx/stm32l1xx_hal_tim_ex.o
 .debug_loc     0x0000705b     0x1009 ./system/src/stm32l1xx/stm32l1xx_hal_uart.o
 .debug_loc     0x00008064       0x82 ./system/src/newlib/_sbrk.o
 .debug_loc     0x000080e6      0x265 ./system/src/newlib/_startup.o
 .debug_loc     0x0000834b       0x63 ./system/src/newlib/_syscalls.o
 .debug_loc     0x000083ae      0x102 ./system/src/diag/Trace.o
 .debug_loc     0x000084b0       0x21 ./system/src/diag/trace_impl.o
 .debug_loc     0x000084d1      0x184 ./system/src/cortexm/exception_handlers.o
 .debug_loc     0x00008655      0x16b ./system/src/cmsis/system_stm32l1xx.o
 .debug_loc     0x000087c0      0x200 ./src/MPL3115A2.o
 .debug_loc     0x000089c0      0x23e ./src/main.o
 .debug_loc     0x00008bfe      0x10e ./src/stm32l1xx_hal_msp.o

.debug_macinfo
 *(.debug_macinfo)

.debug_weaknames
 *(.debug_weaknames)

.debug_funcnames
 *(.debug_funcnames)

.debug_typenames
 *(.debug_typenames)

.debug_varnames
 *(.debug_varnames)
OUTPUT(MOBILENODEINTV2.elf elf32-littlearm)

.debug_ranges   0x00000000      0xd20
 .debug_ranges  0x00000000       0xa0 ./system/src/stm32l1xx/stm32l1xx_hal.o
 .debug_ranges  0x000000a0       0x88 ./system/src/stm32l1xx/stm32l1xx_hal_cortex.o
 .debug_ranges  0x00000128       0x48 ./system/src/stm32l1xx/stm32l1xx_hal_gpio.o
 .debug_ranges  0x00000170      0x258 ./system/src/stm32l1xx/stm32l1xx_hal_i2c.o
 .debug_ranges  0x000003c8       0x90 ./system/src/stm32l1xx/stm32l1xx_hal_pwr.o
 .debug_ranges  0x00000458       0x40 ./system/src/stm32l1xx/stm32l1xx_hal_pwr_ex.o
 .debug_ranges  0x00000498       0x98 ./system/src/stm32l1xx/stm32l1xx_hal_rcc.o
 .debug_ranges  0x00000530      0x358 ./system/src/stm32l1xx/stm32l1xx_hal_tim.o
 .debug_ranges  0x00000888       0x18 ./system/src/stm32l1xx/stm32l1xx_hal_tim_ex.o
 .debug_ranges  0x000008a0      0x140 ./system/src/stm32l1xx/stm32l1xx_hal_uart.o
 .debug_ranges  0x000009e0       0x18 ./system/src/newlib/_exit.o
 .debug_ranges  0x000009f8       0x10 ./system/src/newlib/_sbrk.o
 .debug_ranges  0x00000a08       0x48 ./system/src/newlib/_startup.o
 .debug_ranges  0x00000a50       0x20 ./system/src/newlib/_syscalls.o
 .debug_ranges  0x00000a70       0x28 ./system/src/diag/Trace.o
 .debug_ranges  0x00000a98       0x18 ./system/src/diag/trace_impl.o
 .debug_ranges  0x00000ab0       0x18 ./system/src/cortexm/_initialize_hardware.o
 .debug_ranges  0x00000ac8       0x78 ./system/src/cortexm/exception_handlers.o
 .debug_ranges  0x00000b40       0x20 ./system/src/cmsis/startup_stm32l162xd.o
 .debug_ranges  0x00000b60       0x18 ./system/src/cmsis/system_stm32l1xx.o
 .debug_ranges  0x00000b78       0x68 ./src/MPL3115A2.o
 .debug_ranges  0x00000be0       0xa8 ./src/main.o
 .debug_ranges  0x00000c88       0x40 ./src/stm32l1xx_hal_msp.o
 .debug_ranges  0x00000cc8       0x58 ./src/stm32l1xx_it.o

.debug_macro    0x00000000    0x1a0ab
 .debug_macro   0x00000000      0x2f4 ./system/src/stm32l1xx/stm32l1xx_hal.o
 .debug_macro   0x000002f4      0x874 ./system/src/stm32l1xx/stm32l1xx_hal.o
 .debug_macro   0x00000b68       0x9a ./system/src/stm32l1xx/stm32l1xx_hal.o
 .debug_macro   0x00000c02       0x8e ./system/src/stm32l1xx/stm32l1xx_hal.o
 .debug_macro   0x00000c90       0x2e ./system/src/stm32l1xx/stm32l1xx_hal.o
 .debug_macro   0x00000cbe       0x22 ./system/src/stm32l1xx/stm32l1xx_hal.o
 .debug_macro   0x00000ce0      0x34e ./system/src/stm32l1xx/stm32l1xx_hal.o
 .debug_macro   0x0000102e       0x34 ./system/src/stm32l1xx/stm32l1xx_hal.o
 .debug_macro   0x00001062       0x34 ./system/src/stm32l1xx/stm32l1xx_hal.o
 .debug_macro   0x00001096      0xcb4 ./system/src/stm32l1xx/stm32l1xx_hal.o
 .debug_macro   0x00001d4a     0xcf09 ./system/src/stm32l1xx/stm32l1xx_hal.o
 .debug_macro   0x0000ec53       0x43 ./system/src/stm32l1xx/stm32l1xx_hal.o
 .debug_macro   0x0000ec96     0x339f ./system/src/stm32l1xx/stm32l1xx_hal.o
 .debug_macro   0x00012035       0x22 ./system/src/stm32l1xx/stm32l1xx_hal.o
 .debug_macro   0x00012057       0x4c ./system/src/stm32l1xx/stm32l1xx_hal.o
 .debug_macro   0x000120a3       0x8d ./system/src/stm32l1xx/stm32l1xx_hal.o
 .debug_macro   0x00012130       0x35 ./system/src/stm32l1xx/stm32l1xx_hal.o
 .debug_macro   0x00012165       0x9c ./system/src/stm32l1xx/stm32l1xx_hal.o
 .debug_macro   0x00012201       0x16 ./system/src/stm32l1xx/stm32l1xx_hal.o
 .debug_macro   0x00012217       0x4a ./system/src/stm32l1xx/stm32l1xx_hal.o
 .debug_macro   0x00012261       0x97 ./system/src/stm32l1xx/stm32l1xx_hal.o
 .debug_macro   0x000122f8      0x30d ./system/src/stm32l1xx/stm32l1xx_hal.o
 .debug_macro   0x00012605       0xfd ./system/src/stm32l1xx/stm32l1xx_hal.o
 .debug_macro   0x00012702       0x10 ./system/src/stm32l1xx/stm32l1xx_hal.o
 .debug_macro   0x00012712       0x52 ./system/src/stm32l1xx/stm32l1xx_hal.o
 .debug_macro   0x00012764       0x1f ./system/src/stm32l1xx/stm32l1xx_hal.o
 .debug_macro   0x00012783       0x43 ./system/src/stm32l1xx/stm32l1xx_hal.o
 .debug_macro   0x000127c6       0x20 ./system/src/stm32l1xx/stm32l1xx_hal.o
 .debug_macro   0x000127e6      0x187 ./system/src/stm32l1xx/stm32l1xx_hal.o
 .debug_macro   0x0001296d       0x10 ./system/src/stm32l1xx/stm32l1xx_hal.o
 .debug_macro   0x0001297d       0x5e ./system/src/stm32l1xx/stm32l1xx_hal.o
 .debug_macro   0x000129db       0x1c ./system/src/stm32l1xx/stm32l1xx_hal.o
 .debug_macro   0x000129f7       0x52 ./system/src/stm32l1xx/stm32l1xx_hal.o
 .debug_macro   0x00012a49       0x40 ./system/src/stm32l1xx/stm32l1xx_hal.o
 .debug_macro   0x00012a89       0x10 ./system/src/stm32l1xx/stm32l1xx_hal.o
 .debug_macro   0x00012a99       0x40 ./system/src/stm32l1xx/stm32l1xx_hal.o
 .debug_macro   0x00012ad9       0xd7 ./system/src/stm32l1xx/stm32l1xx_hal.o
 .debug_macro   0x00012bb0       0x16 ./system/src/stm32l1xx/stm32l1xx_hal.o
 .debug_macro   0x00012bc6      0x18b ./system/src/stm32l1xx/stm32l1xx_hal.o
 .debug_macro   0x00012d51       0x57 ./system/src/stm32l1xx/stm32l1xx_hal.o
 .debug_macro   0x00012da8      0xe3f ./system/src/stm32l1xx/stm32l1xx_hal.o
 .debug_macro   0x00013be7      0x435 ./system/src/stm32l1xx/stm32l1xx_hal.o
 .debug_macro   0x0001401c      0x141 ./system/src/stm32l1xx/stm32l1xx_hal.o
 .debug_macro   0x0001415d       0xd4 ./system/src/stm32l1xx/stm32l1xx_hal.o
 .debug_macro   0x00014231      0x25d ./system/src/stm32l1xx/stm32l1xx_hal.o
 .debug_macro   0x0001448e      0x23c ./system/src/stm32l1xx/stm32l1xx_hal.o
 .debug_macro   0x000146ca      0x115 ./system/src/stm32l1xx/stm32l1xx_hal.o
 .debug_macro   0x000147df      0x486 ./system/src/stm32l1xx/stm32l1xx_hal.o
 .debug_macro   0x00014c65      0x225 ./system/src/stm32l1xx/stm32l1xx_hal.o
 .debug_macro   0x00014e8a      0x1ef ./system/src/stm32l1xx/stm32l1xx_hal.o
 .debug_macro   0x00015079       0x22 ./system/src/stm32l1xx/stm32l1xx_hal.o
 .debug_macro   0x0001509b      0x757 ./system/src/stm32l1xx/stm32l1xx_hal.o
 .debug_macro   0x000157f2       0xad ./system/src/stm32l1xx/stm32l1xx_hal.o
 .debug_macro   0x0001589f      0x287 ./system/src/stm32l1xx/stm32l1xx_hal.o
 .debug_macro   0x00015b26      0x47f ./system/src/stm32l1xx/stm32l1xx_hal.o
 .debug_macro   0x00015fa5      0x2d0 ./system/src/stm32l1xx/stm32l1xx_hal_cortex.o
 .debug_macro   0x00016275      0x309 ./system/src/stm32l1xx/stm32l1xx_hal_gpio.o
 .debug_macro   0x0001657e      0x31e ./system/src/stm32l1xx/stm32l1xx_hal_i2c.o
 .debug_macro   0x0001689c      0x2e8 ./system/src/stm32l1xx/stm32l1xx_hal_pwr.o
 .debug_macro   0x00016b84      0x2d0 ./system/src/stm32l1xx/stm32l1xx_hal_pwr_ex.o
 .debug_macro   0x00016e54      0x30c ./system/src/stm32l1xx/stm32l1xx_hal_rcc.o
 .debug_macro   0x00017160      0x2d1 ./system/src/stm32l1xx/stm32l1xx_hal_tim.o
 .debug_macro   0x00017431      0x2d0 ./system/src/stm32l1xx/stm32l1xx_hal_tim_ex.o
 .debug_macro   0x00017701      0x2d1 ./system/src/stm32l1xx/stm32l1xx_hal_uart.o
 .debug_macro   0x000179d2      0x19c ./system/src/newlib/_exit.o
 .debug_macro   0x00017b6e      0x10e ./system/src/newlib/_exit.o
 .debug_macro   0x00017c7c       0x8d ./system/src/newlib/_exit.o
 .debug_macro   0x00017d09       0x35 ./system/src/newlib/_exit.o
 .debug_macro   0x00017d3e      0x151 ./system/src/newlib/_sbrk.o
 .debug_macro   0x00017e8f      0x174 ./system/src/newlib/_sbrk.o
 .debug_macro   0x00018003       0x10 ./system/src/newlib/_sbrk.o
 .debug_macro   0x00018013      0x23b ./system/src/newlib/_sbrk.o
 .debug_macro   0x0001824e      0x15b ./system/src/newlib/_startup.o
 .debug_macro   0x000183a9      0x1ff ./system/src/newlib/_syscalls.o
 .debug_macro   0x000185a8       0x1c ./system/src/newlib/_syscalls.o
 .debug_macro   0x000185c4       0x10 ./system/src/newlib/_syscalls.o
 .debug_macro   0x000185d4       0x10 ./system/src/newlib/_syscalls.o
 .debug_macro   0x000185e4       0x10 ./system/src/newlib/_syscalls.o
 .debug_macro   0x000185f4       0x35 ./system/src/newlib/_syscalls.o
 .debug_macro   0x00018629      0x122 ./system/src/newlib/_syscalls.o
 .debug_macro   0x0001874b       0x88 ./system/src/newlib/_syscalls.o
 .debug_macro   0x000187d3       0x2b ./system/src/newlib/_syscalls.o
 .debug_macro   0x000187fe      0x118 ./system/src/newlib/_syscalls.o
 .debug_macro   0x00018916      0x159 ./system/src/newlib/_syscalls.o
 .debug_macro   0x00018a6f       0x16 ./system/src/newlib/_syscalls.o
 .debug_macro   0x00018a85      0x1d9 ./system/src/diag/Trace.o
 .debug_macro   0x00018c5e       0x4c ./system/src/diag/Trace.o
 .debug_macro   0x00018caa       0x16 ./system/src/diag/Trace.o
 .debug_macro   0x00018cc0      0x1d0 ./system/src/diag/trace_impl.o
 .debug_macro   0x00018e90       0x10 ./system/src/diag/trace_impl.o
 .debug_macro   0x00018ea0       0xcf ./system/src/diag/trace_impl.o
 .debug_macro   0x00018f6f       0xbe ./system/src/diag/trace_impl.o
 .debug_macro   0x0001902d       0x8a ./system/src/cortexm/_initialize_hardware.o
 .debug_macro   0x000190b7      0x221 ./system/src/cortexm/exception_handlers.o
 .debug_macro   0x000192d8       0x3a ./system/src/cortexm/exception_handlers.o
 .debug_macro   0x00019312       0x22 ./system/src/cortexm/exception_handlers.o
 .debug_macro   0x00019334       0x10 ./system/src/cortexm/exception_handlers.o
 .debug_macro   0x00019344       0x92 ./system/src/cmsis/system_stm32l1xx.o
 .debug_macro   0x000193d6      0x2d9 ./src/MPL3115A2.o
 .debug_macro   0x000196af      0x124 ./src/MPL3115A2.o
 .debug_macro   0x000197d3      0x32e ./src/main.o
 .debug_macro   0x00019b01      0x2d0 ./src/stm32l1xx_hal_msp.o
 .debug_macro   0x00019dd1      0x2da ./src/stm32l1xx_it.o
