###############################################################################
#
# IAR ELF Linker V7.80.1.11864/W32 for ARM                20/Mar/2017  11:29:12
# Copyright 2007-2016 IAR Systems AB.
#
#    Output file  =  
#        C:\STM32Toolchain\teammmd\I2Cproject\EWARM\I2Cproject\Exe\I2Cproject.out
#    Map file     =  
#        C:\STM32Toolchain\teammmd\I2Cproject\EWARM\I2Cproject\List\I2Cproject.map
#    Command line =  
#        C:\STM32Toolchain\teammmd\I2Cproject\EWARM\I2Cproject\Obj\main.o
#        C:\STM32Toolchain\teammmd\I2Cproject\EWARM\I2Cproject\Obj\startup_stm32l152xe.o
#        C:\STM32Toolchain\teammmd\I2Cproject\EWARM\I2Cproject\Obj\stm32l1xx_hal.o
#        C:\STM32Toolchain\teammmd\I2Cproject\EWARM\I2Cproject\Obj\stm32l1xx_hal_cortex.o
#        C:\STM32Toolchain\teammmd\I2Cproject\EWARM\I2Cproject\Obj\stm32l1xx_hal_dma.o
#        C:\STM32Toolchain\teammmd\I2Cproject\EWARM\I2Cproject\Obj\stm32l1xx_hal_flash.o
#        C:\STM32Toolchain\teammmd\I2Cproject\EWARM\I2Cproject\Obj\stm32l1xx_hal_flash_ex.o
#        C:\STM32Toolchain\teammmd\I2Cproject\EWARM\I2Cproject\Obj\stm32l1xx_hal_flash_ramfunc.o
#        C:\STM32Toolchain\teammmd\I2Cproject\EWARM\I2Cproject\Obj\stm32l1xx_hal_gpio.o
#        C:\STM32Toolchain\teammmd\I2Cproject\EWARM\I2Cproject\Obj\stm32l1xx_hal_i2c.o
#        C:\STM32Toolchain\teammmd\I2Cproject\EWARM\I2Cproject\Obj\stm32l1xx_hal_msp.o
#        C:\STM32Toolchain\teammmd\I2Cproject\EWARM\I2Cproject\Obj\stm32l1xx_hal_pwr.o
#        C:\STM32Toolchain\teammmd\I2Cproject\EWARM\I2Cproject\Obj\stm32l1xx_hal_pwr_ex.o
#        C:\STM32Toolchain\teammmd\I2Cproject\EWARM\I2Cproject\Obj\stm32l1xx_hal_rcc.o
#        C:\STM32Toolchain\teammmd\I2Cproject\EWARM\I2Cproject\Obj\stm32l1xx_hal_rcc_ex.o
#        C:\STM32Toolchain\teammmd\I2Cproject\EWARM\I2Cproject\Obj\stm32l1xx_hal_tim.o
#        C:\STM32Toolchain\teammmd\I2Cproject\EWARM\I2Cproject\Obj\stm32l1xx_hal_tim_ex.o
#        C:\STM32Toolchain\teammmd\I2Cproject\EWARM\I2Cproject\Obj\stm32l1xx_hal_uart.o
#        C:\STM32Toolchain\teammmd\I2Cproject\EWARM\I2Cproject\Obj\stm32l1xx_it.o
#        C:\STM32Toolchain\teammmd\I2Cproject\EWARM\I2Cproject\Obj\system_stm32l1xx.o
#        --redirect _Printf=_PrintfFull --redirect _Scanf=_ScanfFull -o
#        C:\STM32Toolchain\teammmd\I2Cproject\EWARM\I2Cproject\Exe\I2Cproject.out
#        --map
#        C:\STM32Toolchain\teammmd\I2Cproject\EWARM\I2Cproject\List\I2Cproject.map
#        --config
#        C:\STM32Toolchain\teammmd\I2Cproject\EWARM/stm32l152xe_flash.icf
#        --semihosting --entry __iar_program_start --vfe
#
###############################################################################

*******************************************************************************
*** RUNTIME MODEL ATTRIBUTES
***

CppFlavor                     = *
__Heap_Handler                = Basic
__SystemLibrary               = DLib
__dlib_dynamic_initialization = normal


*******************************************************************************
*** PLACEMENT SUMMARY
***

"A0":  place at 0x08000000 { ro section .intvec };
"P1":  place in [from 0x08000000 to 0x0807ffff] { ro };
"P2":  place in [from 0x20000000 to 0x20013fff] { rw, block CSTACK, block HEAP };
initialize by copy { rw };

  Section             Kind        Address    Size  Object
  -------             ----        -------    ----  ------
"A0":                                       0x124
  .intvec             ro code  0x08000000   0x124  startup_stm32l152xe.o [1]
                             - 0x08000124   0x124

"P1":                                      0x3a6d
  .text               ro code  0x08000124  0x119a  xprintffull.o [3]
  .text               ro code  0x080012be    0x20  xmbtowc.o [3]
  .text               ro code  0x080012e0    0x16  strchr.o [5]
  .text               ro code  0x080012f8    0x36  strlen.o [5]
  .text               ro code  0x08001330    0x58  memchr.o [5]
  .text               ro code  0x08001388     0xa  xmbcurmax.o [3]
  .text               ro code  0x08001394    0xb0  xxmemxmalloc.o [3]
  .text               ro code  0x08001444    0x1a  xwctomb.o [3]
  .text               ro code  0x08001460    0x76  ABImemcpy_unaligned.o [5]
  .text               ro code  0x080014d8    0x80  xxmemxfree.o [3]
  .text               ro code  0x08001558    0xee  I64DivMod.o [5]
  .text               ro code  0x08001646    0x44  xdnorm.o [4]
  .text               ro code  0x0800168c    0x2e  DblCmpLe.o [4]
  .text               ro code  0x080016bc    0x2e  DblCmpGe.o [4]
  .text               ro code  0x080016ec   0x10c  xdscale.o [4]
  .text               ro code  0x080017f8    0x58  DblToI32.o [4]
  .text               ro code  0x08001850    0x30  I32ToDbl.o [4]
  .text               ro code  0x08001880   0x180  DblSub.o [4]
  .text               ro code  0x08001a00   0x1a2  DblMul.o [4]
  .text               ro code  0x08001ba4   0x256  DblDiv.o [4]
  .text               ro code  0x08001dfc    0x6c  localeconv.o [3]
  .text               ro code  0x08001e68     0xe  div.o [3]
  .text               ro code  0x08001e78    0x14  setlocale.o [3]
  .text               ro code  0x08001e8c    0x60  xencoding_sb.o [3]
  .text               ro code  0x08001eec    0x2c  xgetmemchunk.o [3]
  .text               ro code  0x08001f18     0x2  I64DivZer.o [5]
  .text               ro code  0x08001f1c    0xe8  DblAdd.o [4]
  .text               ro code  0x08002004     0x2  xtls.o [3]
  .text               ro code  0x08002008   0x7ea  stm32l1xx_hal_i2c.o [1]
  .text               ro code  0x080027f4   0x134  stm32l1xx_hal_msp.o [1]
  .text               ro code  0x08002928   0x61c  stm32l1xx_hal_rcc.o [1]
  .text               ro code  0x08002f44     0xc  stm32l1xx_hal.o [1]
  .text               ro code  0x08002f50    0xc6  stm32l1xx_hal_cortex.o [1]
  .text               ro code  0x08003018   0x1bc  stm32l1xx_hal_gpio.o [1]
  .text               ro code  0x080031d4    0x28  stm32l1xx_hal.o [1]
  .text               ro code  0x080031fc    0x10  stm32l1xx_hal_pwr_ex.o [1]
  .text               ro code  0x0800320c   0x33a  stm32l1xx_hal_uart.o [1]
  .text               ro code  0x08003548   0x310  main.o [1]
  .text               ro code  0x08003858    0x16  stm32l1xx_hal.o [1]
  .text               ro code  0x08003870    0x24  printf.o [3]
  .text               ro code  0x08003894    0x64  system_stm32l1xx.o [1]
  .text               ro code  0x080038f8    0x40  zero_init3.o [5]
  .text               ro code  0x08003938    0x38  packbits_init_single.o [5]
  .text               ro code  0x08003970    0x28  data_init.o [5]
  .iar.init_table     const    0x08003998    0x20  - Linker created -
  .text               ro code  0x080039b8    0x1a  cmain.o [5]
  .text               ro code  0x080039d2     0x4  low_level_init.o [3]
  .text               ro code  0x080039d6     0x4  exit.o [3]
  .text               ro code  0x080039dc     0xa  cexit.o [5]
  .text               ro code  0x080039e8    0x14  exit.o [6]
  .text               ro code  0x080039fc    0x16  xprout.o [3]
  .text               ro code  0x08003a14     0xc  putchar.o [3]
  .text               ro code  0x08003a20    0x10  startup_stm32l152xe.o [1]
  .text               ro code  0x08003a30    0x10  stm32l1xx_hal.o [1]
  .text               ro code  0x08003a40     0xe  stm32l1xx_it.o [1]
  .text               ro code  0x08003a4e     0xc  cstartup_M.o [5]
  .rodata             const    0x08003a5c     0x8  system_stm32l1xx.o [1]
  .text               ro code  0x08003a64     0x4  startup_stm32l152xe.o [1]
  .text               ro code  0x08003a68     0x4  startup_stm32l152xe.o [1]
  .text               ro code  0x08003a6c     0x4  startup_stm32l152xe.o [1]
  .text               ro code  0x08003a70     0x4  startup_stm32l152xe.o [1]
  .text               ro code  0x08003a74     0x4  startup_stm32l152xe.o [1]
  .text               ro code  0x08003a78     0x4  startup_stm32l152xe.o [1]
  .text               ro code  0x08003a7c     0x4  startup_stm32l152xe.o [1]
  .text               ro code  0x08003a80     0x4  startup_stm32l152xe.o [1]
  .text               ro code  0x08003a84     0x4  startup_stm32l152xe.o [1]
  .text               ro code  0x08003a88     0x4  startup_stm32l152xe.o [1]
  .text               ro code  0x08003a8c     0x4  startup_stm32l152xe.o [1]
  .text               ro code  0x08003a90     0x4  startup_stm32l152xe.o [1]
  .text               ro code  0x08003a94     0x4  startup_stm32l152xe.o [1]
  .text               ro code  0x08003a98     0x4  startup_stm32l152xe.o [1]
  .text               ro code  0x08003a9c     0x4  startup_stm32l152xe.o [1]
  .text               ro code  0x08003aa0     0x4  startup_stm32l152xe.o [1]
  .text               ro code  0x08003aa4     0x4  startup_stm32l152xe.o [1]
  .text               ro code  0x08003aa8     0x4  startup_stm32l152xe.o [1]
  .text               ro code  0x08003aac     0x4  startup_stm32l152xe.o [1]
  .text               ro code  0x08003ab0     0x4  startup_stm32l152xe.o [1]
  .text               ro code  0x08003ab4     0x4  startup_stm32l152xe.o [1]
  .text               ro code  0x08003ab8     0x4  startup_stm32l152xe.o [1]
  .text               ro code  0x08003abc     0x4  startup_stm32l152xe.o [1]
  .text               ro code  0x08003ac0     0x4  startup_stm32l152xe.o [1]
  .text               ro code  0x08003ac4     0x4  startup_stm32l152xe.o [1]
  .text               ro code  0x08003ac8     0x4  startup_stm32l152xe.o [1]
  .text               ro code  0x08003acc     0x4  startup_stm32l152xe.o [1]
  .text               ro code  0x08003ad0     0x4  startup_stm32l152xe.o [1]
  .text               ro code  0x08003ad4     0x4  startup_stm32l152xe.o [1]
  .text               ro code  0x08003ad8     0x4  startup_stm32l152xe.o [1]
  .text               ro code  0x08003adc     0x4  startup_stm32l152xe.o [1]
  .text               ro code  0x08003ae0     0x4  startup_stm32l152xe.o [1]
  .text               ro code  0x08003ae4     0x4  startup_stm32l152xe.o [1]
  .text               ro code  0x08003ae8     0x4  startup_stm32l152xe.o [1]
  .text               ro code  0x08003aec     0x4  startup_stm32l152xe.o [1]
  .text               ro code  0x08003af0     0x4  startup_stm32l152xe.o [1]
  .text               ro code  0x08003af4     0x4  startup_stm32l152xe.o [1]
  .text               ro code  0x08003af8     0x4  startup_stm32l152xe.o [1]
  .text               ro code  0x08003afc     0x4  startup_stm32l152xe.o [1]
  .text               ro code  0x08003b00     0x4  startup_stm32l152xe.o [1]
  .text               ro code  0x08003b04     0x4  startup_stm32l152xe.o [1]
  .text               ro code  0x08003b08     0x4  startup_stm32l152xe.o [1]
  .text               ro code  0x08003b0c     0x4  startup_stm32l152xe.o [1]
  .text               ro code  0x08003b10     0x4  startup_stm32l152xe.o [1]
  .text               ro code  0x08003b14     0x4  startup_stm32l152xe.o [1]
  .text               ro code  0x08003b18     0x4  startup_stm32l152xe.o [1]
  .text               ro code  0x08003b1c     0x4  startup_stm32l152xe.o [1]
  .text               ro code  0x08003b20     0x4  startup_stm32l152xe.o [1]
  .text               ro code  0x08003b24     0x4  startup_stm32l152xe.o [1]
  .text               ro code  0x08003b28     0x4  startup_stm32l152xe.o [1]
  .text               ro code  0x08003b2c     0x4  startup_stm32l152xe.o [1]
  .text               ro code  0x08003b30     0x4  startup_stm32l152xe.o [1]
  .text               ro code  0x08003b34     0x4  startup_stm32l152xe.o [1]
  .text               ro code  0x08003b38     0x4  startup_stm32l152xe.o [1]
  .text               ro code  0x08003b3c     0x4  startup_stm32l152xe.o [1]
  .text               ro code  0x08003b40     0x4  startup_stm32l152xe.o [1]
  .text               ro code  0x08003b44     0x4  startup_stm32l152xe.o [1]
  .text               ro code  0x08003b48     0x4  startup_stm32l152xe.o [1]
  .text               ro code  0x08003b4c     0x4  startup_stm32l152xe.o [1]
  .text               ro code  0x08003b50     0x4  startup_stm32l152xe.o [1]
  .text               ro code  0x08003b54     0x4  startup_stm32l152xe.o [1]
  .text               ro code  0x08003b58     0x4  startup_stm32l152xe.o [1]
  .text               ro code  0x08003b5c     0x4  startup_stm32l152xe.o [1]
  .rodata             const    0x08003b60     0x0  zero_init3.o [5]
  .rodata             const    0x08003b60     0x0  packbits_init_single.o [5]
  Initializer bytes   const    0x08003b60    0x31  <for P2-1>
                             - 0x08003b91  0x3a6d

"P2", part 1 of 3:                          0x140
  P2-1                         0x20000000   0x140  <Init block>
    .data             inited   0x20000000     0x4  system_stm32l1xx.o [1]
    .data             inited   0x20000004    0x40  xfiles.o [3]
    __DLIB_PERTHREAD  inited   0x20000044    0x88  localeconv.o [3]
    __DLIB_PERTHREAD  inited   0x200000cc    0x74  setlocale.o [3]
                             - 0x20000140   0x140

"P2", part 2 of 3:                          0x600
  CSTACK                       0x20000140   0x400  <Block>
    CSTACK            uninit   0x20000140   0x400  <Block tail>
  HEAP                         0x20000540   0x200  <Block>
    HEAP              uninit   0x20000540   0x200  <Block tail>
                             - 0x20000740   0x600

"P2", part 3 of 3:                           0xf8
  .bss                zero     0x20000740    0x58  main.o [1]
  .bss                zero     0x20000798    0x50  xfiles.o [3]
  .bss                zero     0x200007e8    0x40  main.o [1]
  .bss                zero     0x20000828     0x8  xxmemxmalloc.o [3]
  .bss                zero     0x20000830     0x4  stm32l1xx_hal.o [1]
  .bss                zero     0x20000834     0x4  xgetmemchunk.o [3]
                             - 0x20000838    0xf8


*******************************************************************************
*** INIT TABLE
***

          Address     Size
          -------     ----
Zero (__iar_zero_init3)
    1 destination range, total size 0xf8:
          0x20000740   0xf8

Copy/packbits (__iar_packbits_init_single3)
    1 source range, total size 0x31 (15% of destination):
          0x08003b60   0x31
    1 destination range, total size 0x140:
          0x20000000  0x140



*******************************************************************************
*** MODULE SUMMARY
***

    Module                  ro code  ro data  rw data
    ------                  -------  -------  -------
C:\STM32Toolchain\teammmd\I2Cproject\EWARM\I2Cproject\Obj: [1]
    main.o                      784               152
    startup_stm32l152xe.o       560
    stm32l1xx_hal.o              90                 4
    stm32l1xx_hal_cortex.o      198
    stm32l1xx_hal_gpio.o        444
    stm32l1xx_hal_i2c.o       2 026
    stm32l1xx_hal_msp.o         308
    stm32l1xx_hal_pwr_ex.o       16
    stm32l1xx_hal_rcc.o       1 564
    stm32l1xx_hal_uart.o        826
    stm32l1xx_it.o               14
    system_stm32l1xx.o          100        8        4
    -------------------------------------------------
    Total:                    6 930        8      160

command line: [2]
    -------------------------------------------------
    Total:

dl7M_tlf.a: [3]
    div.o                        14
    exit.o                        4
    localeconv.o                108       21      136
    low_level_init.o              4
    printf.o                     36
    putchar.o                    12
    setlocale.o                  20       18      116
    xencoding_sb.o               96
    xfiles.o                              10      144
    xgetmemchunk.o               44                 4
    xmbcurmax.o                  10
    xmbtowc.o                    32
    xprintffull.o             4 506
    xprout.o                     22
    xtls.o                        2
    xwctomb.o                    26
    xxmemxfree.o                128
    xxmemxmalloc.o              176                 8
    -------------------------------------------------
    Total:                    5 240       49      408

m7M_tl.a: [4]
    DblAdd.o                    232
    DblCmpGe.o                   46
    DblCmpLe.o                   46
    DblDiv.o                    598
    DblMul.o                    418
    DblSub.o                    384
    DblToI32.o                   88
    I32ToDbl.o                   48
    xdnorm.o                     68
    xdscale.o                   268
    -------------------------------------------------
    Total:                    2 196

rt7M_tl.a: [5]
    ABImemcpy_unaligned.o       118
    I64DivMod.o                 238
    I64DivZer.o                   2
    cexit.o                      10
    cmain.o                      26
    cstartup_M.o                 12
    data_init.o                  40
    memchr.o                     88
    packbits_init_single.o       56
    strchr.o                     22
    strlen.o                     54
    zero_init3.o                 64
    -------------------------------------------------
    Total:                      730

shb_l.a: [6]
    exit.o                       20
    -------------------------------------------------
    Total:                       20

    Gaps                         42        2
    Linker created                        32    1 536
-----------------------------------------------------
    Grand Total:             15 158       91    2 104


*******************************************************************************
*** ENTRY LIST
***

Entry                      Address   Size  Type      Object
-----                      -------   ----  ----      ------
.iar.init_table$$Base   0x08003998          --   Gb  - Linker created -
.iar.init_table$$Limit  0x080039b8          --   Gb  - Linker created -
?main                   0x080039b9         Code  Gb  cmain.o [5]
AHBPrescTable           0x080038e8   0x10  Data  Gb  system_stm32l1xx.o [1]
APBPrescTable           0x08003a5c    0x8  Data  Gb  system_stm32l1xx.o [1]
CSTACK$$Base            0x20000140          --   Gb  - Linker created -
CSTACK$$Limit           0x20000540          --   Gb  - Linker created -
HAL_GPIO_Init           0x08003019  0x182  Code  Gb  stm32l1xx_hal_gpio.o [1]
HAL_GPIO_WritePin       0x080031a5    0x8  Code  Gb  stm32l1xx_hal_gpio.o [1]
HAL_GetTick             0x08002f45    0xc  Code  Wk  stm32l1xx_hal.o [1]
HAL_I2C_Init            0x08002009  0x106  Code  Gb  stm32l1xx_hal_i2c.o [1]
HAL_I2C_Master_Transmit
                        0x0800210f   0xbc  Code  Gb  stm32l1xx_hal_i2c.o [1]
HAL_I2C_Mem_Read        0x08002269  0x17a  Code  Gb  stm32l1xx_hal_i2c.o [1]
HAL_I2C_MspInit         0x0800288d   0x3c  Code  Gb  stm32l1xx_hal_msp.o [1]
HAL_IncTick             0x08003a31   0x10  Code  Wk  stm32l1xx_hal.o [1]
HAL_Init                0x08003859   0x16  Code  Gb  stm32l1xx_hal.o [1]
HAL_InitTick            0x080031d5   0x28  Code  Wk  stm32l1xx_hal.o [1]
HAL_MspInit             0x080027f5   0x98  Code  Gb  stm32l1xx_hal_msp.o [1]
HAL_NVIC_SetPriority    0x08002f85   0x3a  Code  Gb  stm32l1xx_hal_cortex.o [1]
HAL_NVIC_SetPriorityGrouping
                        0x08002f6b   0x1a  Code  Gb  stm32l1xx_hal_cortex.o [1]
HAL_PWREx_GetVoltageRange
                        0x080031fd    0xa  Code  Gb  stm32l1xx_hal_pwr_ex.o [1]
HAL_RCC_ClockConfig     0x08002cbf  0x134  Code  Gb  stm32l1xx_hal_rcc.o [1]
HAL_RCC_GetHCLKFreq     0x08002e75    0x6  Code  Gb  stm32l1xx_hal_rcc.o [1]
HAL_RCC_GetPCLK1Freq    0x08002e7b   0x10  Code  Gb  stm32l1xx_hal_rcc.o [1]
HAL_RCC_GetPCLK2Freq    0x08002e8b    0xe  Code  Gb  stm32l1xx_hal_rcc.o [1]
HAL_RCC_GetSysClockFreq
                        0x08002e21   0x54  Code  Gb  stm32l1xx_hal_rcc.o [1]
HAL_RCC_OscConfig       0x08002929  0x360  Code  Gb  stm32l1xx_hal_rcc.o [1]
HAL_SYSTICK_CLKSourceConfig
                        0x08002fe7   0x14  Code  Gb  stm32l1xx_hal_cortex.o [1]
HAL_SYSTICK_Callback    0x08003015    0x2  Code  Wk  stm32l1xx_hal_cortex.o [1]
HAL_SYSTICK_Config      0x08002fbf   0x28  Code  Gb  stm32l1xx_hal_cortex.o [1]
HAL_SYSTICK_IRQHandler  0x08003011    0x4  Code  Gb  stm32l1xx_hal_cortex.o [1]
HAL_UART_Init           0x0800320d   0x22  Code  Gb  stm32l1xx_hal_uart.o [1]
HAL_UART_MspInit        0x080028c9   0x3c  Code  Gb  stm32l1xx_hal_msp.o [1]
HAL_UART_Transmit       0x08003283   0x90  Code  Gb  stm32l1xx_hal_uart.o [1]
HEAP$$Base              0x20000540          --   Gb  - Linker created -
HEAP$$Limit             0x20000740          --   Gb  - Linker created -
I2C_IsAcknowledgeFailed
                        0x080027cb   0x28  Code  Lc  stm32l1xx_hal_i2c.o [1]
I2C_MasterRequestWrite  0x08002477   0x74  Code  Lc  stm32l1xx_hal_i2c.o [1]
I2C_RequestMemoryRead   0x08002515   0xb6  Code  Lc  stm32l1xx_hal_i2c.o [1]
I2C_WaitOnBTFFlagUntilTimeout
                        0x08002723   0x32  Code  Lc  stm32l1xx_hal_i2c.o [1]
I2C_WaitOnFlagUntilTimeout
                        0x08002601   0x52  Code  Lc  stm32l1xx_hal_i2c.o [1]
I2C_WaitOnMasterAddressFlagUntilTimeout
                        0x08002653   0x6c  Code  Lc  stm32l1xx_hal_i2c.o [1]
I2C_WaitOnRXNEFlagUntilTimeout
                        0x08002771   0x3e  Code  Lc  stm32l1xx_hal_i2c.o [1]
I2C_WaitOnTXEFlagUntilTimeout
                        0x080026f1   0x32  Code  Lc  stm32l1xx_hal_i2c.o [1]
LoadInt                 0x0800079b   0x6e  Code  Lc  xprintffull.o [3]
MPL3115A2_Activate      0x080036b5   0x14  Code  Gb  main.o [1]
MPL3115A2_Init          0x0800366f   0x46  Code  Gb  main.o [1]
MPL3115A2_Initialized   0x20000740    0x1  Data  Gb  main.o [1]
MPL3115A2_READ_REGISTER
                        0x080037b3   0x26  Code  Gb  main.o [1]
MPL3115A2_WRITE_REGISTER
                        0x080037d9   0x20  Code  Gb  main.o [1]
NVIC_SetPriority        0x08002f51   0x1a  Code  Lc  stm32l1xx_hal_cortex.o [1]
PLLMulTable             0x080038dc    0xc  Data  Gb  system_stm32l1xx.o [1]
Pressure_Read_I2C       0x080036c9   0x3e  Code  Gb  main.o [1]
RCC_SetFlashLatencyFromMSIRange
                        0x08002e9f   0x6e  Code  Lc  stm32l1xx_hal_rcc.o [1]
Region$$Table$$Base     0x08003998          --   Gb  - Linker created -
Region$$Table$$Limit    0x080039b8          --   Gb  - Linker created -
SysTick_Handler         0x08003a41    0xe  Code  Gb  stm32l1xx_it.o [1]
SystemClock_Config      0x08003735   0x7e  Code  Gb  main.o [1]
SystemCoreClock         0x20000000    0x4  Data  Gb  system_stm32l1xx.o [1]
SystemInit              0x08003895   0x38  Code  Gb  system_stm32l1xx.o [1]
UART_SetConfig          0x080033d7  0x130  Code  Lc  stm32l1xx_hal_uart.o [1]
UART_WaitOnFlagUntilTimeout
                        0x0800333d   0x8a  Code  Lc  stm32l1xx_hal_uart.o [1]
_EncodingSb_Mbtowc      0x08001ea7   0x30  Code  Gb  xencoding_sb.o [3]
_EncodingSb_Mbtowc::initial
                        0x08001ee4    0x8  Data  Lc  xencoding_sb.o [3]
_EncodingSb_Wctomb      0x08001e8d   0x1a  Code  Gb  xencoding_sb.o [3]
_EncodingSb_Wctomb::initial
                        0x08001edc    0x8  Data  Lc  xencoding_sb.o [3]
_GenldFull              0x08001021  0x254  Code  Lc  xprintffull.o [3]
_IsdstStr               0x200000d0    0x4  Data  Gb  setlocale.o [3]
_LdtobFull              0x08000c21  0x3fa  Code  Lc  xprintffull.o [3]
_LitobFull              0x08000b15  0x10a  Code  Lc  xprintffull.o [3]
_LocaleEncoding         0x08001e79    0xe  Code  Gb  setlocale.o [3]
_LocaleReturnString     0x200000f0   0x50  Data  Lc  setlocale.o [3]
_Locale_Profile         0x200000d4   0x1c  Data  Gb  setlocale.o [3]
_Locale_aeabi_lconv     0x20000094   0x38  Data  Gb  localeconv.o [3]
_Locale_lconv           0x20000044   0x50  Data  Gb  localeconv.o [3]
_Mbtowc                 0x080012bf   0x20  Code  Gb  xmbtowc.o [3]
_PrintfFull             0x08000125  0x660  Code  Gb  xprintffull.o [3]
_Prout                  0x080039fd   0x16  Code  Gb  xprout.o [3]
_PutcharsFull           0x08001275   0x2e  Code  Lc  xprintffull.o [3]
_PutstrFull             0x08000809  0x306  Code  Lc  xprintffull.o [3]
_TzoneStr               0x200000cc    0x4  Data  Gb  setlocale.o [3]
_Wctomb                 0x08001445   0x1a  Code  Gb  xwctomb.o [3]
__aeabi_cdcmple         0x0800168d         Code  Gb  DblCmpLe.o [4]
__aeabi_cdrcmple        0x080016bd         Code  Gb  DblCmpGe.o [4]
__aeabi_d2iz            0x080017f9         Code  Gb  DblToI32.o [4]
__aeabi_d2uiz           0x08001825         Code  Gb  DblToI32.o [4]
__aeabi_dadd            0x08001f1d         Code  Gb  DblAdd.o [4]
__aeabi_ddiv            0x08001ba5         Code  Gb  DblDiv.o [4]
__aeabi_dmul            0x08001a01         Code  Gb  DblMul.o [4]
__aeabi_dsub            0x08001881         Code  Gb  DblSub.o [4]
__aeabi_i2d             0x08001851         Code  Gb  I32ToDbl.o [4]
__aeabi_ldiv0           0x08001f19         Code  Gb  I64DivZer.o [5]
__aeabi_ui2d            0x08001865         Code  Gb  I32ToDbl.o [4]
__aeabi_uldivmod        0x08001559         Code  Gb  I64DivMod.o [5]
__cmain                 0x080039b9         Code  Gb  cmain.o [5]
__data_Aldata           0x20000828    0x8  Data  Gb  xxmemxmalloc.o [3]
__data_GetMemChunk      0x08001eed   0x2c  Code  Gb  xgetmemchunk.o [3]
__data_GetMemChunk::start
                        0x20000834    0x4  Data  Lc  xgetmemchunk.o [3]
__exit                  0x080039e9   0x14  Code  Gb  exit.o [6]
__iar_Dnorm             0x08001647   0x44  Code  Gb  xdnorm.o [4]
__iar_Dscale            0x080016ed  0x10c  Code  Gb  xdscale.o [4]
__iar_Locale_lconv_init
                        0x08001dfd   0x3a  Code  Gb  localeconv.o [3]
__iar_Mbcurmax          0x08001389    0xa  Code  Gb  xmbcurmax.o [3]
__iar_Memchr            0x08001331         Code  Gb  memchr.o [5]
__iar_Stdout            0x20000004   0x40  Data  Gb  xfiles.o [3]
__iar_Strchr            0x080012e1         Code  Gb  strchr.o [5]
__iar_d2uiz             0x08001831         Code  Gb  DblToI32.o [4]
__iar_dadd              0x08001f31         Code  Gb  DblAdd.o [4]
__iar_data_init3        0x08003971   0x28  Code  Gb  data_init.o [5]
__iar_dlib_perthread_access
                        0x08002005    0x2  Code  Gb  xtls.o [3]
__iar_dsub              0x08001895         Code  Gb  DblSub.o [4]
__iar_dsubStart         0x080018a7         Code  Gb  DblSub.o [4]
__iar_packbits_init_single3
                        0x08003939   0x38  Code  Gb  packbits_init_single.o [5]
__iar_program_start     0x08003a4f         Code  Gb  cstartup_M.o [5]
__iar_ui2d              0x08001869         Code  Gb  I32ToDbl.o [4]
__iar_unaligned___aeabi_memcpy
                        0x08001461         Code  Gb  ABImemcpy_unaligned.o [5]
__iar_unaligned___aeabi_memcpy4
                        0x08001481         Code  Gb  ABImemcpy_unaligned.o [5]
__iar_unaligned___aeabi_memcpy8
                        0x08001481         Code  Gb  ABImemcpy_unaligned.o [5]
__iar_zero_init3        0x080038f9   0x40  Code  Gb  zero_init3.o [5]
__low_level_init        0x080039d3    0x4  Code  Gb  low_level_init.o [3]
__vector_table          0x08000000         Data  Gb  startup_stm32l152xe.o [1]
_call_main              0x080039c5         Code  Gb  cmain.o [5]
_exit                   0x080039dd         Code  Gb  cexit.o [5]
_main                   0x080039cf         Code  Gb  cmain.o [5]
div                     0x08001e69    0xe  Code  Gb  div.o [3]
exit                    0x080039d7    0x4  Code  Gb  exit.o [3]
fputc                   0x080037f9   0x14  Code  Gb  main.o [1]
free                    0x080014d9   0x7a  Code  Gb  xxmemxfree.o [3]
getBar                  0x08003707   0x2e  Code  Gb  main.o [1]
hi2c1                   0x20000744   0x54  Data  Gb  main.o [1]
huart2                  0x200007e8   0x40  Data  Gb  main.o [1]
localeconv              0x08001e37   0x16  Code  Gb  localeconv.o [3]
main                    0x08003549  0x126  Code  Gb  main.o [1]
malloc                  0x08001395   0xac  Code  Gb  xxmemxmalloc.o [3]
memchr                  0x08001331         Code  Gb  memchr.o [5]
obuf                    0x20000798   0x50  Data  Lc  xfiles.o [3]
printf                  0x08003871   0x24  Code  Gb  printf.o [3]
putchar                 0x08003a15    0xc  Code  Gb  putchar.o [3]
strchr                  0x080012e1         Code  Gb  strchr.o [5]
strlen                  0x080012f9         Code  Gb  strlen.o [5]
uwTick                  0x20000830    0x4  Data  Gb  stm32l1xx_hal.o [1]


[1] = C:\STM32Toolchain\teammmd\I2Cproject\EWARM\I2Cproject\Obj
[2] = command line
[3] = dl7M_tlf.a
[4] = m7M_tl.a
[5] = rt7M_tl.a
[6] = shb_l.a

  15 158 bytes of readonly  code memory
      91 bytes of readonly  data memory
   2 104 bytes of readwrite data memory

Errors: none
Warnings: none
