Archive member included to satisfy reference by file (symbol)

c:/stm32toolchain/gcc-arm/bin/../lib/gcc/arm-none-eabi/5.4.1/armv7-m\libgcc.a(_arm_addsubdf3.o)
                              ./src/MPL3115A2.o (__aeabi_dadd)
c:/stm32toolchain/gcc-arm/bin/../lib/gcc/arm-none-eabi/5.4.1/armv7-m\libgcc.a(_arm_muldivdf3.o)
                              ./src/BNO055.o (__aeabi_dmul)
c:/stm32toolchain/gcc-arm/bin/../lib/gcc/arm-none-eabi/5.4.1/armv7-m\libgcc.a(_arm_fixdfsi.o)
                              ./src/MPL3115A2.o (__aeabi_d2iz)
c:/stm32toolchain/gcc-arm/bin/../lib/gcc/arm-none-eabi/5.4.1/armv7-m\libgcc.a(unwind-arm.o)
                              ./system/src/newlib/_cxx.o (__aeabi_unwind_cpp_pr1)
c:/stm32toolchain/gcc-arm/bin/../lib/gcc/arm-none-eabi/5.4.1/armv7-m\libgcc.a(libunwind.o)
                              c:/stm32toolchain/gcc-arm/bin/../lib/gcc/arm-none-eabi/5.4.1/armv7-m\libgcc.a(unwind-arm.o) (restore_core_regs)
c:/stm32toolchain/gcc-arm/bin/../lib/gcc/arm-none-eabi/5.4.1/armv7-m\libgcc.a(pr-support.o)
                              c:/stm32toolchain/gcc-arm/bin/../lib/gcc/arm-none-eabi/5.4.1/armv7-m\libgcc.a(unwind-arm.o) (__gnu_unwind_execute)
c:/stm32toolchain/gcc-arm/bin/../lib/gcc/arm-none-eabi/5.4.1/../../../../arm-none-eabi/lib/armv7-m\libg_nano.a(lib_a-errno.o)
                              ./system/src/newlib/_sbrk.o (__errno)
c:/stm32toolchain/gcc-arm/bin/../lib/gcc/arm-none-eabi/5.4.1/../../../../arm-none-eabi/lib/armv7-m\libg_nano.a(lib_a-impure.o)
                              c:/stm32toolchain/gcc-arm/bin/../lib/gcc/arm-none-eabi/5.4.1/../../../../arm-none-eabi/lib/armv7-m\libg_nano.a(lib_a-errno.o) (_impure_ptr)
c:/stm32toolchain/gcc-arm/bin/../lib/gcc/arm-none-eabi/5.4.1/../../../../arm-none-eabi/lib/armv7-m\libg_nano.a(lib_a-init.o)
                              ./system/src/cmsis/startup_stm32l162xd.o (__libc_init_array)
c:/stm32toolchain/gcc-arm/bin/../lib/gcc/arm-none-eabi/5.4.1/../../../../arm-none-eabi/lib/armv7-m\libg_nano.a(lib_a-memcpy-stub.o)
                              c:/stm32toolchain/gcc-arm/bin/../lib/gcc/arm-none-eabi/5.4.1/armv7-m\libgcc.a(unwind-arm.o) (memcpy)
c:/stm32toolchain/gcc-arm/bin/../lib/gcc/arm-none-eabi/5.4.1/../../../../arm-none-eabi/lib/armv7-m\libg_nano.a(lib_a-memset.o)
                              ./src/main.o (memset)
c:/stm32toolchain/gcc-arm/bin/../lib/gcc/arm-none-eabi/5.4.1/../../../../arm-none-eabi/lib/armv7-m\libg_nano.a(lib_a-strlen.o)
                              ./system/src/diag/Trace.o (strlen)
c:/stm32toolchain/gcc-arm/bin/../lib/gcc/arm-none-eabi/5.4.1/../../../../arm-none-eabi/lib/armv7-m\libg_nano.a(lib_a-vsnprintf.o)
                              ./system/src/diag/Trace.o (vsnprintf)
c:/stm32toolchain/gcc-arm/bin/../lib/gcc/arm-none-eabi/5.4.1/../../../../arm-none-eabi/lib/armv7-m\libg_nano.a(lib_a-nano-svfprintf.o)
                              c:/stm32toolchain/gcc-arm/bin/../lib/gcc/arm-none-eabi/5.4.1/../../../../arm-none-eabi/lib/armv7-m\libg_nano.a(lib_a-vsnprintf.o) (_svfprintf_r)
c:/stm32toolchain/gcc-arm/bin/../lib/gcc/arm-none-eabi/5.4.1/../../../../arm-none-eabi/lib/armv7-m\libg_nano.a(lib_a-nano-vfprintf_i.o)
                              c:/stm32toolchain/gcc-arm/bin/../lib/gcc/arm-none-eabi/5.4.1/../../../../arm-none-eabi/lib/armv7-m\libg_nano.a(lib_a-nano-svfprintf.o) (_printf_i)
c:/stm32toolchain/gcc-arm/bin/../lib/gcc/arm-none-eabi/5.4.1/../../../../arm-none-eabi/lib/armv7-m\libg_nano.a(lib_a-memchr-stub.o)
                              c:/stm32toolchain/gcc-arm/bin/../lib/gcc/arm-none-eabi/5.4.1/../../../../arm-none-eabi/lib/armv7-m\libg_nano.a(lib_a-nano-svfprintf.o) (memchr)
c:/stm32toolchain/gcc-arm/bin/../lib/gcc/arm-none-eabi/5.4.1/../../../../arm-none-eabi/lib/armv7-m\libg_nano.a(lib_a-memmove.o)
                              c:/stm32toolchain/gcc-arm/bin/../lib/gcc/arm-none-eabi/5.4.1/../../../../arm-none-eabi/lib/armv7-m\libg_nano.a(lib_a-nano-svfprintf.o) (memmove)
c:/stm32toolchain/gcc-arm/bin/../lib/gcc/arm-none-eabi/5.4.1/../../../../arm-none-eabi/lib/armv7-m\libg_nano.a(lib_a-nano-freer.o)
                              c:/stm32toolchain/gcc-arm/bin/../lib/gcc/arm-none-eabi/5.4.1/../../../../arm-none-eabi/lib/armv7-m\libg_nano.a(lib_a-nano-svfprintf.o) (_free_r)
c:/stm32toolchain/gcc-arm/bin/../lib/gcc/arm-none-eabi/5.4.1/../../../../arm-none-eabi/lib/armv7-m\libg_nano.a(lib_a-nano-mallocr.o)
                              c:/stm32toolchain/gcc-arm/bin/../lib/gcc/arm-none-eabi/5.4.1/../../../../arm-none-eabi/lib/armv7-m\libg_nano.a(lib_a-nano-svfprintf.o) (_malloc_r)
c:/stm32toolchain/gcc-arm/bin/../lib/gcc/arm-none-eabi/5.4.1/../../../../arm-none-eabi/lib/armv7-m\libg_nano.a(lib_a-nano-reallocr.o)
                              c:/stm32toolchain/gcc-arm/bin/../lib/gcc/arm-none-eabi/5.4.1/../../../../arm-none-eabi/lib/armv7-m\libg_nano.a(lib_a-nano-svfprintf.o) (_realloc_r)
[...]
Memory Configuration

Name             Origin             Length             Attributes
FLASH            0x08000000         0x00060000         xr
RAM              0x20000000         0x0000c000         xrw
CCMRAM           0x10000000         0x00000000         xrw
FLASHB1          0x00000000         0x00000000         xr
EXTMEMB0         0x00000000         0x00000000         xr
EXTMEMB1         0x00000000         0x00000000         xr
EXTMEMB2         0x00000000         0x00000000         xr
EXTMEMB3         0x00000000         0x00000000         xr
*default*        0x00000000         0xffffffff

Linker script and memory map

LOAD ./system/src/stm32l1xx/stm32l1xx_hal.o
LOAD ./system/src/stm32l1xx/stm32l1xx_hal_cortex.o
LOAD ./system/src/stm32l1xx/stm32l1xx_hal_dma.o
LOAD ./system/src/stm32l1xx/stm32l1xx_hal_flash.o
LOAD ./system/src/stm32l1xx/stm32l1xx_hal_flash_ex.o
LOAD ./system/src/stm32l1xx/stm32l1xx_hal_flash_ramfunc.o
LOAD ./system/src/stm32l1xx/stm32l1xx_hal_gpio.o
LOAD ./system/src/stm32l1xx/stm32l1xx_hal_i2c.o
LOAD ./system/src/stm32l1xx/stm32l1xx_hal_pwr.o
LOAD ./system/src/stm32l1xx/stm32l1xx_hal_pwr_ex.o
LOAD ./system/src/stm32l1xx/stm32l1xx_hal_rcc.o
LOAD ./system/src/stm32l1xx/stm32l1xx_hal_rcc_ex.o
LOAD ./system/src/stm32l1xx/stm32l1xx_hal_tim.o
LOAD ./system/src/stm32l1xx/stm32l1xx_hal_tim_ex.o
LOAD ./system/src/stm32l1xx/stm32l1xx_hal_uart.o
LOAD ./system/src/newlib/_cxx.o
LOAD ./system/src/newlib/_exit.o
LOAD ./system/src/newlib/_sbrk.o
LOAD ./system/src/newlib/_startup.o
LOAD ./system/src/newlib/_syscalls.o
LOAD ./system/src/newlib/assert.o
LOAD ./system/src/diag/Trace.o
LOAD ./system/src/diag/trace_impl.o
LOAD ./system/src/cortexm/_initialize_hardware.o
LOAD ./system/src/cortexm/_reset_hardware.o
LOAD ./system/src/cortexm/exception_handlers.o
LOAD ./system/src/cmsis/startup_stm32l162xd.o
LOAD ./system/src/cmsis/system_stm32l1xx.o
LOAD ./src/BNO055.o
LOAD ./src/MPL3115A2.o
LOAD ./src/main.o
LOAD ./src/stm32l1xx_hal_msp.o
LOAD ./src/stm32l1xx_it.o
LOAD c:/stm32toolchain/gcc-arm/bin/../lib/gcc/arm-none-eabi/5.4.1/../../../../arm-none-eabi/lib/armv7-m\libstdc++_nano.a
LOAD c:/stm32toolchain/gcc-arm/bin/../lib/gcc/arm-none-eabi/5.4.1/../../../../arm-none-eabi/lib/armv7-m\libm.a
START GROUP
LOAD c:/stm32toolchain/gcc-arm/bin/../lib/gcc/arm-none-eabi/5.4.1/armv7-m\libgcc.a
LOAD c:/stm32toolchain/gcc-arm/bin/../lib/gcc/arm-none-eabi/5.4.1/../../../../arm-none-eabi/lib/armv7-m\libg_nano.a
LOAD c:/stm32toolchain/gcc-arm/bin/../lib/gcc/arm-none-eabi/5.4.1/../../../../arm-none-eabi/lib/armv7-m\libc_nano.a
END GROUP
START GROUP
LOAD c:/stm32toolchain/gcc-arm/bin/../lib/gcc/arm-none-eabi/5.4.1/armv7-m\libgcc.a
LOAD c:/stm32toolchain/gcc-arm/bin/../lib/gcc/arm-none-eabi/5.4.1/../../../../arm-none-eabi/lib/armv7-m\libc_nano.a
END GROUP
                0x2000c000                __stack = (ORIGIN (RAM) + LENGTH (RAM))
                0x2000c000                _estack = __stack
                0x00000400                __Main_Stack_Size = 0x400
                [!provide]                PROVIDE (_Main_Stack_Size, __Main_Stack_Size)
                0x2000bc00                __Main_Stack_Limit = (__stack - __Main_Stack_Size)
                [!provide]                PROVIDE (_Main_Stack_Limit, __Main_Stack_Limit)
                0x00000100                _Minimum_Stack_Size = 0x100
                0x2000023c                PROVIDE (_Heap_Begin, _end_noinit)
                0x2000bc00                PROVIDE (_Heap_Limit, (__stack - __Main_Stack_Size))

.isr_vector     0x08000000      0x354
 FILL mask 0xff
                0x08000000                __vectors_start = ABSOLUTE (.)
                0x08000000                __vectors_start__ = ABSOLUTE (.)
 *(.isr_vector)
 .isr_vector    0x08000000      0x13c ./system/src/cmsis/startup_stm32l162xd.o
                0x08000000                g_pfnVectors
 *(.cfmconfig)
 *(.after_vectors .after_vectors.*)
 .after_vectors
                0x0800013c      0x114 ./system/src/newlib/_startup.o
                0x0800013c                _start
 .after_vectors
                0x08000250      0x104 ./system/src/cortexm/exception_handlers.o
                0x08000250                Reset_Handler
                0x08000270                HardFault_Handler_C
                0x080002bc                BusFault_Handler_C
                0x08000304                UsageFault_Handler_C

.inits          0x08000354       0x28
                0x08000354                __data_regions_array_start = .
                0x08000354        0x4 LONG 0x8003fd0 LOADADDR (.data)
                0x08000358        0x4 LONG 0x20000000 ADDR (.data)
                0x0800035c        0x4 LONG 0x2000007c (ADDR (.data) + SIZEOF (.data))
                0x08000360        0x4 LONG 0x8003fd0 LOADADDR (.data_CCMRAM)
                0x08000364        0x4 LONG 0x10000000 ADDR (.data_CCMRAM)
                0x08000368        0x4 LONG 0x10000000 (ADDR (.data_CCMRAM) + SIZEOF (.data_CCMRAM))
                0x0800036c                __data_regions_array_end = .
                0x0800036c                __bss_regions_array_start = .
                0x0800036c        0x4 LONG 0x20000080 ADDR (.bss)
                0x08000370        0x4 LONG 0x2000023c (ADDR (.bss) + SIZEOF (.bss))
                0x08000374        0x4 LONG 0x10000000 ADDR (.bss_CCMRAM)
                0x08000378        0x4 LONG 0x10000000 (ADDR (.bss_CCMRAM) + SIZEOF (.bss_CCMRAM))
                0x0800037c                __bss_regions_array_end = .
 *(.init)
 *(.fini)
                0x0800037c                . = ALIGN (0x4)
                0x0800037c                PROVIDE (__preinit_array_start, .)
 *(.preinit_array_sysinit .preinit_array_sysinit.*)
 *(.preinit_array_platform .preinit_array_platform.*)
 *(.preinit_array .preinit_array.*)
                0x0800037c                PROVIDE (__preinit_array_end, .)
                0x0800037c                . = ALIGN (0x4)
                0x0800037c                PROVIDE (__init_array_start, .)
 *(SORT(.init_array.*))
 *(.init_array)
                0x0800037c                PROVIDE (__init_array_end, .)
                0x0800037c                . = ALIGN (0x4)
                0x0800037c                PROVIDE (__fini_array_start, .)
 *(SORT(.fini_array.*))
 *(.fini_array)
                0x0800037c                PROVIDE (__fini_array_end, .)

.flashtext
 *(.flashtext .flashtext.*)

.text           0x0800037c     0x3c54
 *(.text .text.*)
 .text.HAL_InitTick
                0x0800037c       0x2c ./system/src/stm32l1xx/stm32l1xx_hal.o
                0x0800037c                HAL_InitTick
 .text.HAL_Init
                0x080003a8       0x18 ./system/src/stm32l1xx/stm32l1xx_hal.o
                0x080003a8                HAL_Init
 .text.HAL_IncTick
                0x080003c0       0x10 ./system/src/stm32l1xx/stm32l1xx_hal.o
                0x080003c0                HAL_IncTick
 .text.HAL_GetTick
                0x080003d0        0xc ./system/src/stm32l1xx/stm32l1xx_hal.o
                0x080003d0                HAL_GetTick
 .text.HAL_Delay
                0x080003dc       0x1c ./system/src/stm32l1xx/stm32l1xx_hal.o
                0x080003dc                HAL_Delay
 .text.HAL_NVIC_SetPriorityGrouping
                0x080003f8       0x24 ./system/src/stm32l1xx/stm32l1xx_hal_cortex.o
                0x080003f8                HAL_NVIC_SetPriorityGrouping
 .text.HAL_NVIC_SetPriority
                0x0800041c       0x64 ./system/src/stm32l1xx/stm32l1xx_hal_cortex.o
                0x0800041c                HAL_NVIC_SetPriority
 .text.HAL_NVIC_EnableIRQ
                0x08000480       0x18 ./system/src/stm32l1xx/stm32l1xx_hal_cortex.o
                0x08000480                HAL_NVIC_EnableIRQ
 .text.HAL_NVIC_DisableIRQ
                0x08000498       0x1c ./system/src/stm32l1xx/stm32l1xx_hal_cortex.o
                0x08000498                HAL_NVIC_DisableIRQ
 .text.HAL_SYSTICK_Config
                0x080004b4       0x2c ./system/src/stm32l1xx/stm32l1xx_hal_cortex.o
                0x080004b4                HAL_SYSTICK_Config
 .text.HAL_SYSTICK_CLKSourceConfig
                0x080004e0       0x20 ./system/src/stm32l1xx/stm32l1xx_hal_cortex.o
                0x080004e0                HAL_SYSTICK_CLKSourceConfig
 .text.HAL_SYSTICK_Callback
                0x08000500        0x4 ./system/src/stm32l1xx/stm32l1xx_hal_cortex.o
                0x08000500                HAL_SYSTICK_Callback
 .text.HAL_SYSTICK_IRQHandler
                0x08000504        0x8 ./system/src/stm32l1xx/stm32l1xx_hal_cortex.o
                0x08000504                HAL_SYSTICK_IRQHandler
 .text.HAL_GPIO_Init
                0x0800050c      0x1ac ./system/src/stm32l1xx/stm32l1xx_hal_gpio.o
                0x0800050c                HAL_GPIO_Init
 .text.HAL_GPIO_ReadPin
                0x080006b8       0x10 ./system/src/stm32l1xx/stm32l1xx_hal_gpio.o
                0x080006b8                HAL_GPIO_ReadPin
 .text.HAL_GPIO_WritePin
                0x080006c8        0xc ./system/src/stm32l1xx/stm32l1xx_hal_gpio.o
                0x080006c8                HAL_GPIO_WritePin
 .text.HAL_GPIO_TogglePin
                0x080006d4        0x8 ./system/src/stm32l1xx/stm32l1xx_hal_gpio.o
                0x080006d4                HAL_GPIO_TogglePin
 .text.HAL_GPIO_EXTI_IRQHandler
                0x080006dc       0x18 ./system/src/stm32l1xx/stm32l1xx_hal_gpio.o
                0x080006dc                HAL_GPIO_EXTI_IRQHandler
 .text.I2C_IsAcknowledgeFailed
                0x080006f4       0x2c ./system/src/stm32l1xx/stm32l1xx_hal_i2c.o
 .text.I2C_WaitOnFlagUntilTimeout
                0x08000720       0x68 ./system/src/stm32l1xx/stm32l1xx_hal_i2c.o
 .text.I2C_WaitOnMasterAddressFlagUntilTimeout
                0x08000788       0x94 ./system/src/stm32l1xx/stm32l1xx_hal_i2c.o
 .text.I2C_MasterRequestWrite
                0x0800081c       0xc0 ./system/src/stm32l1xx/stm32l1xx_hal_i2c.o
 .text.I2C_WaitOnTXEFlagUntilTimeout
                0x080008dc       0x50 ./system/src/stm32l1xx/stm32l1xx_hal_i2c.o
 .text.I2C_RequestMemoryRead
                0x0800092c      0x148 ./system/src/stm32l1xx/stm32l1xx_hal_i2c.o
 .text.I2C_WaitOnBTFFlagUntilTimeout
                0x08000a74       0x50 ./system/src/stm32l1xx/stm32l1xx_hal_i2c.o
 .text.I2C_WaitOnRXNEFlagUntilTimeout
                0x08000ac4       0x60 ./system/src/stm32l1xx/stm32l1xx_hal_i2c.o
 .text.HAL_I2C_Init
                0x08000b24      0x164 ./system/src/stm32l1xx/stm32l1xx_hal_i2c.o
                0x08000b24                HAL_I2C_Init
 .text.HAL_I2C_Master_Transmit
                0x08000c88      0x17c ./system/src/stm32l1xx/stm32l1xx_hal_i2c.o
                0x08000c88                HAL_I2C_Master_Transmit
 .text.HAL_I2C_Mem_Read
                0x08000e04      0x2fc ./system/src/stm32l1xx/stm32l1xx_hal_i2c.o
                0x08000e04                HAL_I2C_Mem_Read
 .text.HAL_PWREx_GetVoltageRange
                0x08001100       0x10 ./system/src/stm32l1xx/stm32l1xx_hal_pwr_ex.o
                0x08001100                HAL_PWREx_GetVoltageRange
 .text.RCC_SetFlashLatencyFromMSIRange
                0x08001110       0x90 ./system/src/stm32l1xx/stm32l1xx_hal_rcc.o
 .text.HAL_RCC_OscConfig
                0x080011a0      0x79c ./system/src/stm32l1xx/stm32l1xx_hal_rcc.o
                0x080011a0                HAL_RCC_OscConfig
 .text.HAL_RCC_GetSysClockFreq
                0x0800193c       0xa0 ./system/src/stm32l1xx/stm32l1xx_hal_rcc.o
                0x0800193c                HAL_RCC_GetSysClockFreq
 .text.HAL_RCC_ClockConfig
                0x080019dc      0x25c ./system/src/stm32l1xx/stm32l1xx_hal_rcc.o
                0x080019dc                HAL_RCC_ClockConfig
 .text.HAL_RCC_GetHCLKFreq
                0x08001c38        0xc ./system/src/stm32l1xx/stm32l1xx_hal_rcc.o
                0x08001c38                HAL_RCC_GetHCLKFreq
 .text.HAL_RCC_GetPCLK1Freq
                0x08001c44       0x30 ./system/src/stm32l1xx/stm32l1xx_hal_rcc.o
                0x08001c44                HAL_RCC_GetPCLK1Freq
 .text.HAL_RCC_GetPCLK2Freq
                0x08001c74       0x30 ./system/src/stm32l1xx/stm32l1xx_hal_rcc.o
                0x08001c74                HAL_RCC_GetPCLK2Freq
 .text.UART_SetConfig
                0x08001ca4      0x314 ./system/src/stm32l1xx/stm32l1xx_hal_uart.o
 .text.UART_WaitOnFlagUntilTimeout
                0x08001fb8       0xd4 ./system/src/stm32l1xx/stm32l1xx_hal_uart.o
 .text.HAL_UART_Init
                0x0800208c       0x60 ./system/src/stm32l1xx/stm32l1xx_hal_uart.o
                0x0800208c                HAL_UART_Init
 .text.HAL_UART_Transmit
                0x080020ec       0xec ./system/src/stm32l1xx/stm32l1xx_hal_uart.o
                0x080020ec                HAL_UART_Transmit
 .text._exit    0x080021d8        0x4 ./system/src/newlib/_exit.o
                0x080021d8                _exit
 .text._sbrk    0x080021dc       0x44 ./system/src/newlib/_sbrk.o
                0x080021dc                _sbrk
 .text.__initialize_args
                0x08002220       0x10 ./system/src/newlib/_syscalls.o
                0x08002220                __initialize_args
 .text.trace_printf
                0x08002230       0x30 ./system/src/diag/Trace.o
                0x08002230                trace_printf
 .text.trace_write
                0x08002260        0x8 ./system/src/diag/trace_impl.o
                0x08002260                trace_write
 .text.__initialize_hardware_early
                0x08002268       0x18 ./system/src/cortexm/_initialize_hardware.o
                0x08002268                __initialize_hardware_early
 .text.__initialize_hardware
                0x08002280        0x8 ./system/src/cortexm/_initialize_hardware.o
                0x08002280                __initialize_hardware
 .text.dumpExceptionStack
                0x08002288       0xf0 ./system/src/cortexm/exception_handlers.o
                0x08002288                dumpExceptionStack
 .text.Default_Handler
                0x08002378        0x2 ./system/src/cmsis/startup_stm32l162xd.o
                0x08002378                RTC_Alarm_IRQHandler
                0x08002378                EXTI2_IRQHandler
                0x08002378                COMP_ACQ_IRQHandler
                0x08002378                TIM10_IRQHandler
                0x08002378                USB_HP_IRQHandler
                0x08002378                TIM6_IRQHandler
                0x08002378                PVD_IRQHandler
                0x08002378                SDIO_IRQHandler
                0x08002378                EXTI3_IRQHandler
                0x08002378                EXTI0_IRQHandler
                0x08002378                I2C2_EV_IRQHandler
                0x08002378                SPI1_IRQHandler
                0x08002378                USB_FS_WKUP_IRQHandler
                0x08002378                DMA2_Channel2_IRQHandler
                0x08002378                DMA1_Channel4_IRQHandler
                0x08002378                ADC1_IRQHandler
                0x08002378                USART3_IRQHandler
                0x08002378                DMA1_Channel7_IRQHandler
                0x08002378                LCD_IRQHandler
                0x08002378                UART5_IRQHandler
                0x08002378                TIM4_IRQHandler
                0x08002378                DMA2_Channel1_IRQHandler
                0x08002378                I2C1_EV_IRQHandler
                0x08002378                DMA1_Channel6_IRQHandler
                0x08002378                UART4_IRQHandler
                0x08002378                DMA2_Channel4_IRQHandler
                0x08002378                TIM3_IRQHandler
                0x08002378                RCC_IRQHandler
                0x08002378                DMA1_Channel1_IRQHandler
                0x08002378                Default_Handler
                0x08002378                TIM7_IRQHandler
                0x08002378                TIM5_IRQHandler
                0x08002378                EXTI9_5_IRQHandler
                0x08002378                TIM9_IRQHandler
                0x08002378                TAMPER_STAMP_IRQHandler
                0x08002378                RTC_WKUP_IRQHandler
                0x08002378                SPI2_IRQHandler
                0x08002378                DMA2_Channel5_IRQHandler
                0x08002378                DMA1_Channel5_IRQHandler
                0x08002378                USB_LP_IRQHandler
                0x08002378                EXTI4_IRQHandler
                0x08002378                DMA1_Channel3_IRQHandler
                0x08002378                COMP_IRQHandler
                0x08002378                WWDG_IRQHandler
                0x08002378                TIM2_IRQHandler
                0x08002378                DAC_IRQHandler
                0x08002378                EXTI1_IRQHandler
                0x08002378                AES_IRQHandler
                0x08002378                TIM11_IRQHandler
                0x08002378                USART2_IRQHandler
                0x08002378                I2C2_ER_IRQHandler
                0x08002378                DMA1_Channel2_IRQHandler
                0x08002378                FLASH_IRQHandler
                0x08002378                USART1_IRQHandler
                0x08002378                SPI3_IRQHandler
                0x08002378                I2C1_ER_IRQHandler
                0x08002378                DMA2_Channel3_IRQHandler
 *fill*         0x0800237a        0x2 
 .text.SystemInit
                0x0800237c       0x48 ./system/src/cmsis/system_stm32l1xx.o
                0x0800237c                SystemInit
 .text.SystemCoreClockUpdate
                0x080023c4       0xc4 ./system/src/cmsis/system_stm32l1xx.o
                0x080023c4                SystemCoreClockUpdate
 .text.setI2CInterface_BNO055
                0x08002488        0xc ./src/BNO055.o
                0x08002488                setI2CInterface_BNO055
 .text.WRITE_REGISTER_BNO055
                0x08002494       0x24 ./src/BNO055.o
                0x08002494                WRITE_REGISTER_BNO055
 .text.READ_REGISTER_BNO055
                0x080024b8       0x28 ./src/BNO055.o
                0x080024b8                READ_REGISTER_BNO055
 .text.BNO055_select_page
                0x080024e0       0x54 ./src/BNO055.o
                0x080024e0                BNO055_select_page
 .text.BNO055_get_Euler_Angles
                0x08002534       0xf0 ./src/BNO055.o
                0x08002534                BNO055_get_Euler_Angles
 .text.BNO055_unit_selection
                0x08002624       0x20 ./src/BNO055.o
                0x08002624                BNO055_unit_selection
 .text.BNO055_check_id
                0x08002644       0xa8 ./src/BNO055.o
                0x08002644                BNO055_check_id
 .text.BNO055_check_operating_mode
                0x080026ec       0x20 ./src/BNO055.o
                0x080026ec                BNO055_check_operating_mode
 .text.BNO055_change_fusion_mode
                0x0800270c       0x64 ./src/BNO055.o
                0x0800270c                BNO055_change_fusion_mode
 .text.BNO055_initialize
                0x08002770       0x24 ./src/BNO055.o
                0x08002770                BNO055_initialize
 .text.BNO055_read_reg0
                0x08002794       0x20 ./src/BNO055.o
                0x08002794                BNO055_read_reg0
 .text.BNO055_get_MAG
                0x080027b4       0x38 ./src/BNO055.o
                0x080027b4                BNO055_get_MAG
 .text.BNO055_get_Ready
                0x080027ec        0xc ./src/BNO055.o
                0x080027ec                BNO055_get_Ready
 .text.MX_GPIO_Init
                0x080027f8       0xd4 ./src/main.o
 .text.D7SendMessage
                0x080028cc      0x130 ./src/main.o
                0x080028cc                D7SendMessage
 .text.toggleWhite
                0x080029fc       0x60 ./src/main.o
                0x080029fc                toggleWhite
 .text.Error_Handler
                0x08002a5c        0x4 ./src/main.o
                0x08002a5c                Error_Handler
 .text.MX_I2C1_Init
                0x08002a60       0x38 ./src/main.o
 .text.MX_USART1_UART_Init
                0x08002a98       0x34 ./src/main.o
 .text.SystemClock_Config
                0x08002acc       0x7c ./src/main.o
                0x08002acc                SystemClock_Config
 .text.main     0x08002b48       0xe4 ./src/main.o
                0x08002b48                main
 .text.HAL_GPIO_EXTI_Callback
                0x08002c2c       0x18 ./src/main.o
                0x08002c2c                HAL_GPIO_EXTI_Callback
 .text.HAL_MspInit
                0x08002c44       0xa0 ./src/stm32l1xx_hal_msp.o
                0x08002c44                HAL_MspInit
 .text.HAL_I2C_MspInit
                0x08002ce4       0x54 ./src/stm32l1xx_hal_msp.o
                0x08002ce4                HAL_I2C_MspInit
 .text.HAL_UART_MspInit
                0x08002d38       0x8c ./src/stm32l1xx_hal_msp.o
                0x08002d38                HAL_UART_MspInit
 .text.NMI_Handler
                0x08002dc4        0x4 ./src/stm32l1xx_it.o
                0x08002dc4                NMI_Handler
 .text.HardFault_Handler
                0x08002dc8        0x4 ./src/stm32l1xx_it.o
                0x08002dc8                HardFault_Handler
 .text.MemManage_Handler
                0x08002dcc        0x4 ./src/stm32l1xx_it.o
                0x08002dcc                MemManage_Handler
 .text.BusFault_Handler
                0x08002dd0        0x4 ./src/stm32l1xx_it.o
                0x08002dd0                BusFault_Handler
 .text.UsageFault_Handler
                0x08002dd4        0x4 ./src/stm32l1xx_it.o
                0x08002dd4                UsageFault_Handler
 .text.SVC_Handler
                0x08002dd8        0x4 ./src/stm32l1xx_it.o
                0x08002dd8                SVC_Handler
 .text.DebugMon_Handler
                0x08002ddc        0x4 ./src/stm32l1xx_it.o
                0x08002ddc                DebugMon_Handler
 .text.PendSV_Handler
                0x08002de0        0x4 ./src/stm32l1xx_it.o
                0x08002de0                PendSV_Handler
 .text.SysTick_Handler
                0x08002de4        0xc ./src/stm32l1xx_it.o
                0x08002de4                SysTick_Handler
 .text.EXTI15_10_IRQHandler
                0x08002df0        0xc ./src/stm32l1xx_it.o
                0x08002df0                EXTI15_10_IRQHandler
 .text          0x08002dfc      0x370 c:/stm32toolchain/gcc-arm/bin/../lib/gcc/arm-none-eabi/5.4.1/armv7-m\libgcc.a(_arm_addsubdf3.o)
                0x08002dfc                __aeabi_drsub
                0x08002e04                __aeabi_dsub
                0x08002e04                __subdf3
                0x08002e08                __aeabi_dadd
                0x08002e08                __adddf3
                0x08003080                __floatunsidf
                0x08003080                __aeabi_ui2d
                0x080030a0                __floatsidf
                0x080030a0                __aeabi_i2d
                0x080030c4                __aeabi_f2d
                0x080030c4                __extendsfdf2
                0x08003100                __floatundidf
                0x08003100                __aeabi_ul2d
                0x08003110                __floatdidf
                0x08003110                __aeabi_l2d
 .text          0x0800316c      0x424 c:/stm32toolchain/gcc-arm/bin/../lib/gcc/arm-none-eabi/5.4.1/armv7-m\libgcc.a(_arm_muldivdf3.o)
                0x0800316c                __aeabi_dmul
                0x0800316c                __muldf3
                0x080033c0                __divdf3
                0x080033c0                __aeabi_ddiv
 .text.__errno  0x08003590        0xc c:/stm32toolchain/gcc-arm/bin/../lib/gcc/arm-none-eabi/5.4.1/../../../../arm-none-eabi/lib/armv7-m\libg_nano.a(lib_a-errno.o)
                0x08003590                __errno
 .text.memcpy   0x0800359c       0x16 c:/stm32toolchain/gcc-arm/bin/../lib/gcc/arm-none-eabi/5.4.1/../../../../arm-none-eabi/lib/armv7-m\libg_nano.a(lib_a-memcpy-stub.o)
                0x0800359c                memcpy
 .text.memset   0x080035b2       0x10 c:/stm32toolchain/gcc-arm/bin/../lib/gcc/arm-none-eabi/5.4.1/../../../../arm-none-eabi/lib/armv7-m\libg_nano.a(lib_a-memset.o)
                0x080035b2                memset
 .text._vsnprintf_r
                0x080035c2       0x56 c:/stm32toolchain/gcc-arm/bin/../lib/gcc/arm-none-eabi/5.4.1/../../../../arm-none-eabi/lib/armv7-m\libg_nano.a(lib_a-vsnprintf.o)
                0x080035c2                _vsniprintf_r
                0x080035c2                _vsnprintf_r
 .text.vsnprintf
                0x08003618       0x1c c:/stm32toolchain/gcc-arm/bin/../lib/gcc/arm-none-eabi/5.4.1/../../../../arm-none-eabi/lib/armv7-m\libg_nano.a(lib_a-vsnprintf.o)
                0x08003618                vsniprintf
                0x08003618                vsnprintf
 .text.__ssputs_r
                0x08003634       0xb2 c:/stm32toolchain/gcc-arm/bin/../lib/gcc/arm-none-eabi/5.4.1/../../../../arm-none-eabi/lib/armv7-m\libg_nano.a(lib_a-nano-svfprintf.o)
                0x08003634                __ssputs_r
 *fill*         0x080036e6        0x2 
 .text._svfprintf_r
                0x080036e8      0x1e8 c:/stm32toolchain/gcc-arm/bin/../lib/gcc/arm-none-eabi/5.4.1/../../../../arm-none-eabi/lib/armv7-m\libg_nano.a(lib_a-nano-svfprintf.o)
                0x080036e8                _svfiprintf_r
                0x080036e8                _svfprintf_r
 .text._printf_common
                0x080038d0       0xec c:/stm32toolchain/gcc-arm/bin/../lib/gcc/arm-none-eabi/5.4.1/../../../../arm-none-eabi/lib/armv7-m\libg_nano.a(lib_a-nano-vfprintf_i.o)
                0x080038d0                _printf_common
 .text._printf_i
                0x080039bc      0x24c c:/stm32toolchain/gcc-arm/bin/../lib/gcc/arm-none-eabi/5.4.1/../../../../arm-none-eabi/lib/armv7-m\libg_nano.a(lib_a-nano-vfprintf_i.o)
                0x080039bc                _printf_i
 .text.memchr   0x08003c08       0x1c c:/stm32toolchain/gcc-arm/bin/../lib/gcc/arm-none-eabi/5.4.1/../../../../arm-none-eabi/lib/armv7-m\libg_nano.a(lib_a-memchr-stub.o)
                0x08003c08                memchr
 .text.memmove  0x08003c24       0x36 c:/stm32toolchain/gcc-arm/bin/../lib/gcc/arm-none-eabi/5.4.1/../../../../arm-none-eabi/lib/armv7-m\libg_nano.a(lib_a-memmove.o)
                0x08003c24                memmove
 *fill*         0x08003c5a        0x2 
 .text._free_r  0x08003c5c       0x98 c:/stm32toolchain/gcc-arm/bin/../lib/gcc/arm-none-eabi/5.4.1/../../../../arm-none-eabi/lib/armv7-m\libg_nano.a(lib_a-nano-freer.o)
                0x08003c5c                _free_r
 .text._malloc_r
                0x08003cf4       0xbc c:/stm32toolchain/gcc-arm/bin/../lib/gcc/arm-none-eabi/5.4.1/../../../../arm-none-eabi/lib/armv7-m\libg_nano.a(lib_a-nano-mallocr.o)
                0x08003cf4                _malloc_r
 .text._realloc_r
                0x08003db0       0x4c c:/stm32toolchain/gcc-arm/bin/../lib/gcc/arm-none-eabi/5.4.1/../../../../arm-none-eabi/lib/armv7-m\libg_nano.a(lib_a-nano-reallocr.o)
                0x08003db0                _realloc_r
 .text._sbrk_r  0x08003dfc       0x20 c:/stm32toolchain/gcc-arm/bin/../lib/gcc/arm-none-eabi/5.4.1/../../../../arm-none-eabi/lib/armv7-m\libg_nano.a(lib_a-sbrkr.o)
                0x08003dfc                _sbrk_r
 .text.__malloc_lock
                0x08003e1c        0x2 c:/stm32toolchain/gcc-arm/bin/../lib/gcc/arm-none-eabi/5.4.1/../../../../arm-none-eabi/lib/armv7-m\libg_nano.a(lib_a-mlock.o)
                0x08003e1c                __malloc_lock
 .text.__malloc_unlock
                0x08003e1e        0x2 c:/stm32toolchain/gcc-arm/bin/../lib/gcc/arm-none-eabi/5.4.1/../../../../arm-none-eabi/lib/armv7-m\libg_nano.a(lib_a-mlock.o)
                0x08003e1e                __malloc_unlock
 .text._malloc_usable_size_r
                0x08003e20       0x14 c:/stm32toolchain/gcc-arm/bin/../lib/gcc/arm-none-eabi/5.4.1/../../../../arm-none-eabi/lib/armv7-m\libg_nano.a(lib_a-nano-msizer.o)
                0x08003e20                _malloc_usable_size_r
 *(.rodata .rodata.* .constdata .constdata.*)
 .rodata.str1.4
                0x08003e34      0x148 ./system/src/cortexm/exception_handlers.o
                                0x146 (size before relaxing)
 .rodata.AHBPrescTable
                0x08003f7c       0x10 ./system/src/cmsis/system_stm32l1xx.o
                0x08003f7c                AHBPrescTable
 .rodata.APBPrescTable
                0x08003f8c        0x8 ./system/src/cmsis/system_stm32l1xx.o
                0x08003f8c                APBPrescTable
 .rodata.PLLMulTable
                0x08003f94        0x9 ./system/src/cmsis/system_stm32l1xx.o
                0x08003f94                PLLMulTable
 .rodata.str1.1
                0x08003f9d       0x11 c:/stm32toolchain/gcc-arm/bin/../lib/gcc/arm-none-eabi/5.4.1/../../../../arm-none-eabi/lib/armv7-m\libg_nano.a(lib_a-nano-svfprintf.o)
 .rodata.str1.1
                0x08003fae       0x22 c:/stm32toolchain/gcc-arm/bin/../lib/gcc/arm-none-eabi/5.4.1/../../../../arm-none-eabi/lib/armv7-m\libg_nano.a(lib_a-nano-vfprintf_i.o)
 *(vtable)
 *(.eh_frame*)
 *(.glue_7)
 .glue_7        0x08003fd0        0x0 linker stubs
 *(.glue_7t)
 .glue_7t       0x08003fd0        0x0 linker stubs

.vfp11_veneer   0x08003fd0        0x0
 .vfp11_veneer  0x08003fd0        0x0 linker stubs

.v4_bx          0x08003fd0        0x0
 .v4_bx         0x08003fd0        0x0 linker stubs

.iplt           0x08003fd0        0x0
 .iplt          0x08003fd0        0x0 ./system/src/stm32l1xx/stm32l1xx_hal.o

.rel.dyn        0x08003fd0        0x0
 .rel.iplt      0x08003fd0        0x0 ./system/src/stm32l1xx/stm32l1xx_hal.o

.ARM.extab
 *(.ARM.extab* .gnu.linkonce.armextab.*)
                0x08003fd0                . = ALIGN (0x4)
                0x08003fd0                __exidx_start = .

.ARM.exidx
 *(.ARM.exidx* .gnu.linkonce.armexidx.*)
                0x08003fd0                __exidx_end = .
                0x08003fd0                . = ALIGN (0x4)
                0x08003fd0                _etext = .
                0x08003fd0                __etext = .

.data_CCMRAM    0x10000000        0x0 load address 0x08003fd0
 FILL mask 0xff
 *(.data.CCMRAM .data.CCMRAM.*)
                0x10000000                . = ALIGN (0x4)
                0x08003fd0                _sidata = LOADADDR (.data)

.data           0x20000000       0x7c load address 0x08003fd0
 FILL mask 0xff
                0x20000000                _sdata = .
                0x20000000                __data_start__ = .
 *(.data_begin .data_begin.*)
 .data_begin    0x20000000        0x4 ./system/src/newlib/_startup.o
 *(.data .data.*)
 .data.argv.4290
                0x20000004        0x8 ./system/src/newlib/_syscalls.o
 .data.SystemCoreClock
                0x2000000c        0x4 ./system/src/cmsis/system_stm32l1xx.o
                0x2000000c                SystemCoreClock
 .data.flags    0x20000010        0x1 ./src/main.o
                0x20000010                flags
 *fill*         0x20000011        0x3 ff
 .data.impure_data
                0x20000014       0x60 c:/stm32toolchain/gcc-arm/bin/../lib/gcc/arm-none-eabi/5.4.1/../../../../arm-none-eabi/lib/armv7-m\libg_nano.a(lib_a-impure.o)
 .data._impure_ptr
                0x20000074        0x4 c:/stm32toolchain/gcc-arm/bin/../lib/gcc/arm-none-eabi/5.4.1/../../../../arm-none-eabi/lib/armv7-m\libg_nano.a(lib_a-impure.o)
                0x20000074                _impure_ptr
 *(.data_end .data_end.*)
 .data_end      0x20000078        0x4 ./system/src/newlib/_startup.o
                0x2000007c                . = ALIGN (0x4)
                0x2000007c                _edata = .
                0x2000007c                __data_end__ = .

.igot.plt       0x2000007c        0x0 load address 0x0800404c
 .igot.plt      0x2000007c        0x0 ./system/src/stm32l1xx/stm32l1xx_hal.o

.bss_CCMRAM     0x10000000        0x0
 *(.bss.CCMRAM .bss.CCMRAM.*)

.bss            0x20000080      0x1bc
                0x20000080                __bss_start__ = .
                0x20000080                _sbss = .
 *(.bss_begin .bss_begin.*)
 .bss_begin     0x20000080        0x4 ./system/src/newlib/_startup.o
 *(.bss .bss.*)
 .bss.current_heap_end.3974
                0x20000084        0x4 ./system/src/newlib/_sbrk.o
 .bss.name.4289
                0x20000088        0x1 ./system/src/newlib/_syscalls.o
 *fill*         0x20000089        0x3 
 .bss.buf.5179  0x2000008c       0x80 ./system/src/diag/Trace.o
 .bss.mag_id    0x2000010c        0x1 ./src/BNO055.o
 .bss.acc_id    0x2000010d        0x1 ./src/BNO055.o
 .bss.sw_rev_id
                0x2000010e        0x2 ./src/BNO055.o
 .bss.page_flag
                0x20000110        0x1 ./src/BNO055.o
 .bss.ready_flag
                0x20000111        0x1 ./src/BNO055.o
 .bss.bootldr_rev_id
                0x20000112        0x1 ./src/BNO055.o
 *fill*         0x20000113        0x1 
 .bss.hi2cLib   0x20000114        0x4 ./src/BNO055.o
 .bss.gyr_id    0x20000118        0x1 ./src/BNO055.o
 *fill*         0x20000119        0x3 
 .bss.dt        0x2000011c        0xa ./src/BNO055.o
 .bss.chip_id   0x20000126        0x1 ./src/BNO055.o
 *fill*         0x20000127        0x1 
 .bss.__malloc_sbrk_start
                0x20000128        0x4 c:/stm32toolchain/gcc-arm/bin/../lib/gcc/arm-none-eabi/5.4.1/../../../../arm-none-eabi/lib/armv7-m\libg_nano.a(lib_a-nano-mallocr.o)
                0x20000128                __malloc_sbrk_start
 .bss.__malloc_free_list
                0x2000012c        0x4 c:/stm32toolchain/gcc-arm/bin/../lib/gcc/arm-none-eabi/5.4.1/../../../../arm-none-eabi/lib/armv7-m\libg_nano.a(lib_a-nano-mallocr.o)
                0x2000012c                __malloc_free_list
 *(COMMON)
 COMMON         0x20000130        0x4 ./system/src/stm32l1xx/stm32l1xx_hal.o
                0x20000130                uwTick
 COMMON         0x20000134        0x4 ./system/src/newlib/_syscalls.o
                0x20000134                errno
 COMMON         0x20000138       0xfe ./src/main.o
                0x20000138                hi2c1
                0x20000190                euler_angles
                0x200001b0                huart1
                0x200001f0                huart2
                0x20000230                mag
 *(.bss_end .bss_end.*)
 *fill*         0x20000236        0x2 
 .bss_end       0x20000238        0x4 ./system/src/newlib/_startup.o
                0x2000023c                . = ALIGN (0x4)
                0x2000023c                __bss_end__ = .
                0x2000023c                _ebss = .

.noinit_CCMRAM
 *(.noinit.CCMRAM .noinit.CCMRAM.*)

.noinit         0x2000023c        0x0
                0x2000023c                _noinit = .
 *(.noinit .noinit.*)
                0x2000023c                . = ALIGN (0x4)
                0x2000023c                _end_noinit = .
                [!provide]                PROVIDE (end, _end_noinit)
                [!provide]                PROVIDE (_end, _end_noinit)
                [!provide]                PROVIDE (__end, _end_noinit)
                [!provide]                PROVIDE (__end__, _end_noinit)

._check_stack   0x2000023c      0x100
                0x2000033c                . = (. + _Minimum_Stack_Size)
 *fill*         0x2000023c      0x100 

.b1text
 *(.b1text)
 *(.b1rodata)
 *(.b1rodata.*)

.eb0text
 *(.eb0text)
 *(.eb0rodata)
 *(.eb0rodata.*)

.eb1text
 *(.eb1text)
 *(.eb1rodata)
 *(.eb1rodata.*)

.eb2text
 *(.eb2text)
 *(.eb2rodata)
 *(.eb2rodata.*)

.eb3text
 *(.eb3text)
 *(.eb3rodata)
 *(.eb3rodata.*)

.stab
 *(.stab)

.stabstr
 *(.stabstr)

.stab.excl
 *(.stab.excl)

.stab.exclstr
 *(.stab.exclstr)

.stab.index
 *(.stab.index)

.stab.indexstr
 *(.stab.indexstr)

.comment        0x00000000       0x6e
 *(.comment)
 .comment       0x00000000       0x6e ./system/src/stm32l1xx/stm32l1xx_hal.o
                                 0x6f (size before relaxing)
 .comment       0x0000006e       0x6f ./system/src/stm32l1xx/stm32l1xx_hal_cortex.o
 .comment       0x0000006e       0x6f ./system/src/stm32l1xx/stm32l1xx_hal_gpio.o
 .comment       0x0000006e       0x6f ./system/src/stm32l1xx/stm32l1xx_hal_i2c.o
 .comment       0x0000006e       0x6f ./system/src/stm32l1xx/stm32l1xx_hal_pwr_ex.o
 .comment       0x0000006e       0x6f ./system/src/stm32l1xx/stm32l1xx_hal_rcc.o
 .comment       0x0000006e       0x6f ./system/src/stm32l1xx/stm32l1xx_hal_uart.o
 .comment       0x0000006e       0x6f ./system/src/newlib/_exit.o
 .comment       0x0000006e       0x6f ./system/src/newlib/_sbrk.o
 .comment       0x0000006e       0x6f ./system/src/newlib/_startup.o
 .comment       0x0000006e       0x6f ./system/src/newlib/_syscalls.o
 .comment       0x0000006e       0x6f ./system/src/diag/Trace.o
 .comment       0x0000006e       0x6f ./system/src/diag/trace_impl.o
 .comment       0x0000006e       0x6f ./system/src/cortexm/_initialize_hardware.o
 .comment       0x0000006e       0x6f ./system/src/cortexm/exception_handlers.o
 .comment       0x0000006e       0x6f ./system/src/cmsis/system_stm32l1xx.o
 .comment       0x0000006e       0x6f ./src/BNO055.o
 .comment       0x0000006e       0x6f ./src/main.o
 .comment       0x0000006e       0x6f ./src/stm32l1xx_hal_msp.o
 .comment       0x0000006e       0x6f ./src/stm32l1xx_it.o

.ARM.attributes
                0x00000000       0x31
 .ARM.attributes
                0x00000000       0x33 ./system/src/stm32l1xx/stm32l1xx_hal.o
 .ARM.attributes
                0x00000033       0x33 ./system/src/stm32l1xx/stm32l1xx_hal_cortex.o
 .ARM.attributes
                0x00000066       0x33 ./system/src/stm32l1xx/stm32l1xx_hal_gpio.o
 .ARM.attributes
                0x00000099       0x33 ./system/src/stm32l1xx/stm32l1xx_hal_i2c.o
 .ARM.attributes
                0x000000cc       0x33 ./system/src/stm32l1xx/stm32l1xx_hal_pwr_ex.o
 .ARM.attributes
                0x000000ff       0x33 ./system/src/stm32l1xx/stm32l1xx_hal_rcc.o
 .ARM.attributes
                0x00000132       0x33 ./system/src/stm32l1xx/stm32l1xx_hal_uart.o
 .ARM.attributes
                0x00000165       0x33 ./system/src/newlib/_exit.o
 .ARM.attributes
                0x00000198       0x33 ./system/src/newlib/_sbrk.o
 .ARM.attributes
                0x000001cb       0x33 ./system/src/newlib/_startup.o
 .ARM.attributes
                0x000001fe       0x33 ./system/src/newlib/_syscalls.o
 .ARM.attributes
                0x00000231       0x33 ./system/src/diag/Trace.o
 .ARM.attributes
                0x00000264       0x33 ./system/src/diag/trace_impl.o
 .ARM.attributes
                0x00000297       0x33 ./system/src/cortexm/_initialize_hardware.o
 .ARM.attributes
                0x000002ca       0x33 ./system/src/cortexm/exception_handlers.o
 .ARM.attributes
                0x000002fd       0x21 ./system/src/cmsis/startup_stm32l162xd.o
 .ARM.attributes
                0x0000031e       0x33 ./system/src/cmsis/system_stm32l1xx.o
 .ARM.attributes
                0x00000351       0x33 ./src/BNO055.o
 .ARM.attributes
                0x00000384       0x33 ./src/main.o
 .ARM.attributes
                0x000003b7       0x33 ./src/stm32l1xx_hal_msp.o
 .ARM.attributes
                0x000003ea       0x33 ./src/stm32l1xx_it.o
 .ARM.attributes
                0x0000041d       0x1d c:/stm32toolchain/gcc-arm/bin/../lib/gcc/arm-none-eabi/5.4.1/armv7-m\libgcc.a(_arm_addsubdf3.o)
 .ARM.attributes
                0x0000043a       0x1d c:/stm32toolchain/gcc-arm/bin/../lib/gcc/arm-none-eabi/5.4.1/armv7-m\libgcc.a(_arm_muldivdf3.o)
 .ARM.attributes
                0x00000457       0x2d c:/stm32toolchain/gcc-arm/bin/../lib/gcc/arm-none-eabi/5.4.1/../../../../arm-none-eabi/lib/armv7-m\libg_nano.a(lib_a-errno.o)
 .ARM.attributes
                0x00000484       0x2d c:/stm32toolchain/gcc-arm/bin/../lib/gcc/arm-none-eabi/5.4.1/../../../../arm-none-eabi/lib/armv7-m\libg_nano.a(lib_a-impure.o)
 .ARM.attributes
                0x000004b1       0x2d c:/stm32toolchain/gcc-arm/bin/../lib/gcc/arm-none-eabi/5.4.1/../../../../arm-none-eabi/lib/armv7-m\libg_nano.a(lib_a-memcpy-stub.o)
 .ARM.attributes
                0x000004de       0x2d c:/stm32toolchain/gcc-arm/bin/../lib/gcc/arm-none-eabi/5.4.1/../../../../arm-none-eabi/lib/armv7-m\libg_nano.a(lib_a-memset.o)
 .ARM.attributes
                0x0000050b       0x2d c:/stm32toolchain/gcc-arm/bin/../lib/gcc/arm-none-eabi/5.4.1/../../../../arm-none-eabi/lib/armv7-m\libg_nano.a(lib_a-vsnprintf.o)
 .ARM.attributes
                0x00000538       0x2d c:/stm32toolchain/gcc-arm/bin/../lib/gcc/arm-none-eabi/5.4.1/../../../../arm-none-eabi/lib/armv7-m\libg_nano.a(lib_a-nano-svfprintf.o)
 .ARM.attributes
                0x00000565       0x2d c:/stm32toolchain/gcc-arm/bin/../lib/gcc/arm-none-eabi/5.4.1/../../../../arm-none-eabi/lib/armv7-m\libg_nano.a(lib_a-nano-vfprintf_i.o)
 .ARM.attributes
                0x00000592       0x2d c:/stm32toolchain/gcc-arm/bin/../lib/gcc/arm-none-eabi/5.4.1/../../../../arm-none-eabi/lib/armv7-m\libg_nano.a(lib_a-memchr-stub.o)
 .ARM.attributes
                0x000005bf       0x2d c:/stm32toolchain/gcc-arm/bin/../lib/gcc/arm-none-eabi/5.4.1/../../../../arm-none-eabi/lib/armv7-m\libg_nano.a(lib_a-memmove.o)
 .ARM.attributes
                0x000005ec       0x2d c:/stm32toolchain/gcc-arm/bin/../lib/gcc/arm-none-eabi/5.4.1/../../../../arm-none-eabi/lib/armv7-m\libg_nano.a(lib_a-nano-freer.o)
 .ARM.attributes
                0x00000619       0x2d c:/stm32toolchain/gcc-arm/bin/../lib/gcc/arm-none-eabi/5.4.1/../../../../arm-none-eabi/lib/armv7-m\libg_nano.a(lib_a-nano-mallocr.o)
 .ARM.attributes
                0x00000646       0x2d c:/stm32toolchain/gcc-arm/bin/../lib/gcc/arm-none-eabi/5.4.1/../../../../arm-none-eabi/lib/armv7-m\libg_nano.a(lib_a-nano-reallocr.o)
 .ARM.attributes
                0x00000673       0x2d c:/stm32toolchain/gcc-arm/bin/../lib/gcc/arm-none-eabi/5.4.1/../../../../arm-none-eabi/lib/armv7-m\libg_nano.a(lib_a-sbrkr.o)
 .ARM.attributes
                0x000006a0       0x2d c:/stm32toolchain/gcc-arm/bin/../lib/gcc/arm-none-eabi/5.4.1/../../../../arm-none-eabi/lib/armv7-m\libg_nano.a(lib_a-mlock.o)
 .ARM.attributes
                0x000006cd       0x2d c:/stm32toolchain/gcc-arm/bin/../lib/gcc/arm-none-eabi/5.4.1/../../../../arm-none-eabi/lib/armv7-m\libg_nano.a(lib_a-nano-msizer.o)

.debug
 *(.debug)

.line
 *(.line)

.debug_srcinfo
 *(.debug_srcinfo)

.debug_sfnames
 *(.debug_sfnames)

.debug_aranges  0x00000000      0xa70
 *(.debug_aranges)
 .debug_aranges
                0x00000000       0xb0 ./system/src/stm32l1xx/stm32l1xx_hal.o
 .debug_aranges
                0x000000b0       0x98 ./system/src/stm32l1xx/stm32l1xx_hal_cortex.o
 .debug_aranges
                0x00000148       0x58 ./system/src/stm32l1xx/stm32l1xx_hal_gpio.o
 .debug_aranges
                0x000001a0      0x268 ./system/src/stm32l1xx/stm32l1xx_hal_i2c.o
 .debug_aranges
                0x00000408       0x50 ./system/src/stm32l1xx/stm32l1xx_hal_pwr_ex.o
 .debug_aranges
                0x00000458       0x90 ./system/src/stm32l1xx/stm32l1xx_hal_rcc.o
 .debug_aranges
                0x000004e8      0x150 ./system/src/stm32l1xx/stm32l1xx_hal_uart.o
 .debug_aranges
                0x00000638       0x28 ./system/src/newlib/_exit.o
 .debug_aranges
                0x00000660       0x20 ./system/src/newlib/_sbrk.o
 .debug_aranges
                0x00000680       0x40 ./system/src/newlib/_startup.o
 .debug_aranges
                0x000006c0       0x30 ./system/src/newlib/_syscalls.o
 .debug_aranges
                0x000006f0       0x38 ./system/src/diag/Trace.o
 .debug_aranges
                0x00000728       0x28 ./system/src/diag/trace_impl.o
 .debug_aranges
                0x00000750       0x28 ./system/src/cortexm/_initialize_hardware.o
 .debug_aranges
                0x00000778       0x88 ./system/src/cortexm/exception_handlers.o
 .debug_aranges
                0x00000800       0x28 ./system/src/cmsis/startup_stm32l162xd.o
 .debug_aranges
                0x00000828       0x28 ./system/src/cmsis/system_stm32l1xx.o
 .debug_aranges
                0x00000850       0xe8 ./src/BNO055.o
 .debug_aranges
                0x00000938       0x90 ./src/main.o
 .debug_aranges
                0x000009c8       0x40 ./src/stm32l1xx_hal_msp.o
 .debug_aranges
                0x00000a08       0x68 ./src/stm32l1xx_it.o

.debug_pubnames
 *(.debug_pubnames)

.debug_info     0x00000000     0xc983
 *(.debug_info .gnu.linkonce.wi.*)
 .debug_info    0x00000000      0x63b ./system/src/stm32l1xx/stm32l1xx_hal.o
 .debug_info    0x0000063b      0xde7 ./system/src/stm32l1xx/stm32l1xx_hal_cortex.o
 .debug_info    0x00001422      0x5e7 ./system/src/stm32l1xx/stm32l1xx_hal_gpio.o
 .debug_info    0x00001a09     0x2d01 ./system/src/stm32l1xx/stm32l1xx_hal_i2c.o
 .debug_info    0x0000470a      0x338 ./system/src/stm32l1xx/stm32l1xx_hal_pwr_ex.o
 .debug_info    0x00004a42     0x16af ./system/src/stm32l1xx/stm32l1xx_hal_rcc.o
 .debug_info    0x000060f1     0x1176 ./system/src/stm32l1xx/stm32l1xx_hal_uart.o
 .debug_info    0x00007267       0xef ./system/src/newlib/_exit.o
 .debug_info    0x00007356      0x11f ./system/src/newlib/_sbrk.o
 .debug_info    0x00007475      0x454 ./system/src/newlib/_startup.o
 .debug_info    0x000078c9      0x1c7 ./system/src/newlib/_syscalls.o
 .debug_info    0x00007a90      0x2e7 ./system/src/diag/Trace.o
 .debug_info    0x00007d77      0x114 ./system/src/diag/trace_impl.o
 .debug_info    0x00007e8b      0x2b1 ./system/src/cortexm/_initialize_hardware.o
 .debug_info    0x0000813c      0x79d ./system/src/cortexm/exception_handlers.o
 .debug_info    0x000088d9       0x7d ./system/src/cmsis/startup_stm32l162xd.o
 .debug_info    0x00008956      0x417 ./system/src/cmsis/system_stm32l1xx.o
 .debug_info    0x00008d6d     0x1385 ./src/BNO055.o
 .debug_info    0x0000a0f2     0x192e ./src/main.o
 .debug_info    0x0000ba20      0xdbc ./src/stm32l1xx_hal_msp.o
 .debug_info    0x0000c7dc      0x1a7 ./src/stm32l1xx_it.o

.debug_abbrev   0x00000000     0x2076
 *(.debug_abbrev)
 .debug_abbrev  0x00000000      0x1c1 ./system/src/stm32l1xx/stm32l1xx_hal.o
 .debug_abbrev  0x000001c1      0x2e2 ./system/src/stm32l1xx/stm32l1xx_hal_cortex.o
 .debug_abbrev  0x000004a3      0x1cd ./system/src/stm32l1xx/stm32l1xx_hal_gpio.o
 .debug_abbrev  0x00000670      0x226 ./system/src/stm32l1xx/stm32l1xx_hal_i2c.o
 .debug_abbrev  0x00000896      0x149 ./system/src/stm32l1xx/stm32l1xx_hal_pwr_ex.o
 .debug_abbrev  0x000009df      0x2a1 ./system/src/stm32l1xx/stm32l1xx_hal_rcc.o
 .debug_abbrev  0x00000c80      0x228 ./system/src/stm32l1xx/stm32l1xx_hal_uart.o
 .debug_abbrev  0x00000ea8       0x8e ./system/src/newlib/_exit.o
 .debug_abbrev  0x00000f36       0xb9 ./system/src/newlib/_sbrk.o
 .debug_abbrev  0x00000fef      0x1ac ./system/src/newlib/_startup.o
 .debug_abbrev  0x0000119b       0xec ./system/src/newlib/_syscalls.o
 .debug_abbrev  0x00001287      0x156 ./system/src/diag/Trace.o
 .debug_abbrev  0x000013dd       0xb4 ./system/src/diag/trace_impl.o
 .debug_abbrev  0x00001491       0xea ./system/src/cortexm/_initialize_hardware.o
 .debug_abbrev  0x0000157b      0x1d4 ./system/src/cortexm/exception_handlers.o
 .debug_abbrev  0x0000174f       0x12 ./system/src/cmsis/startup_stm32l162xd.o
 .debug_abbrev  0x00001761      0x104 ./system/src/cmsis/system_stm32l1xx.o
 .debug_abbrev  0x00001865      0x2d0 ./src/BNO055.o
 .debug_abbrev  0x00001b35      0x2e0 ./src/main.o
 .debug_abbrev  0x00001e15      0x18f ./src/stm32l1xx_hal_msp.o
 .debug_abbrev  0x00001fa4       0xd2 ./src/stm32l1xx_it.o

.debug_line     0x00000000     0x7aa9
 *(.debug_line)
 .debug_line    0x00000000      0x685 ./system/src/stm32l1xx/stm32l1xx_hal.o
 .debug_line    0x00000685      0x6fb ./system/src/stm32l1xx/stm32l1xx_hal_cortex.o
 .debug_line    0x00000d80      0x68d ./system/src/stm32l1xx/stm32l1xx_hal_gpio.o
 .debug_line    0x0000140d     0x1567 ./system/src/stm32l1xx/stm32l1xx_hal_i2c.o
 .debug_line    0x00002974      0x608 ./system/src/stm32l1xx/stm32l1xx_hal_pwr_ex.o
 .debug_line    0x00002f7c      0xb37 ./system/src/stm32l1xx/stm32l1xx_hal_rcc.o
 .debug_line    0x00003ab3      0xb91 ./system/src/stm32l1xx/stm32l1xx_hal_uart.o
 .debug_line    0x00004644      0x2c0 ./system/src/newlib/_exit.o
 .debug_line    0x00004904      0x272 ./system/src/newlib/_sbrk.o
 .debug_line    0x00004b76      0x328 ./system/src/newlib/_startup.o
 .debug_line    0x00004e9e      0x36e ./system/src/newlib/_syscalls.o
 .debug_line    0x0000520c      0x32c ./system/src/diag/Trace.o
 .debug_line    0x00005538      0x370 ./system/src/diag/trace_impl.o
 .debug_line    0x000058a8      0x188 ./system/src/cortexm/_initialize_hardware.o
 .debug_line    0x00005a30      0x45c ./system/src/cortexm/exception_handlers.o
 .debug_line    0x00005e8c       0x86 ./system/src/cmsis/startup_stm32l162xd.o
 .debug_line    0x00005f12      0x18c ./system/src/cmsis/system_stm32l1xx.o
 .debug_line    0x0000609e      0x7be ./src/BNO055.o
 .debug_line    0x0000685c      0x6da ./src/main.o
 .debug_line    0x00006f36      0x5a2 ./src/stm32l1xx_hal_msp.o
 .debug_line    0x000074d8      0x5d1 ./src/stm32l1xx_it.o

.debug_frame    0x00000000     0x1d14
 *(.debug_frame)
 .debug_frame   0x00000000      0x168 ./system/src/stm32l1xx/stm32l1xx_hal.o
 .debug_frame   0x00000168      0x134 ./system/src/stm32l1xx/stm32l1xx_hal_cortex.o
 .debug_frame   0x0000029c       0xc4 ./system/src/stm32l1xx/stm32l1xx_hal_gpio.o
 .debug_frame   0x00000360      0x808 ./system/src/stm32l1xx/stm32l1xx_hal_i2c.o
 .debug_frame   0x00000b68       0x80 ./system/src/stm32l1xx/stm32l1xx_hal_pwr_ex.o
 .debug_frame   0x00000be8      0x168 ./system/src/stm32l1xx/stm32l1xx_hal_rcc.o
 .debug_frame   0x00000d50      0x378 ./system/src/stm32l1xx/stm32l1xx_hal_uart.o
 .debug_frame   0x000010c8       0x38 ./system/src/newlib/_exit.o
 .debug_frame   0x00001100       0x28 ./system/src/newlib/_sbrk.o
 .debug_frame   0x00001128       0x7c ./system/src/newlib/_startup.o
 .debug_frame   0x000011a4       0x50 ./system/src/newlib/_syscalls.o
 .debug_frame   0x000011f4       0x94 ./system/src/diag/Trace.o
 .debug_frame   0x00001288       0x30 ./system/src/diag/trace_impl.o
 .debug_frame   0x000012b8       0x40 ./system/src/cortexm/_initialize_hardware.o
 .debug_frame   0x000012f8      0x144 ./system/src/cortexm/exception_handlers.o
 .debug_frame   0x0000143c       0x30 ./system/src/cmsis/system_stm32l1xx.o
 .debug_frame   0x0000146c      0x2ac ./src/BNO055.o
 .debug_frame   0x00001718      0x198 ./src/main.o
 .debug_frame   0x000018b0       0x98 ./src/stm32l1xx_hal_msp.o
 .debug_frame   0x00001948       0xc0 ./src/stm32l1xx_it.o
 .debug_frame   0x00001a08       0x20 c:/stm32toolchain/gcc-arm/bin/../lib/gcc/arm-none-eabi/5.4.1/../../../../arm-none-eabi/lib/armv7-m\libg_nano.a(lib_a-errno.o)
 .debug_frame   0x00001a28       0x28 c:/stm32toolchain/gcc-arm/bin/../lib/gcc/arm-none-eabi/5.4.1/../../../../arm-none-eabi/lib/armv7-m\libg_nano.a(lib_a-memcpy-stub.o)
 .debug_frame   0x00001a50       0x20 c:/stm32toolchain/gcc-arm/bin/../lib/gcc/arm-none-eabi/5.4.1/../../../../arm-none-eabi/lib/armv7-m\libg_nano.a(lib_a-memset.o)
 .debug_frame   0x00001a70       0x48 c:/stm32toolchain/gcc-arm/bin/../lib/gcc/arm-none-eabi/5.4.1/../../../../arm-none-eabi/lib/armv7-m\libg_nano.a(lib_a-vsnprintf.o)
 .debug_frame   0x00001ab8       0x90 c:/stm32toolchain/gcc-arm/bin/../lib/gcc/arm-none-eabi/5.4.1/../../../../arm-none-eabi/lib/armv7-m\libg_nano.a(lib_a-nano-svfprintf.o)
 .debug_frame   0x00001b48       0x60 c:/stm32toolchain/gcc-arm/bin/../lib/gcc/arm-none-eabi/5.4.1/../../../../arm-none-eabi/lib/armv7-m\libg_nano.a(lib_a-nano-vfprintf_i.o)
 .debug_frame   0x00001ba8       0x28 c:/stm32toolchain/gcc-arm/bin/../lib/gcc/arm-none-eabi/5.4.1/../../../../arm-none-eabi/lib/armv7-m\libg_nano.a(lib_a-memchr-stub.o)
 .debug_frame   0x00001bd0       0x28 c:/stm32toolchain/gcc-arm/bin/../lib/gcc/arm-none-eabi/5.4.1/../../../../arm-none-eabi/lib/armv7-m\libg_nano.a(lib_a-memmove.o)
 .debug_frame   0x00001bf8       0x38 c:/stm32toolchain/gcc-arm/bin/../lib/gcc/arm-none-eabi/5.4.1/../../../../arm-none-eabi/lib/armv7-m\libg_nano.a(lib_a-nano-freer.o)
 .debug_frame   0x00001c30       0x2c c:/stm32toolchain/gcc-arm/bin/../lib/gcc/arm-none-eabi/5.4.1/../../../../arm-none-eabi/lib/armv7-m\libg_nano.a(lib_a-nano-mallocr.o)
 .debug_frame   0x00001c5c       0x3c c:/stm32toolchain/gcc-arm/bin/../lib/gcc/arm-none-eabi/5.4.1/../../../../arm-none-eabi/lib/armv7-m\libg_nano.a(lib_a-nano-reallocr.o)
 .debug_frame   0x00001c98       0x2c c:/stm32toolchain/gcc-arm/bin/../lib/gcc/arm-none-eabi/5.4.1/../../../../arm-none-eabi/lib/armv7-m\libg_nano.a(lib_a-sbrkr.o)
 .debug_frame   0x00001cc4       0x30 c:/stm32toolchain/gcc-arm/bin/../lib/gcc/arm-none-eabi/5.4.1/../../../../arm-none-eabi/lib/armv7-m\libg_nano.a(lib_a-mlock.o)
 .debug_frame   0x00001cf4       0x20 c:/stm32toolchain/gcc-arm/bin/../lib/gcc/arm-none-eabi/5.4.1/../../../../arm-none-eabi/lib/armv7-m\libg_nano.a(lib_a-nano-msizer.o)

.debug_str      0x00000000    0x90b21
 *(.debug_str)
 .debug_str     0x00000000    0x8ab53 ./system/src/stm32l1xx/stm32l1xx_hal.o
                              0x8aef5 (size before relaxing)
 .debug_str     0x0008ab53      0x3ac ./system/src/stm32l1xx/stm32l1xx_hal_cortex.o
                              0x8aff8 (size before relaxing)
 .debug_str     0x0008aeff      0x2c5 ./system/src/stm32l1xx/stm32l1xx_hal_gpio.o
                              0x8aad4 (size before relaxing)
 .debug_str     0x0008b1c4      0xea7 ./system/src/stm32l1xx/stm32l1xx_hal_i2c.o
                              0x8b6fc (size before relaxing)
 .debug_str     0x0008c06b      0x118 ./system/src/stm32l1xx/stm32l1xx_hal_pwr_ex.o
                              0x8a8aa (size before relaxing)
 .debug_str     0x0008c183      0x536 ./system/src/stm32l1xx/stm32l1xx_hal_rcc.o
                              0x8ae63 (size before relaxing)
 .debug_str     0x0008c6b9      0x50c ./system/src/stm32l1xx/stm32l1xx_hal_uart.o
                              0x8af35 (size before relaxing)
 .debug_str     0x0008cbc5     0x10b6 ./system/src/newlib/_exit.o
                               0x6e41 (size before relaxing)
 .debug_str     0x0008dc7b      0x4de ./system/src/newlib/_sbrk.o
                               0x622c (size before relaxing)
 .debug_str     0x0008e159      0x260 ./system/src/newlib/_startup.o
                               0x5de1 (size before relaxing)
 .debug_str     0x0008e3b9      0xe18 ./system/src/newlib/_syscalls.o
                               0x708c (size before relaxing)
 .debug_str     0x0008f1d1      0x176 ./system/src/diag/Trace.o
                               0x7631 (size before relaxing)
 .debug_str     0x0008f347       0x4b ./system/src/diag/trace_impl.o
                              0x554a0 (size before relaxing)
 .debug_str     0x0008f392       0x5e ./system/src/cortexm/_initialize_hardware.o
                              0x51982 (size before relaxing)
 .debug_str     0x0008f3f0      0x1e5 ./system/src/cortexm/exception_handlers.o
                              0x56301 (size before relaxing)
 .debug_str     0x0008f5d5       0x98 ./system/src/cmsis/system_stm32l1xx.o
                              0x51a3d (size before relaxing)
 .debug_str     0x0008f66d     0x1218 ./src/BNO055.o
                              0x8be3c (size before relaxing)
 .debug_str     0x00090885      0x244 ./src/main.o
                              0x8c5ff (size before relaxing)
 .debug_str     0x00090ac9       0x1b ./src/stm32l1xx_hal_msp.o
                              0x8b236 (size before relaxing)
 .debug_str     0x00090ae4       0x3d ./src/stm32l1xx_it.o
                              0x8a84e (size before relaxing)

.debug_loc      0x00000000     0x5e02
 *(.debug_loc)
 .debug_loc     0x00000000       0x6a ./system/src/stm32l1xx/stm32l1xx_hal.o
 .debug_loc     0x0000006a      0x527 ./system/src/stm32l1xx/stm32l1xx_hal_cortex.o
 .debug_loc     0x00000591      0x315 ./system/src/stm32l1xx/stm32l1xx_hal_gpio.o
 .debug_loc     0x000008a6     0x2917 ./system/src/stm32l1xx/stm32l1xx_hal_i2c.o
 .debug_loc     0x000031bd       0xac ./system/src/stm32l1xx/stm32l1xx_hal_pwr_ex.o
 .debug_loc     0x00003269      0xc24 ./system/src/stm32l1xx/stm32l1xx_hal_rcc.o
 .debug_loc     0x00003e8d     0x1009 ./system/src/stm32l1xx/stm32l1xx_hal_uart.o
 .debug_loc     0x00004e96       0x82 ./system/src/newlib/_sbrk.o
 .debug_loc     0x00004f18      0x265 ./system/src/newlib/_startup.o
 .debug_loc     0x0000517d       0x63 ./system/src/newlib/_syscalls.o
 .debug_loc     0x000051e0      0x102 ./system/src/diag/Trace.o
 .debug_loc     0x000052e2       0x21 ./system/src/diag/trace_impl.o
 .debug_loc     0x00005303      0x184 ./system/src/cortexm/exception_handlers.o
 .debug_loc     0x00005487      0x16b ./system/src/cmsis/system_stm32l1xx.o
 .debug_loc     0x000055f2      0x545 ./src/BNO055.o
 .debug_loc     0x00005b37      0x20a ./src/main.o
 .debug_loc     0x00005d41       0xc1 ./src/stm32l1xx_hal_msp.o

.debug_macinfo
 *(.debug_macinfo)

.debug_weaknames
 *(.debug_weaknames)

.debug_funcnames
 *(.debug_funcnames)

.debug_typenames
 *(.debug_typenames)

.debug_varnames
 *(.debug_varnames)
OUTPUT(SENSORMAPPING.elf elf32-littlearm)

.debug_ranges   0x00000000      0x958
 .debug_ranges  0x00000000       0xa0 ./system/src/stm32l1xx/stm32l1xx_hal.o
 .debug_ranges  0x000000a0       0x88 ./system/src/stm32l1xx/stm32l1xx_hal_cortex.o
 .debug_ranges  0x00000128       0x48 ./system/src/stm32l1xx/stm32l1xx_hal_gpio.o
 .debug_ranges  0x00000170      0x258 ./system/src/stm32l1xx/stm32l1xx_hal_i2c.o
 .debug_ranges  0x000003c8       0x40 ./system/src/stm32l1xx/stm32l1xx_hal_pwr_ex.o
 .debug_ranges  0x00000408       0x98 ./system/src/stm32l1xx/stm32l1xx_hal_rcc.o
 .debug_ranges  0x000004a0      0x140 ./system/src/stm32l1xx/stm32l1xx_hal_uart.o
 .debug_ranges  0x000005e0       0x18 ./system/src/newlib/_exit.o
 .debug_ranges  0x000005f8       0x10 ./system/src/newlib/_sbrk.o
 .debug_ranges  0x00000608       0x48 ./system/src/newlib/_startup.o
 .debug_ranges  0x00000650       0x20 ./system/src/newlib/_syscalls.o
 .debug_ranges  0x00000670       0x28 ./system/src/diag/Trace.o
 .debug_ranges  0x00000698       0x18 ./system/src/diag/trace_impl.o
 .debug_ranges  0x000006b0       0x18 ./system/src/cortexm/_initialize_hardware.o
 .debug_ranges  0x000006c8       0x78 ./system/src/cortexm/exception_handlers.o
 .debug_ranges  0x00000740       0x20 ./system/src/cmsis/startup_stm32l162xd.o
 .debug_ranges  0x00000760       0x18 ./system/src/cmsis/system_stm32l1xx.o
 .debug_ranges  0x00000778       0xd8 ./src/BNO055.o
 .debug_ranges  0x00000850       0x80 ./src/main.o
 .debug_ranges  0x000008d0       0x30 ./src/stm32l1xx_hal_msp.o
 .debug_ranges  0x00000900       0x58 ./src/stm32l1xx_it.o

.debug_macro    0x00000000    0x19243
 .debug_macro   0x00000000      0x2e0 ./system/src/stm32l1xx/stm32l1xx_hal.o
 .debug_macro   0x000002e0      0x874 ./system/src/stm32l1xx/stm32l1xx_hal.o
 .debug_macro   0x00000b54       0x9a ./system/src/stm32l1xx/stm32l1xx_hal.o
 .debug_macro   0x00000bee       0x88 ./system/src/stm32l1xx/stm32l1xx_hal.o
 .debug_macro   0x00000c76       0x2e ./system/src/stm32l1xx/stm32l1xx_hal.o
 .debug_macro   0x00000ca4       0x22 ./system/src/stm32l1xx/stm32l1xx_hal.o
 .debug_macro   0x00000cc6      0x34e ./system/src/stm32l1xx/stm32l1xx_hal.o
 .debug_macro   0x00001014       0x34 ./system/src/stm32l1xx/stm32l1xx_hal.o
 .debug_macro   0x00001048       0x34 ./system/src/stm32l1xx/stm32l1xx_hal.o
 .debug_macro   0x0000107c      0xcb4 ./system/src/stm32l1xx/stm32l1xx_hal.o
 .debug_macro   0x00001d30     0xcf09 ./system/src/stm32l1xx/stm32l1xx_hal.o
 .debug_macro   0x0000ec39       0x43 ./system/src/stm32l1xx/stm32l1xx_hal.o
 .debug_macro   0x0000ec7c     0x339f ./system/src/stm32l1xx/stm32l1xx_hal.o
 .debug_macro   0x0001201b       0x22 ./system/src/stm32l1xx/stm32l1xx_hal.o
 .debug_macro   0x0001203d       0x4c ./system/src/stm32l1xx/stm32l1xx_hal.o
 .debug_macro   0x00012089       0x8d ./system/src/stm32l1xx/stm32l1xx_hal.o
 .debug_macro   0x00012116       0x35 ./system/src/stm32l1xx/stm32l1xx_hal.o
 .debug_macro   0x0001214b       0x9c ./system/src/stm32l1xx/stm32l1xx_hal.o
 .debug_macro   0x000121e7       0x16 ./system/src/stm32l1xx/stm32l1xx_hal.o
 .debug_macro   0x000121fd       0x4a ./system/src/stm32l1xx/stm32l1xx_hal.o
 .debug_macro   0x00012247       0x97 ./system/src/stm32l1xx/stm32l1xx_hal.o
 .debug_macro   0x000122de      0x30d ./system/src/stm32l1xx/stm32l1xx_hal.o
 .debug_macro   0x000125eb       0xfd ./system/src/stm32l1xx/stm32l1xx_hal.o
 .debug_macro   0x000126e8       0x10 ./system/src/stm32l1xx/stm32l1xx_hal.o
 .debug_macro   0x000126f8       0x52 ./system/src/stm32l1xx/stm32l1xx_hal.o
 .debug_macro   0x0001274a       0x1f ./system/src/stm32l1xx/stm32l1xx_hal.o
 .debug_macro   0x00012769       0x43 ./system/src/stm32l1xx/stm32l1xx_hal.o
 .debug_macro   0x000127ac       0x20 ./system/src/stm32l1xx/stm32l1xx_hal.o
 .debug_macro   0x000127cc      0x187 ./system/src/stm32l1xx/stm32l1xx_hal.o
 .debug_macro   0x00012953       0x10 ./system/src/stm32l1xx/stm32l1xx_hal.o
 .debug_macro   0x00012963       0x5e ./system/src/stm32l1xx/stm32l1xx_hal.o
 .debug_macro   0x000129c1       0x1c ./system/src/stm32l1xx/stm32l1xx_hal.o
 .debug_macro   0x000129dd       0x52 ./system/src/stm32l1xx/stm32l1xx_hal.o
 .debug_macro   0x00012a2f       0x40 ./system/src/stm32l1xx/stm32l1xx_hal.o
 .debug_macro   0x00012a6f       0x10 ./system/src/stm32l1xx/stm32l1xx_hal.o
 .debug_macro   0x00012a7f       0x40 ./system/src/stm32l1xx/stm32l1xx_hal.o
 .debug_macro   0x00012abf       0xd7 ./system/src/stm32l1xx/stm32l1xx_hal.o
 .debug_macro   0x00012b96       0x16 ./system/src/stm32l1xx/stm32l1xx_hal.o
 .debug_macro   0x00012bac      0x18b ./system/src/stm32l1xx/stm32l1xx_hal.o
 .debug_macro   0x00012d37       0x57 ./system/src/stm32l1xx/stm32l1xx_hal.o
 .debug_macro   0x00012d8e      0xe3f ./system/src/stm32l1xx/stm32l1xx_hal.o
 .debug_macro   0x00013bcd      0x435 ./system/src/stm32l1xx/stm32l1xx_hal.o
 .debug_macro   0x00014002      0x141 ./system/src/stm32l1xx/stm32l1xx_hal.o
 .debug_macro   0x00014143       0xd4 ./system/src/stm32l1xx/stm32l1xx_hal.o
 .debug_macro   0x00014217      0x25d ./system/src/stm32l1xx/stm32l1xx_hal.o
 .debug_macro   0x00014474      0x23c ./system/src/stm32l1xx/stm32l1xx_hal.o
 .debug_macro   0x000146b0      0x115 ./system/src/stm32l1xx/stm32l1xx_hal.o
 .debug_macro   0x000147c5      0x486 ./system/src/stm32l1xx/stm32l1xx_hal.o
 .debug_macro   0x00014c4b      0x225 ./system/src/stm32l1xx/stm32l1xx_hal.o
 .debug_macro   0x00014e70      0x1ef ./system/src/stm32l1xx/stm32l1xx_hal.o
 .debug_macro   0x0001505f       0x22 ./system/src/stm32l1xx/stm32l1xx_hal.o
 .debug_macro   0x00015081      0x287 ./system/src/stm32l1xx/stm32l1xx_hal.o
 .debug_macro   0x00015308      0x47f ./system/src/stm32l1xx/stm32l1xx_hal.o
 .debug_macro   0x00015787      0x2bc ./system/src/stm32l1xx/stm32l1xx_hal_cortex.o
 .debug_macro   0x00015a43      0x2f5 ./system/src/stm32l1xx/stm32l1xx_hal_gpio.o
 .debug_macro   0x00015d38      0x30a ./system/src/stm32l1xx/stm32l1xx_hal_i2c.o
 .debug_macro   0x00016042      0x2bc ./system/src/stm32l1xx/stm32l1xx_hal_pwr_ex.o
 .debug_macro   0x000162fe      0x2f8 ./system/src/stm32l1xx/stm32l1xx_hal_rcc.o
 .debug_macro   0x000165f6      0x2bd ./system/src/stm32l1xx/stm32l1xx_hal_uart.o
 .debug_macro   0x000168b3      0x19c ./system/src/newlib/_exit.o
 .debug_macro   0x00016a4f      0x10e ./system/src/newlib/_exit.o
 .debug_macro   0x00016b5d       0x8d ./system/src/newlib/_exit.o
 .debug_macro   0x00016bea       0x35 ./system/src/newlib/_exit.o
 .debug_macro   0x00016c1f      0x151 ./system/src/newlib/_sbrk.o
 .debug_macro   0x00016d70      0x174 ./system/src/newlib/_sbrk.o
 .debug_macro   0x00016ee4       0x10 ./system/src/newlib/_sbrk.o
 .debug_macro   0x00016ef4      0x23b ./system/src/newlib/_sbrk.o
 .debug_macro   0x0001712f      0x15b ./system/src/newlib/_startup.o
 .debug_macro   0x0001728a      0x1ff ./system/src/newlib/_syscalls.o
 .debug_macro   0x00017489       0x1c ./system/src/newlib/_syscalls.o
 .debug_macro   0x000174a5       0x10 ./system/src/newlib/_syscalls.o
 .debug_macro   0x000174b5       0x10 ./system/src/newlib/_syscalls.o
 .debug_macro   0x000174c5       0x10 ./system/src/newlib/_syscalls.o
 .debug_macro   0x000174d5       0x35 ./system/src/newlib/_syscalls.o
 .debug_macro   0x0001750a      0x122 ./system/src/newlib/_syscalls.o
 .debug_macro   0x0001762c       0x88 ./system/src/newlib/_syscalls.o
 .debug_macro   0x000176b4       0x2b ./system/src/newlib/_syscalls.o
 .debug_macro   0x000176df      0x118 ./system/src/newlib/_syscalls.o
 .debug_macro   0x000177f7      0x159 ./system/src/newlib/_syscalls.o
 .debug_macro   0x00017950       0x16 ./system/src/newlib/_syscalls.o
 .debug_macro   0x00017966      0x1d9 ./system/src/diag/Trace.o
 .debug_macro   0x00017b3f       0x4c ./system/src/diag/Trace.o
 .debug_macro   0x00017b8b       0x16 ./system/src/diag/Trace.o
 .debug_macro   0x00017ba1      0x1d0 ./system/src/diag/trace_impl.o
 .debug_macro   0x00017d71       0x10 ./system/src/diag/trace_impl.o
 .debug_macro   0x00017d81       0xcf ./system/src/diag/trace_impl.o
 .debug_macro   0x00017e50       0xbe ./system/src/diag/trace_impl.o
 .debug_macro   0x00017f0e       0x8a ./system/src/cortexm/_initialize_hardware.o
 .debug_macro   0x00017f98      0x221 ./system/src/cortexm/exception_handlers.o
 .debug_macro   0x000181b9       0x3a ./system/src/cortexm/exception_handlers.o
 .debug_macro   0x000181f3       0x22 ./system/src/cortexm/exception_handlers.o
 .debug_macro   0x00018215       0x10 ./system/src/cortexm/exception_handlers.o
 .debug_macro   0x00018225       0x92 ./system/src/cmsis/system_stm32l1xx.o
 .debug_macro   0x000182b7      0x2d2 ./src/BNO055.o
 .debug_macro   0x00018589      0x423 ./src/BNO055.o
 .debug_macro   0x000189ac       0x22 ./src/BNO055.o
 .debug_macro   0x000189ce      0x2f3 ./src/main.o
 .debug_macro   0x00018cc1      0x2bc ./src/stm32l1xx_hal_msp.o
 .debug_macro   0x00018f7d      0x2c6 ./src/stm32l1xx_it.o
